<html>
<body>
<pre>
<h1>µVision Build Log</h1>
<h2>Tool Versions:</h2>
IDE-Version: ¦ÌVision V5.39.0.0
Copyright (C) 2023 ARM Ltd and ARM Germany GmbH. All rights reserved.
License Information: 1 3070146989@qq.com, 1, LIC=65ISZ-JT5C0-12MLE-5N4NX-BAKNK-E3DBT
 
Tool Versions:
Toolchain:       MDK-ARM Plus  Version: 5.39.0.0
Toolchain Path:  E:\solftwares\keil_v5\ARM\ARMCC\Bin
C Compiler:      Armcc.exe V5.06 update 7 (build 960)
Assembler:       Armasm.exe V5.06 update 7 (build 960)
Linker/Locator:  ArmLink.exe V5.06 update 7 (build 960)
Library Manager: ArmAr.exe V5.06 update 7 (build 960)
Hex Converter:   FromElf.exe V5.06 update 7 (build 960)
CPU DLL:         SARMCM3.DLL V5.39.0.0
Dialog DLL:      DCM.DLL V1.17.5.0
Target DLL:      UL2CM3.DLL V1.164.9.0
Dialog DLL:      TCM.DLL V1.56.4.0
 
<h2>Project:</h2>
E:\MCU_code\F429IGT6\IoT_gateway\USER\gateway.uvprojx
Project File Date:  03/28/2026

<h2>Output:</h2>
*** Using Compiler 'V5.06 update 7 (build 960)', folder: 'E:\solftwares\keil_v5\ARM\ARMCC\Bin'
Build target 'gateway'
compiling protocol_onenet.c...
..\PROTOCOL\protocol_onenet.h(10): warning:  #1-D: last line of file ends without a newline
  #endif // PROTOCOL_ONENET_H
..\PROTOCOL\protocol_onenet.c: 1 warning, 0 errors
compiling ota.c...
compiling main.c...
main.c(150): warning:  #111-D: statement is unreachable
      return 0;
main.c(191): warning:  #177-D: variable "link_status"  was declared but never referenced
      bool  link_status; // WiFi é“¾è·¯çŠ¶æ€?
main.c(241): warning:  #177-D: variable "dht11_data"  was declared but never referenced
      DHT11_Data_t dht11_data;
main.c: 3 warnings, 0 errors
linking...
Program Size: Code=69284 RO-data=20008 RW-data=404 ZI-data=2110972  
FromELF: creating hex file...
"..\OBJ\loT_gataway.axf" - 0 Error(s), 4 Warning(s).

<h2>Software Packages used:</h2>

Package Vendor: Keil
                https://www.keil.com/pack/Keil.STM32F4xx_DFP.2.17.1.pack
                Keil::STM32F4xx_DFP@2.17.1
                STMicroelectronics STM32F4 Series Device Support, Drivers and Examples

<h2>Collection of Component include folders:</h2>
  E:/solftwares/keil_v5/ARM/PACK/Keil/STM32F4xx_DFP/2.17.1/Drivers/CMSIS/Device/ST/STM32F4xx/Include

<h2>Collection of Component Files used:</h2>
Build Time Elapsed:  00:00:02
</pre>
</body>
</html>
