Component: ARM Compiler 5.06 update 7 (build 960) Tool: armlink [4d3601]

==============================================================================

Section Cross References

    main.o(i.ConfigureTimeForRunTimeStats) refers to stm32f4xx_hal_tim.o(i.HAL_TIM_Base_Init) for HAL_TIM_Base_Init
    main.o(i.ConfigureTimeForRunTimeStats) refers to stm32f4xx_hal_tim.o(i.HAL_TIM_ConfigClockSource) for HAL_TIM_ConfigClockSource
    main.o(i.ConfigureTimeForRunTimeStats) refers to stm32f4xx_hal_tim_ex.o(i.HAL_TIMEx_MasterConfigSynchronization) for HAL_TIMEx_MasterConfigSynchronization
    main.o(i.ConfigureTimeForRunTimeStats) refers to stm32f4xx_hal_tim.o(i.HAL_TIM_Base_Start) for HAL_TIM_Base_Start
    main.o(i.ConfigureTimeForRunTimeStats) refers to main.o(.bss) for .bss
    main.o(i.GetTimerCounterValue) refers to main.o(.bss) for .bss
    main.o(i.ap3216c_task) refers to ap3216c.o(i.AP3216C_ReadData) for AP3216C_ReadData
    main.o(i.ap3216c_task) refers to queue.o(i.xQueueGenericSend) for xQueueGenericSend
    main.o(i.ap3216c_task) refers to tasks.o(i.vTaskDelay) for vTaskDelay
    main.o(i.ap3216c_task) refers to main.o(.data) for .data
    main.o(i.data_process_task) refers to tasks.o(i.vTaskDelay) for vTaskDelay
    main.o(i.dht11_task) refers to tasks.o(i.vTaskDelay) for vTaskDelay
    main.o(i.init_task) refers to lcd.o(i.LCD_Init) for LCD_Init
    main.o(i.init_task) refers to pcf8574.o(i.PCF8574_Init) for PCF8574_Init
    main.o(i.init_task) refers to pcf8574.o(i.PCF8574_ReadBit) for PCF8574_ReadBit
    main.o(i.init_task) refers to lcd.o(i.LCD_ShowString) for LCD_ShowString
    main.o(i.init_task) refers to delay.o(i.delay_xms) for delay_xms
    main.o(i.init_task) refers to ap3216c.o(i.AP3216C_Init) for AP3216C_Init
    main.o(i.init_task) refers to printfa.o(i.__0printf) for __2printf
    main.o(i.init_task) refers to atk_mw8266d.o(i.atk_mw8266d_init) for atk_mw8266d_init
    main.o(i.init_task) refers to delay.o(i.delay_ms) for delay_ms
    main.o(i.init_task) refers to atk_mw8266d.o(i.atk_mw8266d_restore) for atk_mw8266d_restore
    main.o(i.init_task) refers to atk_mw8266d.o(i.atk_mw8266d_at_test) for atk_mw8266d_at_test
    main.o(i.init_task) refers to atk_mw8266d.o(i.atk_mw8266d_set_mode) for atk_mw8266d_set_mode
    main.o(i.init_task) refers to atk_mw8266d.o(i.atk_mw8266d_sw_reset) for atk_mw8266d_sw_reset
    main.o(i.init_task) refers to atk_mw8266d.o(i.atk_mw8266d_ate_config) for atk_mw8266d_ate_config
    main.o(i.init_task) refers to atk_mw8266d.o(i.atk_mw8266d_join_ap) for atk_mw8266d_join_ap
    main.o(i.init_task) refers to atk_mw8266d.o(i.atk_mw8266d_get_ip) for atk_mw8266d_get_ip
    main.o(i.init_task) refers to atk_mw8266d_uart.o(i.atk_mw8266d_uart_rx_restart) for atk_mw8266d_uart_rx_restart
    main.o(i.init_task) refers to tasks.o(i.vTaskDelete) for vTaskDelete
    main.o(i.init_task) refers to lcd.o(.data) for POINT_COLOR
    main.o(i.lcd_task) refers to queue.o(i.xQueueGenericReceive) for xQueueGenericReceive
    main.o(i.lcd_task) refers to lcd.o(i.LCD_Fill) for LCD_Fill
    main.o(i.lcd_task) refers to lcd.o(i.LCD_ShowNum) for LCD_ShowNum
    main.o(i.lcd_task) refers to queue.o(i.xQueueGenericSend) for xQueueGenericSend
    main.o(i.lcd_task) refers to tasks.o(i.vTaskDelay) for vTaskDelay
    main.o(i.lcd_task) refers to main.o(.data) for .data
    main.o(i.main) refers to stm32f4xx_hal.o(i.HAL_Init) for HAL_Init
    main.o(i.main) refers to stm32f4xx_hal_cortex.o(i.HAL_NVIC_SetPriorityGrouping) for HAL_NVIC_SetPriorityGrouping
    main.o(i.main) refers to sys.o(i.Stm32_Clock_Init) for Stm32_Clock_Init
    main.o(i.main) refers to delay.o(i.delay_init) for delay_init
    main.o(i.main) refers to usart.o(i.uart_init) for uart_init
    main.o(i.main) refers to led.o(i.LED_Init) for LED_Init
    main.o(i.main) refers to key.o(i.KEY_Init) for KEY_Init
    main.o(i.main) refers to sdram.o(i.SDRAM_Init) for SDRAM_Init
    main.o(i.main) refers to printfa.o(i.__0printf) for __2printf
    main.o(i.main) refers to tasks.o(i.xTaskCreate) for xTaskCreate
    main.o(i.main) refers to tasks.o(i.vTaskStartScheduler) for vTaskStartScheduler
    main.o(i.main) refers to main.o(.data) for .data
    main.o(i.main) refers to main.o(i.start_task) for start_task
    main.o(i.net_task) refers to memcpya.o(.text) for __aeabi_memcpy4
    main.o(i.net_task) refers to key.o(i.KEY_Scan) for KEY_Scan
    main.o(i.net_task) refers to tasks.o(i.xTaskGetTickCount) for xTaskGetTickCount
    main.o(i.net_task) refers to printfa.o(i.__0printf) for __2printf
    main.o(i.net_task) refers to mqttconnectclient.o(i.MQTTSerialize_disconnect) for MQTTSerialize_disconnect
    main.o(i.net_task) refers to transport.o(i.transport_sendPacketBuffer) for transport_sendPacketBuffer
    main.o(i.net_task) refers to transport.o(i.transport_close) for transport_close
    main.o(i.net_task) refers to atk_mw8266d.o(i.atk_mw8266d_get_ip) for atk_mw8266d_get_ip
[...]
    OTG_HS_WKUP_IRQHandler                   0x08000297   Thumb Code     0  startup_stm32f429xx.o(.text)
    PVD_IRQHandler                           0x08000297   Thumb Code     0  startup_stm32f429xx.o(.text)
    RCC_IRQHandler                           0x08000297   Thumb Code     0  startup_stm32f429xx.o(.text)
    RTC_Alarm_IRQHandler                     0x08000297   Thumb Code     0  startup_stm32f429xx.o(.text)
    RTC_WKUP_IRQHandler                      0x08000297   Thumb Code     0  startup_stm32f429xx.o(.text)
    SAI1_IRQHandler                          0x08000297   Thumb Code     0  startup_stm32f429xx.o(.text)
    SDIO_IRQHandler                          0x08000297   Thumb Code     0  startup_stm32f429xx.o(.text)
    SPI1_IRQHandler                          0x08000297   Thumb Code     0  startup_stm32f429xx.o(.text)
    SPI2_IRQHandler                          0x08000297   Thumb Code     0  startup_stm32f429xx.o(.text)
    SPI3_IRQHandler                          0x08000297   Thumb Code     0  startup_stm32f429xx.o(.text)
    SPI4_IRQHandler                          0x08000297   Thumb Code     0  startup_stm32f429xx.o(.text)
    SPI5_IRQHandler                          0x08000297   Thumb Code     0  startup_stm32f429xx.o(.text)
    SPI6_IRQHandler                          0x08000297   Thumb Code     0  startup_stm32f429xx.o(.text)
    TAMP_STAMP_IRQHandler                    0x08000297   Thumb Code     0  startup_stm32f429xx.o(.text)
    TIM1_BRK_TIM9_IRQHandler                 0x08000297   Thumb Code     0  startup_stm32f429xx.o(.text)
    TIM1_CC_IRQHandler                       0x08000297   Thumb Code     0  startup_stm32f429xx.o(.text)
    TIM1_TRG_COM_TIM11_IRQHandler            0x08000297   Thumb Code     0  startup_stm32f429xx.o(.text)
    TIM1_UP_TIM10_IRQHandler                 0x08000297   Thumb Code     0  startup_stm32f429xx.o(.text)
    TIM2_IRQHandler                          0x08000297   Thumb Code     0  startup_stm32f429xx.o(.text)
    TIM3_IRQHandler                          0x08000297   Thumb Code     0  startup_stm32f429xx.o(.text)
    TIM4_IRQHandler                          0x08000297   Thumb Code     0  startup_stm32f429xx.o(.text)
    TIM5_IRQHandler                          0x08000297   Thumb Code     0  startup_stm32f429xx.o(.text)
    TIM6_DAC_IRQHandler                      0x08000297   Thumb Code     0  startup_stm32f429xx.o(.text)
    TIM7_IRQHandler                          0x08000297   Thumb Code     0  startup_stm32f429xx.o(.text)
    TIM8_BRK_TIM12_IRQHandler                0x08000297   Thumb Code     0  startup_stm32f429xx.o(.text)
    TIM8_CC_IRQHandler                       0x08000297   Thumb Code     0  startup_stm32f429xx.o(.text)
    TIM8_TRG_COM_TIM14_IRQHandler            0x08000297   Thumb Code     0  startup_stm32f429xx.o(.text)
    TIM8_UP_TIM13_IRQHandler                 0x08000297   Thumb Code     0  startup_stm32f429xx.o(.text)
    UART4_IRQHandler                         0x08000297   Thumb Code     0  startup_stm32f429xx.o(.text)
    UART5_IRQHandler                         0x08000297   Thumb Code     0  startup_stm32f429xx.o(.text)
    UART7_IRQHandler                         0x08000297   Thumb Code     0  startup_stm32f429xx.o(.text)
    UART8_IRQHandler                         0x08000297   Thumb Code     0  startup_stm32f429xx.o(.text)
    USART3_IRQHandler                        0x08000297   Thumb Code     0  startup_stm32f429xx.o(.text)
    USART6_IRQHandler                        0x08000297   Thumb Code     0  startup_stm32f429xx.o(.text)
    WWDG_IRQHandler                          0x08000297   Thumb Code     0  startup_stm32f429xx.o(.text)
    __aeabi_memcpy                           0x080002a1   Thumb Code    36  memcpya.o(.text)
    __aeabi_memcpy4                          0x080002a1   Thumb Code     0  memcpya.o(.text)
    __aeabi_memcpy8                          0x080002a1   Thumb Code     0  memcpya.o(.text)
    __aeabi_memset                           0x080002c5   Thumb Code    14  memseta.o(.text)
    __aeabi_memset4                          0x080002c5   Thumb Code     0  memseta.o(.text)
    __aeabi_memset8                          0x080002c5   Thumb Code     0  memseta.o(.text)
    __aeabi_memclr                           0x080002d3   Thumb Code     4  memseta.o(.text)
    __aeabi_memclr4                          0x080002d3   Thumb Code     0  memseta.o(.text)
    __aeabi_memclr8                          0x080002d3   Thumb Code     0  memseta.o(.text)
    _memset$wrapper                          0x080002d7   Thumb Code    18  memseta.o(.text)
    strstr                                   0x080002e9   Thumb Code    36  strstr.o(.text)
    strlen                                   0x0800030d   Thumb Code    14  strlen.o(.text)
    strcpy                                   0x0800031b   Thumb Code    18  strcpy.o(.text)
    __0sscanf                                0x0800032d   Thumb Code    48  __0sscanf.o(.text)
    _scanf_real                              0x0800048d   Thumb Code     0  scanf_fp.o(.text)
    _scanf_really_real                       0x0800048d   Thumb Code   556  scanf_fp.o(.text)
    atoi                                     0x080006c5   Thumb Code    26  atoi.o(.text)
    __aeabi_dadd                             0x080006df   Thumb Code   322  dadd.o(.text)
    __aeabi_dsub                             0x08000821   Thumb Code     6  dadd.o(.text)
    __aeabi_drsub                            0x08000827   Thumb Code     6  dadd.o(.text)
    __aeabi_dmul                             0x0800082d   Thumb Code   228  dmul.o(.text)
    __aeabi_ui2d                             0x08000911   Thumb Code    26  dfltui.o(.text)
    __aeabi_d2iz                             0x0800092b   Thumb Code    62  dfixi.o(.text)
    __aeabi_d2uiz                            0x08000969   Thumb Code    50  dfixui.o(.text)
    __aeabi_cdcmpeq                          0x0800099d   Thumb Code     0  cdcmple.o(.text)
    __aeabi_cdcmple                          0x0800099d   Thumb Code    48  cdcmple.o(.text)
    __aeabi_cdrcmple                         0x080009cd   Thumb Code    48  cdrcmple.o(.text)
    __aeabi_uidiv                            0x080009fd   Thumb Code     0  uidiv.o(.text)
    __aeabi_uidivmod                         0x080009fd   Thumb Code    44  uidiv.o(.text)
    __aeabi_uldivmod                         0x08000a29   Thumb Code    98  uldiv.o(.text)
    __aeabi_llsl                             0x08000a8b   Thumb Code    30  llshl.o(.text)
    _ll_shift_l                              0x08000a8b   Thumb Code     0  llshl.o(.text)
    __aeabi_llsr                             0x08000aa9   Thumb Code    32  llushr.o(.text)
    _ll_ushift_r                             0x08000aa9   Thumb Code     0  llushr.o(.text)
    __aeabi_lasr                             0x08000ac9   Thumb Code    36  llsshr.o(.text)
    _ll_sshift_r                             0x08000ac9   Thumb Code     0  llsshr.o(.text)
    __vfscanf_char                           0x08000af9   Thumb Code    20  scanf_char.o(.text)
    _sgetc                                   0x08000b15   Thumb Code    30  _sgetc.o(.text)
    _sbackspace                              0x08000b33   Thumb Code    34  _sgetc.o(.text)
    strtol                                   0x08000b55   Thumb Code   112  strtol.o(.text)
    __I$use$fp                               0x08000bc5   Thumb Code     0  iusefp.o(.text)
    _double_round                            0x08000bc5   Thumb Code    30  depilogue.o(.text)
    _double_epilogue                         0x08000be3   Thumb Code   156  depilogue.o(.text)
    __aeabi_ddiv                             0x08000c7f   Thumb Code   222  ddiv.o(.text)
    __aeabi_ul2d                             0x08000d5d   Thumb Code    24  dfltul.o(.text)
    __aeabi_d2ulz                            0x08000d75   Thumb Code    48  dfixul.o(.text)
    __aeabi_d2f                              0x08000da5   Thumb Code    56  d2f.o(.text)
    __scatterload                            0x08000ddd   Thumb Code    28  init.o(.text)
    __scatterload_rt2                        0x08000ddd   Thumb Code     0  init.o(.text)
    __rt_ctype_table                         0x08000e01   Thumb Code     4  ctype_o.o(.text)
    isspace                                  0x08000e09   Thumb Code    18  isspace_o.o(.text)
    __vfscanf                                0x08000e1d   Thumb Code   810  _scanf.o(.text)
    _strtoul                                 0x0800114d   Thumb Code   158  _strtoul.o(.text)
    _float_round                             0x080011eb   Thumb Code    18  fepilogue.o(.text)
    _float_epilogue                          0x080011fd   Thumb Code    92  fepilogue.o(.text)
    _chval                                   0x08001259   Thumb Code    28  _chval.o(.text)
    __decompress                             0x08001275   Thumb Code     0  __dczerorl2.o(.text)
    __decompress1                            0x08001275   Thumb Code    86  __dczerorl2.o(.text)
    AP3216C_Init                             0x080012cb   Thumb Code    46  ap3216c.o(i.AP3216C_Init)
    AP3216C_ReadData                         0x080012f9   Thumb Code    98  ap3216c.o(i.AP3216C_ReadData)
    AP3216C_ReadOneByte                      0x0800135b   Thumb Code    58  ap3216c.o(i.AP3216C_ReadOneByte)
    AP3216C_WriteOneByte                     0x08001395   Thumb Code    60  ap3216c.o(i.AP3216C_WriteOneByte)
    BusFault_Handler                         0x080013d1   Thumb Code     2  stm32f4xx_it.o(i.BusFault_Handler)
    ConfigureTimeForRunTimeStats             0x080013d5   Thumb Code    96  main.o(i.ConfigureTimeForRunTimeStats)
    DebugMon_Handler                         0x0800143d   Thumb Code     2  stm32f4xx_it.o(i.DebugMon_Handler)
    FMC_NORSRAM_Extended_Timing_Init         0x08001441   Thumb Code    60  stm32f4xx_ll_fmc.o(i.FMC_NORSRAM_Extended_Timing_Init)
    FMC_NORSRAM_Init                         0x08001481   Thumb Code   110  stm32f4xx_ll_fmc.o(i.FMC_NORSRAM_Init)
    FMC_NORSRAM_Timing_Init                  0x080014f9   Thumb Code    86  stm32f4xx_ll_fmc.o(i.FMC_NORSRAM_Timing_Init)
    FMC_SDRAM_Init                           0x08001555   Thumb Code    76  stm32f4xx_ll_fmc.o(i.FMC_SDRAM_Init)
    FMC_SDRAM_ProgramRefreshRate             0x080015a1   Thumb Code    12  stm32f4xx_ll_fmc.o(i.FMC_SDRAM_ProgramRefreshRate)
    FMC_SDRAM_SendCommand                    0x080015ad   Thumb Code    72  stm32f4xx_ll_fmc.o(i.FMC_SDRAM_SendCommand)
    FMC_SDRAM_Timing_Init                    0x080015f5   Thumb Code   124  stm32f4xx_ll_fmc.o(i.FMC_SDRAM_Timing_Init)
    GetTimerCounterValue                     0x08001671   Thumb Code     8  main.o(i.GetTimerCounterValue)
    HAL_GPIO_Init                            0x0800167d   Thumb Code   422  stm32f4xx_hal_gpio.o(i.HAL_GPIO_Init)
    HAL_GPIO_ReadPin                         0x08001859   Thumb Code    10  stm32f4xx_hal_gpio.o(i.HAL_GPIO_ReadPin)
    HAL_GPIO_WritePin                        0x08001863   Thumb Code    10  stm32f4xx_hal_gpio.o(i.HAL_GPIO_WritePin)
    HAL_GetTick                              0x0800186d   Thumb Code     6  stm32f4xx_hal.o(i.HAL_GetTick)
    HAL_IncTick                              0x08001879   Thumb Code    10  stm32f4xx_hal.o(i.HAL_IncTick)
    HAL_Init                                 0x08001889   Thumb Code    48  stm32f4xx_hal.o(i.HAL_Init)
    HAL_InitTick                             0x080018bd   Thumb Code    34  stm32f4xx_hal.o(i.HAL_InitTick)
    HAL_LTDC_ConfigLayer                     0x080018df   Thumb Code    82  stm32f4xx_hal_ltdc.o(i.HAL_LTDC_ConfigLayer)
    HAL_LTDC_Init                            0x08001931   Thumb Code   248  stm32f4xx_hal_ltdc.o(i.HAL_LTDC_Init)
    HAL_LTDC_MspInit                         0x08001a2d   Thumb Code   218  ltdc.o(i.HAL_LTDC_MspInit)
    HAL_LTDC_SetWindowPosition               0x08001b21   Thumb Code    84  stm32f4xx_hal_ltdc.o(i.HAL_LTDC_SetWindowPosition)
    HAL_LTDC_SetWindowSize                   0x08001b75   Thumb Code    84  stm32f4xx_hal_ltdc.o(i.HAL_LTDC_SetWindowSize)
    HAL_MspInit                              0x08001bc9   Thumb Code     8  stm32f4xx_hal.o(i.HAL_MspInit)
    HAL_NVIC_EnableIRQ                       0x08001bd1   Thumb Code    22  stm32f4xx_hal_cortex.o(i.HAL_NVIC_EnableIRQ)
    HAL_NVIC_SetPriority                     0x08001be9   Thumb Code    60  stm32f4xx_hal_cortex.o(i.HAL_NVIC_SetPriority)
    HAL_NVIC_SetPriorityGrouping             0x08001c29   Thumb Code    26  stm32f4xx_hal_cortex.o(i.HAL_NVIC_SetPriorityGrouping)
    HAL_PWREx_EnableOverDrive                0x08001c4d   Thumb Code   122  stm32f4xx_hal_pwr_ex.o(i.HAL_PWREx_EnableOverDrive)
    HAL_RCCEx_PeriphCLKConfig                0x08001cd5   Thumb Code   644  stm32f4xx_hal_rcc_ex.o(i.HAL_RCCEx_PeriphCLKConfig)
    HAL_RCC_ClockConfig                      0x08001f7d   Thumb Code   512  stm32f4xx_hal_rcc.o(i.HAL_RCC_ClockConfig)
    HAL_RCC_GetHCLKFreq                      0x08002185   Thumb Code    38  stm32f4xx_hal_rcc.o(i.HAL_RCC_GetHCLKFreq)
    HAL_RCC_GetPCLK1Freq                     0x080021b9   Thumb Code    36  stm32f4xx_hal_rcc.o(i.HAL_RCC_GetPCLK1Freq)
    HAL_RCC_GetPCLK2Freq                     0x080021e5   Thumb Code    36  stm32f4xx_hal_rcc.o(i.HAL_RCC_GetPCLK2Freq)
    HAL_RCC_GetSysClockFreq                  0x08002211   Thumb Code   104  stm32f4xx_hal_rcc.o(i.HAL_RCC_GetSysClockFreq)
    HAL_RCC_OscConfig                        0x08002285   Thumb Code   774  stm32f4xx_hal_rcc.o(i.HAL_RCC_OscConfig)
    HAL_SDRAM_Init                           0x080025a1   Thumb Code    66  stm32f4xx_hal_sdram.o(i.HAL_SDRAM_Init)
    HAL_SDRAM_MspInit                        0x080025e5   Thumb Code   194  sdram.o(i.HAL_SDRAM_MspInit)
    HAL_SDRAM_ProgramRefreshRate             0x080026c1   Thumb Code    34  stm32f4xx_hal_sdram.o(i.HAL_SDRAM_ProgramRefreshRate)
    HAL_SDRAM_SendCommand                    0x080026e3   Thumb Code    46  stm32f4xx_hal_sdram.o(i.HAL_SDRAM_SendCommand)
    HAL_SRAM_Init                            0x08002711   Thumb Code    86  stm32f4xx_hal_sram.o(i.HAL_SRAM_Init)
    HAL_SRAM_MspInit                         0x08002769   Thumb Code   106  lcd.o(i.HAL_SRAM_MspInit)
    HAL_SYSTICK_CLKSourceConfig              0x080027e1   Thumb Code    24  stm32f4xx_hal_cortex.o(i.HAL_SYSTICK_CLKSourceConfig)
    HAL_SYSTICK_Config                       0x080027f9   Thumb Code    40  stm32f4xx_hal_cortex.o(i.HAL_SYSTICK_Config)
    HAL_TIMEx_MasterConfigSynchronization    0x08002821   Thumb Code    80  stm32f4xx_hal_tim_ex.o(i.HAL_TIMEx_MasterConfigSynchronization)
    HAL_TIM_Base_Init                        0x08002871   Thumb Code    54  stm32f4xx_hal_tim.o(i.HAL_TIM_Base_Init)
    HAL_TIM_Base_MspInit                     0x080028a7   Thumb Code     2  stm32f4xx_hal_tim.o(i.HAL_TIM_Base_MspInit)
    HAL_TIM_Base_Start                       0x080028a9   Thumb Code    26  stm32f4xx_hal_tim.o(i.HAL_TIM_Base_Start)
    HAL_TIM_ConfigClockSource                0x080028c3   Thumb Code   240  stm32f4xx_hal_tim.o(i.HAL_TIM_ConfigClockSource)
    HAL_UART_ErrorCallback                   0x080029b3   Thumb Code     2  stm32f4xx_hal_uart.o(i.HAL_UART_ErrorCallback)
    HAL_UART_GetState                        0x080029b5   Thumb Code     6  stm32f4xx_hal_uart.o(i.HAL_UART_GetState)
    HAL_UART_IRQHandler                      0x080029bb   Thumb Code   244  stm32f4xx_hal_uart.o(i.HAL_UART_IRQHandler)
    HAL_UART_Init                            0x08002aaf   Thumb Code    94  stm32f4xx_hal_uart.o(i.HAL_UART_Init)
    HAL_UART_MspInit                         0x08002b0d   Thumb Code   252  usart.o(i.HAL_UART_MspInit)
    HAL_UART_Receive_IT                      0x08002c19   Thumb Code   104  stm32f4xx_hal_uart.o(i.HAL_UART_Receive_IT)
    HAL_UART_RxCpltCallback                  0x08002c81   Thumb Code    76  usart.o(i.HAL_UART_RxCpltCallback)
    HAL_UART_Transmit                        0x08002cd9   Thumb Code   200  stm32f4xx_hal_uart.o(i.HAL_UART_Transmit)
    HAL_UART_TxCpltCallback                  0x08002da1   Thumb Code     2  stm32f4xx_hal_uart.o(i.HAL_UART_TxCpltCallback)
    HardFault_Handler                        0x08002da3   Thumb Code     2  stm32f4xx_it.o(i.HardFault_Handler)
    IIC_Ack                                  0x08002da5   Thumb Code    56  myiic.o(i.IIC_Ack)
    IIC_Init                                 0x08002de5   Thumb Code    58  myiic.o(i.IIC_Init)
    IIC_NAck                                 0x08002e2d   Thumb Code    56  myiic.o(i.IIC_NAck)
    IIC_Read_Byte                            0x08002e6d   Thumb Code    96  myiic.o(i.IIC_Read_Byte)
    IIC_Send_Byte                            0x08002ed5   Thumb Code    86  myiic.o(i.IIC_Send_Byte)
    IIC_Start                                0x08002f35   Thumb Code    56  myiic.o(i.IIC_Start)
    IIC_Stop                                 0x08002f75   Thumb Code    56  myiic.o(i.IIC_Stop)
    IIC_Wait_Ack                             0x08002fb5   Thumb Code    74  myiic.o(i.IIC_Wait_Ack)
    KEY_Init                                 0x08003009   Thumb Code   110  key.o(i.KEY_Init)
    KEY_Scan                                 0x08003089   Thumb Code   200  key.o(i.KEY_Scan)
    LCD_Clear                                0x08003161   Thumb Code    58  lcd.o(i.LCD_Clear)
    LCD_Display_Dir                          0x080031a9   Thumb Code   256  lcd.o(i.LCD_Display_Dir)
    LCD_Fast_DrawPoint                       0x080032b1   Thumb Code   214  lcd.o(i.LCD_Fast_DrawPoint)
    LCD_Fill                                 0x08003395   Thumb Code    86  lcd.o(i.LCD_Fill)
    LCD_Init                                 0x080033f5   Thumb Code 11032  lcd.o(i.LCD_Init)
    LCD_Pow                                  0x08005f11   Thumb Code    16  lcd.o(i.LCD_Pow)
    LCD_RD_DATA                              0x08005f21   Thumb Code    16  lcd.o(i.LCD_RD_DATA)
    LCD_SSD_BackLightSet                     0x08005f35   Thumb Code    72  lcd.o(i.LCD_SSD_BackLightSet)
    LCD_Scan_Dir                             0x08005f85   Thumb Code   414  lcd.o(i.LCD_Scan_Dir)
    LCD_SetCursor                            0x08006129   Thumb Code   236  lcd.o(i.LCD_SetCursor)
    LCD_ShowChar                             0x08006219   Thumb Code   196  lcd.o(i.LCD_ShowChar)
    LCD_ShowNum                              0x080062f5   Thumb Code   118  lcd.o(i.LCD_ShowNum)
    LCD_ShowString                           0x0800636b   Thumb Code    84  lcd.o(i.LCD_ShowString)
    LCD_WR_DATA                              0x080063c1   Thumb Code    20  lcd.o(i.LCD_WR_DATA)
    LCD_WR_REG                               0x080063d9   Thumb Code    20  lcd.o(i.LCD_WR_REG)
    LCD_WriteRAM_Prepare                     0x080063f1   Thumb Code    10  lcd.o(i.LCD_WriteRAM_Prepare)
    LCD_WriteReg                             0x08006405   Thumb Code    10  lcd.o(i.LCD_WriteReg)
    LED_Init                                 0x08006415   Thumb Code    68  led.o(i.LED_Init)
    LTDC_Clear                               0x08006461   Thumb Code    28  ltdc.o(i.LTDC_Clear)
    LTDC_Clk_Set                             0x08006481   Thumb Code    30  ltdc.o(i.LTDC_Clk_Set)
    LTDC_Display_Dir                         0x080064a1   Thumb Code    34  ltdc.o(i.LTDC_Display_Dir)
    LTDC_Draw_Point                          0x080064c9   Thumb Code    52  ltdc.o(i.LTDC_Draw_Point)
    LTDC_Fill                                0x08006505   Thumb Code   162  ltdc.o(i.LTDC_Fill)
    LTDC_Init                                0x080065b9   Thumb Code   494  ltdc.o(i.LTDC_Init)
    LTDC_Layer_Parameter_Config              0x080067c1   Thumb Code    86  ltdc.o(i.LTDC_Layer_Parameter_Config)
    LTDC_Layer_Window_Config                 0x0800681d   Thumb Code    32  ltdc.o(i.LTDC_Layer_Window_Config)
    LTDC_PanelID_Read                        0x08006841   Thumb Code   170  ltdc.o(i.LTDC_PanelID_Read)
    MQTTDeserialize_connack                  0x08006a5b   Thumb Code    92  mqttconnectclient.o(i.MQTTDeserialize_connack)
    MQTTDeserialize_publish                  0x08006ab7   Thumb Code   140  mqttdeserializepublish.o(i.MQTTDeserialize_publish)
    MQTTDeserialize_suback                   0x08006b43   Thumb Code   124  mqttsubscribeclient.o(i.MQTTDeserialize_suback)
    MQTTPacket_decode                        0x08006bbf   Thumb Code    54  mqttpacket.o(i.MQTTPacket_decode)
    MQTTPacket_decodeBuf                     0x08006bf5   Thumb Code    10  mqttpacket.o(i.MQTTPacket_decodeBuf)
    MQTTPacket_encode                        0x08006c09   Thumb Code    40  mqttpacket.o(i.MQTTPacket_encode)
    MQTTPacket_len                           0x08006c31   Thumb Code    34  mqttpacket.o(i.MQTTPacket_len)
    MQTTPacket_read                          0x08006c59   Thumb Code    78  mqttpacket.o(i.MQTTPacket_read)
    MQTTSerialize_ack                        0x08006ca7   Thumb Code    72  mqttserializepublish.o(i.MQTTSerialize_ack)
    MQTTSerialize_connect                    0x08006cf1   Thumb Code   262  mqttconnectclient.o(i.MQTTSerialize_connect)
    MQTTSerialize_connectLength              0x08006e09   Thumb Code   118  mqttconnectclient.o(i.MQTTSerialize_connectLength)
    MQTTSerialize_disconnect                 0x08006e7f   Thumb Code     6  mqttconnectclient.o(i.MQTTSerialize_disconnect)
    MQTTSerialize_pingreq                    0x08006e85   Thumb Code     6  mqttconnectclient.o(i.MQTTSerialize_pingreq)
    MQTTSerialize_publish                    0x08006e8b   Thumb Code   134  mqttserializepublish.o(i.MQTTSerialize_publish)
    MQTTSerialize_publishLength              0x08006f11   Thumb Code    30  mqttserializepublish.o(i.MQTTSerialize_publishLength)
    MQTTSerialize_subscribe                  0x08006f2f   Thumb Code   140  mqttsubscribeclient.o(i.MQTTSerialize_subscribe)
    MQTTSerialize_subscribeLength            0x08006fbb   Thumb Code    44  mqttsubscribeclient.o(i.MQTTSerialize_subscribeLength)
    MQTTSerialize_zero                       0x08006fe7   Thumb Code    50  mqttconnectclient.o(i.MQTTSerialize_zero)
    MQTTstrlen                               0x08007019   Thumb Code    14  mqttpacket.o(i.MQTTstrlen)
    MemManage_Handler                        0x08007027   Thumb Code     2  stm32f4xx_it.o(i.MemManage_Handler)
    NMI_Handler                              0x08007029   Thumb Code     2  stm32f4xx_it.o(i.NMI_Handler)
    PCF8574_Init                             0x0800704d   Thumb Code    84  pcf8574.o(i.PCF8574_Init)
    PCF8574_ReadBit                          0x080070a9   Thumb Code    24  pcf8574.o(i.PCF8574_ReadBit)
    PCF8574_ReadOneByte                      0x080070c1   Thumb Code    32  pcf8574.o(i.PCF8574_ReadOneByte)
    PCF8574_WriteOneByte                     0x080070e1   Thumb Code    42  pcf8574.o(i.PCF8574_WriteOneByte)
    SDRAM_Init                               0x0800710d   Thumb Code    86  sdram.o(i.SDRAM_Init)
    SDRAM_Initialization_Sequence            0x0800716d   Thumb Code    74  sdram.o(i.SDRAM_Initialization_Sequence)
    SDRAM_Send_Cmd                           0x080071bd   Thumb Code    48  sdram.o(i.SDRAM_Send_Cmd)
    Stm32_Clock_Init                         0x080071f1   Thumb Code   122  sys.o(i.Stm32_Clock_Init)
    SysTick_Handler                          0x08007275   Thumb Code    22  delay.o(i.SysTick_Handler)
    SystemInit                               0x0800728d   Thumb Code    66  system_stm32f4xx.o(i.SystemInit)
    TIM_Base_SetConfig                       0x080072e1   Thumb Code   148  stm32f4xx_hal_tim.o(i.TIM_Base_SetConfig)
    USART1_IRQHandler                        0x0800771d   Thumb Code    56  usart.o(i.USART1_IRQHandler)
    USART2_IRQHandler                        0x08007761   Thumb Code   178  atk_mw8266d_uart.o(i.USART2_IRQHandler)
    UsageFault_Handler                       0x08007825   Thumb Code     2  stm32f4xx_it.o(i.UsageFault_Handler)
    __0printf                                0x08007829   Thumb Code    22  printfa.o(i.__0printf)
    __1printf                                0x08007829   Thumb Code     0  printfa.o(i.__0printf)
    __2printf                                0x08007829   Thumb Code     0  printfa.o(i.__0printf)
    __c89printf                              0x08007829   Thumb Code     0  printfa.o(i.__0printf)
    printf                                   0x08007829   Thumb Code     0  printfa.o(i.__0printf)
    __0sprintf                               0x08007849   Thumb Code    34  printfa.o(i.__0sprintf)
    __1sprintf                               0x08007849   Thumb Code     0  printfa.o(i.__0sprintf)
    __2sprintf                               0x08007849   Thumb Code     0  printfa.o(i.__0sprintf)
    __c89sprintf                             0x08007849   Thumb Code     0  printfa.o(i.__0sprintf)
    sprintf                                  0x08007849   Thumb Code     0  printfa.o(i.__0sprintf)
    __0vsprintf                              0x08007871   Thumb Code    30  printfa.o(i.__0vsprintf)
    __1vsprintf                              0x08007871   Thumb Code     0  printfa.o(i.__0vsprintf)
    __2vsprintf                              0x08007871   Thumb Code     0  printfa.o(i.__0vsprintf)
    __c89vsprintf                            0x08007871   Thumb Code     0  printfa.o(i.__0vsprintf)
    vsprintf                                 0x08007871   Thumb Code     0  printfa.o(i.__0vsprintf)
    __aeabi_errno_addr                       0x08007895   Thumb Code     4  errno.o(i.__aeabi_errno_addr)
    __rt_errno_addr                          0x08007895   Thumb Code     0  errno.o(i.__aeabi_errno_addr)
    free                                     0x0800789d   Thumb Code    88  mallocr.o(i.__free$realloc)
    __hardfp_fabs                            0x080078f9   Thumb Code    20  fabs.o(i.__hardfp_fabs)
    malloc                                   0x0800790d   Thumb Code    64  mallocr.o(i.__malloc$realloc)
    __scatterload_copy                       0x0800795d   Thumb Code    14  handlers.o(i.__scatterload_copy)
    __scatterload_null                       0x0800796b   Thumb Code     2  handlers.o(i.__scatterload_null)
    __scatterload_zeroinit                   0x0800796d   Thumb Code    14  handlers.o(i.__scatterload_zeroinit)
    _is_digit                                0x08007b01   Thumb Code    14  scanf_fp.o(i._is_digit)
    ap3216c_task                             0x080082a5   Thumb Code    54  main.o(i.ap3216c_task)
    atk_mw8266d_at_test                      0x080082e1   Thumb Code    34  atk_mw8266d.o(i.atk_mw8266d_at_test)
    atk_mw8266d_ate_config                   0x0800830d   Thumb Code    38  atk_mw8266d.o(i.atk_mw8266d_ate_config)
    atk_mw8266d_connect_tcp_server           0x08008349   Thumb Code    38  atk_mw8266d.o(i.atk_mw8266d_connect_tcp_server)
    atk_mw8266d_enter_unvarnished            0x08008395   Thumb Code    40  atk_mw8266d.o(i.atk_mw8266d_enter_unvarnished)
    atk_mw8266d_exit_unvarnished             0x080083e1   Thumb Code    42  atk_mw8266d.o(i.atk_mw8266d_exit_unvarnished)
    atk_mw8266d_get_ip                       0x08008419   Thumb Code    60  atk_mw8266d.o(i.atk_mw8266d_get_ip)
    atk_mw8266d_hw_reset                     0x0800846d   Thumb Code    46  atk_mw8266d.o(i.atk_mw8266d_hw_reset)
    atk_mw8266d_init                         0x080084a1   Thumb Code   158  atk_mw8266d.o(i.atk_mw8266d_init)
    atk_mw8266d_join_ap                      0x08008565   Thumb Code    38  atk_mw8266d.o(i.atk_mw8266d_join_ap)
    atk_mw8266d_restore                      0x080085ad   Thumb Code    22  atk_mw8266d.o(i.atk_mw8266d_restore)
    atk_mw8266d_send_at_cmd                  0x080085d9   Thumb Code    62  atk_mw8266d.o(i.atk_mw8266d_send_at_cmd)
    atk_mw8266d_set_mode                     0x08008621   Thumb Code    50  atk_mw8266d.o(i.atk_mw8266d_set_mode)
    atk_mw8266d_sw_reset                     0x0800867d   Thumb Code    32  atk_mw8266d.o(i.atk_mw8266d_sw_reset)
    atk_mw8266d_uart_init                    0x080086a9   Thumb Code    52  atk_mw8266d_uart.o(i.atk_mw8266d_uart_init)
    atk_mw8266d_uart_printf                  0x080086e5   Thumb Code    42  atk_mw8266d_uart.o(i.atk_mw8266d_uart_printf)
    atk_mw8266d_uart_rx_get_frame            0x08008715   Thumb Code    26  atk_mw8266d_uart.o(i.atk_mw8266d_uart_rx_get_frame)
    atk_mw8266d_uart_rx_get_frame_len        0x08008735   Thumb Code    20  atk_mw8266d_uart.o(i.atk_mw8266d_uart_rx_get_frame_len)
    atk_mw8266d_uart_rx_restart              0x0800874d   Thumb Code    16  atk_mw8266d_uart.o(i.atk_mw8266d_uart_rx_restart)
    bufchar                                  0x08008761   Thumb Code    28  mqttpacket.o(i.bufchar)
    cJSON_AddNumberToObject                  0x08008781   Thumb Code    42  cjson.o(i.cJSON_AddNumberToObject)
    cJSON_CreateNumber                       0x080087b1   Thumb Code    98  cjson.o(i.cJSON_CreateNumber)
    cJSON_CreateObject                       0x08008829   Thumb Code    18  cjson.o(i.cJSON_CreateObject)
    cJSON_Delete                             0x08008841   Thumb Code    66  cjson.o(i.cJSON_Delete)
    cJSON_InitHooks                          0x08008889   Thumb Code    54  cjson.o(i.cJSON_InitHooks)
    cJSON_PrintPreallocated                  0x080088e9   Thumb Code    66  cjson.o(i.cJSON_PrintPreallocated)
    delay_init                               0x08008a11   Thumb Code    50  delay.o(i.delay_init)
    delay_ms                                 0x08008a49   Thumb Code    52  delay.o(i.delay_ms)
    delay_us                                 0x08008a81   Thumb Code    48  delay.o(i.delay_us)
    delay_xms                                0x08008ab5   Thumb Code    26  delay.o(i.delay_xms)
    dht11_task                               0x08008acf   Thumb Code    12  main.o(i.dht11_task)
    eTaskConfirmSleepModeStatus              0x08008add   Thumb Code    38  tasks.o(i.eTaskConfirmSleepModeStatus)
    eTaskGetState                            0x08008b0d   Thumb Code    90  tasks.o(i.eTaskGetState)
    fputc                                    0x08008c21   Thumb Code    14  usart.o(i.fputc)
    init_task                                0x08008c35   Thumb Code   404  main.o(i.init_task)
    lcd_task                                 0x08008f01   Thumb Code   264  main.o(i.lcd_task)
    main                                     0x0800900d   Thumb Code    84  main.o(i.main)
    net_task                                 0x0800907d   Thumb Code  1646  main.o(i.net_task)
    pvPortMalloc                             0x0800a581   Thumb Code   214  heap_4.o(i.pvPortMalloc)
    pvTaskIncrementMutexHeldCount            0x0800a695   Thumb Code    18  tasks.o(i.pvTaskIncrementMutexHeldCount)
    pxPortInitialiseStack                    0x0800a6ad   Thumb Code    40  port.o(i.pxPortInitialiseStack)
    readChar                                 0x0800a6d9   Thumb Code    12  mqttpacket.o(i.readChar)
    readInt                                  0x0800a6e5   Thumb Code    18  mqttpacket.o(i.readInt)
    readMQTTLenString                        0x0800a6f7   Thumb Code    52  mqttpacket.o(i.readMQTTLenString)
    realloc                                  0x0800a72d   Thumb Code   102  mallocr.o(i.realloc)
    run_time_stats_task                      0x0800a799   Thumb Code    30  main.o(i.run_time_stats_task)
    start_task                               0x0800a7d9   Thumb Code   234  main.o(i.start_task)
    transport_close                          0x0800a949   Thumb Code    40  transport.o(i.transport_close)
    transport_getdata                        0x0800a985   Thumb Code   182  transport.o(i.transport_getdata)
    transport_getdatanb                      0x0800aa41   Thumb Code   110  transport.o(i.transport_getdatanb)
    transport_open                           0x0800aab5   Thumb Code    70  transport.o(i.transport_open)
    transport_sendPacketBuffer               0x0800ab05   Thumb Code    42  transport.o(i.transport_sendPacketBuffer)
    uart_init                                0x0800ab39   Thumb Code    44  usart.o(i.uart_init)
    uxListRemove                             0x0800ab8d   Thumb Code    36  list.o(i.uxListRemove)
    uxTaskGetSystemState                     0x0800abb1   Thumb Code   160  tasks.o(i.uxTaskGetSystemState)
    vListInitialise                          0x0800ac5d   Thumb Code    22  list.o(i.vListInitialise)
    vListInitialiseItem                      0x0800ac73   Thumb Code     6  list.o(i.vListInitialiseItem)
    vListInsert                              0x0800ac79   Thumb Code    48  list.o(i.vListInsert)
    vListInsertEnd                           0x0800aca9   Thumb Code    24  list.o(i.vListInsertEnd)
    vPortEnterCritical                       0x0800acc1   Thumb Code    50  port.o(i.vPortEnterCritical)
    vPortExitCritical                        0x0800ad39   Thumb Code    34  port.o(i.vPortExitCritical)
    vPortFree                                0x0800ad9d   Thumb Code    94  heap_4.o(i.vPortFree)
    vPortSetupTimerInterrupt                 0x0800ae39   Thumb Code    58  port.o(i.vPortSetupTimerInterrupt)
    vPortSuppressTicksAndSleep               0x0800ae7d   Thumb Code   208  port.o(i.vPortSuppressTicksAndSleep)
    vPortValidateInterruptPriority           0x0800af51   Thumb Code    70  port.o(i.vPortValidateInterruptPriority)
    vQueueAddToRegistry                      0x0800afdd   Thumb Code    32  queue.o(i.vQueueAddToRegistry)
    vQueueWaitForMessageRestricted           0x0800b001   Thumb Code    68  queue.o(i.vQueueWaitForMessageRestricted)
    vTaskDelay                               0x0800b045   Thumb Code    62  tasks.o(i.vTaskDelay)
    vTaskDelete                              0x0800b0b1   Thumb Code   152  tasks.o(i.vTaskDelete)
    vTaskGetInfo                             0x0800b17d   Thumb Code   124  tasks.o(i.vTaskGetInfo)
    vTaskGetRunTimeStats                     0x0800b1fd   Thumb Code   146  tasks.o(i.vTaskGetRunTimeStats)
    vTaskMissedYield                         0x0800b2ad   Thumb Code     8  tasks.o(i.vTaskMissedYield)
    vTaskPlaceOnEventList                    0x0800b2b9   Thumb Code    44  tasks.o(i.vTaskPlaceOnEventList)
    vTaskPlaceOnEventListRestricted          0x0800b30d   Thumb Code    52  tasks.o(i.vTaskPlaceOnEventListRestricted)
    vTaskPriorityInherit                     0x0800b369   Thumb Code   124  tasks.o(i.vTaskPriorityInherit)
    vTaskSetTimeOutState                     0x0800b3ed   Thumb Code    30  tasks.o(i.vTaskSetTimeOutState)
    vTaskStartScheduler                      0x0800b435   Thumb Code   100  tasks.o(i.vTaskStartScheduler)
    vTaskStepTick                            0x0800b4cd   Thumb Code    36  tasks.o(i.vTaskStepTick)
    vTaskSuspendAll                          0x0800b519   Thumb Code    10  tasks.o(i.vTaskSuspendAll)
    vTaskSwitchContext                       0x0800b529   Thumb Code   104  tasks.o(i.vTaskSwitchContext)
    writeCString                             0x0800b5bd   Thumb Code    40  mqttpacket.o(i.writeCString)
    writeChar                                0x0800b5e5   Thumb Code    12  mqttpacket.o(i.writeChar)
    writeInt                                 0x0800b5f1   Thumb Code    30  mqttpacket.o(i.writeInt)
    writeMQTTString                          0x0800b60f   Thumb Code    54  mqttpacket.o(i.writeMQTTString)
    xPortStartScheduler                      0x0800b645   Thumb Code   196  port.o(i.xPortStartScheduler)
    xPortSysTickHandler                      0x0800b759   Thumb Code    38  port.o(i.xPortSysTickHandler)
    xQueueCreateMutex                        0x0800b785   Thumb Code    36  queue.o(i.xQueueCreateMutex)
    xQueueGenericCreate                      0x0800b7a9   Thumb Code    82  queue.o(i.xQueueGenericCreate)
    xQueueGenericReceive                     0x0800b821   Thumb Code   348  queue.o(i.xQueueGenericReceive)
    xQueueGenericReset                       0x0800b9a5   Thumb Code   128  queue.o(i.xQueueGenericReset)
    xQueueGenericSend                        0x0800ba4d   Thumb Code   350  queue.o(i.xQueueGenericSend)
    xQueueGenericSendFromISR                 0x0800bbd5   Thumb Code   188  queue.o(i.xQueueGenericSendFromISR)
    xTaskCheckForTimeOut                     0x0800bcb5   Thumb Code    94  tasks.o(i.xTaskCheckForTimeOut)
    xTaskCreate                              0x0800bd3d   Thumb Code    86  tasks.o(i.xTaskCreate)
    xTaskGetSchedulerState                   0x0800bd95   Thumb Code    22  tasks.o(i.xTaskGetSchedulerState)
    xTaskGetTickCount                        0x0800bdb1   Thumb Code     6  tasks.o(i.xTaskGetTickCount)
    xTaskIncrementTick                       0x0800bdbd   Thumb Code   188  tasks.o(i.xTaskIncrementTick)
    xTaskPriorityDisinherit                  0x0800bea5   Thumb Code   136  tasks.o(i.xTaskPriorityDisinherit)
    xTaskRemoveFromEventList                 0x0800bf59   Thumb Code   108  tasks.o(i.xTaskRemoveFromEventList)
    xTaskResumeAll                           0x0800bff5   Thumb Code   180  tasks.o(i.xTaskResumeAll)
    xTimerCreate                             0x0800c0d9   Thumb Code    74  timers.o(i.xTimerCreate)
    xTimerCreateTimerTask                    0x0800c14d   Thumb Code    58  timers.o(i.xTimerCreateTimerTask)
    xTimerGenericCommand                     0x0800c1c1   Thumb Code    98  timers.o(i.xTimerGenericCommand)
    APBAHBPrescTable                         0x0800c2a8   Data          16  stm32f4xx_hal_rcc.o(.constdata)
    asc2_1206                                0x0800c2b8   Data        1140  lcd.o(.constdata)
    asc2_1608                                0x0800c72c   Data        1520  lcd.o(.constdata)
    asc2_2412                                0x0800cd1c   Data        3420  lcd.o(.constdata)
    asc2_3216                                0x0800da78   Data       12160  lcd.o(.constdata)
    __ctype_table                            0x080109f8   Data         129  ctype_o.o(.constdata)
    Region$$Table$$Base                      0x08010a80   Number         0  anon$$obj.o(Region$$Table)
    Region$$Table$$Limit                     0x08010aa0   Number         0  anon$$obj.o(Region$$Table)
    StartTask_Handler                        0x20000010   Data           4  main.o(.data)
    InitTask_Handler                         0x20000014   Data           4  main.o(.data)
    DHT11Task_Handler                        0x20000018   Data           4  main.o(.data)
    AP3216CTask_Handler                      0x2000001c   Data           4  main.o(.data)
    LCDTask_Handler                          0x20000020   Data           4  main.o(.data)
    NETTask_Handler                          0x20000024   Data           4  main.o(.data)
    RunTimeStatsTask_Handler                 0x20000028   Data           4  main.o(.data)
    xDHT11Queue                              0x2000002c   Data           4  main.o(.data)
    xAP3216CQueue                            0x20000030   Data           4  main.o(.data)
    xAP3216CQueueForMQTT                     0x20000034   Data           4  main.o(.data)
    xUartRxQueue                             0x20000038   Data           4  main.o(.data)
    xLCDMutex                                0x2000003c   Data           4  main.o(.data)
    SystemCoreClock                          0x20000040   Data           4  system_stm32f4xx.o(.data)
    AHBPrescTable                            0x20000044   Data          16  system_stm32f4xx.o(.data)
    aRxBuffer                                0x20000060   Data           1  usart.o(.data)
    USART_RX_STA                             0x20000062   Data           2  usart.o(.data)
    __stdout                                 0x20000064   Data           4  usart.o(.data)
    POINT_COLOR                              0x2000006c   Data           4  lcd.o(.data)
    BACK_COLOR                               0x20000070   Data           4  lcd.o(.data)
    ltdc_framebuf                            0x20000074   Data           8  ltdc.o(.data)
    pxCurrentTCB                             0x2000007c   Data           4  tasks.o(.data)
    __microlib_freelist                      0x20000120   Data           4  mvars.o(.data)
    __microlib_freelist_initialised          0x20000124   Data           4  mvars.o(.data)
    ip_buf                                   0x2000012c   Data          16  main.o(.bss)
    htim2                                    0x2000054c   Data          60  main.o(.bss)
    USART_RX_BUF                             0x20000588   Data         200  usart.o(.bss)
    UART1_Handler                            0x20000650   Data          64  usart.o(.bss)
    SRAM_Handler                             0x20000690   Data          80  lcd.o(.bss)
    lcddev                                   0x200006e0   Data          14  lcd.o(.bss)
    SDRAM_Handler                            0x200006f0   Data          52  sdram.o(.bss)
    LTDC_Handler                             0x20000724   Data         168  ltdc.o(.bss)
    lcdltdc                                  0x200007cc   Data          32  ltdc.o(.bss)
    xQueueRegistry                           0x200007ec   Data          64  queue.o(.bss)
    g_uart_handle                            0x2000c53c   Data          64  atk_mw8266d_uart.o(.bss)
    __heap_base                              0x2000c780   Data           0  startup_stm32f429xx.o(HEAP)
    __heap_limit                             0x2000c980   Data           0  startup_stm32f429xx.o(HEAP)
    __initial_sp                             0x2000cd80   Data           0  startup_stm32f429xx.o(STACK)
    ltdc_lcd_framebuf                        0xc0000000   Data       2048000  ltdc.o(.ARM.__AT_0xC0000000)



==============================================================================

Memory Map of the image

  Image Entry point : 0x080001ad

  Load Region LR_IROM1 (Base: 0x08000000, Size: 0x00010bcc, Max: 0x00100000, ABSOLUTE, COMPRESSED[0x00010ad0])

    Execution Region ER_IROM1 (Exec base: 0x08000000, Load base: 0x08000000, Size: 0x00010aa0, Max: 0x00100000, ABSOLUTE)

    Exec Addr    Load Addr    Size         Type   Attr      Idx    E Section Name        Object

    0x08000000   0x08000000   0x000001ac   Data   RO          626    RESET               startup_stm32f429xx.o
    0x080001ac   0x080001ac   0x00000000   Code   RO         7244  * .ARM.Collect$$$$00000000  mc_w.l(entry.o)
    0x080001ac   0x080001ac   0x00000004   Code   RO         7582    .ARM.Collect$$$$00000001  mc_w.l(entry2.o)
    0x080001b0   0x080001b0   0x00000004   Code   RO         7585    .ARM.Collect$$$$00000004  mc_w.l(entry5.o)
    0x080001b4   0x080001b4   0x00000000   Code   RO         7587    .ARM.Collect$$$$00000008  mc_w.l(entry7b.o)
    0x080001b4   0x080001b4   0x00000000   Code   RO         7589    .ARM.Collect$$$$0000000A  mc_w.l(entry8b.o)
    0x080001b4   0x080001b4   0x00000008   Code   RO         7590    .ARM.Collect$$$$0000000B  mc_w.l(entry9a.o)
    0x080001bc   0x080001bc   0x00000004   Code   RO         7597    .ARM.Collect$$$$0000000E  mc_w.l(entry12b.o)
    0x080001c0   0x080001c0   0x00000000   Code   RO         7592    .ARM.Collect$$$$0000000F  mc_w.l(entry10a.o)
    0x080001c0   0x080001c0   0x00000000   Code   RO         7594    .ARM.Collect$$$$00000011  mc_w.l(entry11a.o)
    0x080001c0   0x080001c0   0x00000004   Code   RO         7583    .ARM.Collect$$$$00002712  mc_w.l(entry2.o)
    0x080001c4   0x080001c4   0x000000b6   Code   RO         5875    .emb_text           port.o
    0x0800027a   0x0800027a   0x00000002   PAD
    0x0800027c   0x0800027c   0x00000024   Code   RO          627    .text               startup_stm32f429xx.o
    0x080002a0   0x080002a0   0x00000024   Code   RO         7249    .text               mc_w.l(memcpya.o)
    0x080002c4   0x080002c4   0x00000024   Code   RO         7251    .text               mc_w.l(memseta.o)
    0x080002e8   0x080002e8   0x00000024   Code   RO         7253    .text               mc_w.l(strstr.o)
    0x0800030c   0x0800030c   0x0000000e   Code   RO         7255    .text               mc_w.l(strlen.o)
    0x0800031a   0x0800031a   0x00000012   Code   RO         7261    .text               mc_w.l(strcpy.o)
    0x0800032c   0x0800032c   0x00000038   Code   RO         7556    .text               mc_w.l(__0sscanf.o)
    0x08000364   0x08000364   0x00000360   Code   RO         7558    .text               mc_w.l(scanf_fp.o)
    0x080006c4   0x080006c4   0x0000001a   Code   RO         7562    .text               mc_w.l(atoi.o)
    0x080006de   0x080006de   0x0000014e   Code   RO         7564    .text               mf_w.l(dadd.o)
    0x0800082c   0x0800082c   0x000000e4   Code   RO         7566    .text               mf_w.l(dmul.o)
    0x08000910   0x08000910   0x0000001a   Code   RO         7570    .text               mf_w.l(dfltui.o)
    0x0800092a   0x0800092a   0x0000003e   Code   RO         7572    .text               mf_w.l(dfixi.o)
    0x08000968   0x08000968   0x00000032   Code   RO         7574    .text               mf_w.l(dfixui.o)
    0x0800099a   0x0800099a   0x00000002   PAD
    0x0800099c   0x0800099c   0x00000030   Code   RO         7578    .text               mf_w.l(cdcmple.o)
    0x080009cc   0x080009cc   0x00000030   Code   RO         7580    .text               mf_w.l(cdrcmple.o)
    0x080009fc   0x080009fc   0x0000002c   Code   RO         7598    .text               mc_w.l(uidiv.o)
    0x08000a28   0x08000a28   0x00000062   Code   RO         7600    .text               mc_w.l(uldiv.o)
    0x08000a8a   0x08000a8a   0x0000001e   Code   RO         7602    .text               mc_w.l(llshl.o)
    0x08000aa8   0x08000aa8   0x00000020   Code   RO         7604    .text               mc_w.l(llushr.o)
    0x08000ac8   0x08000ac8   0x00000024   Code   RO         7606    .text               mc_w.l(llsshr.o)
    0x08000aec   0x08000aec   0x00000028   Code   RO         7617    .text               mc_w.l(scanf_char.o)
    0x08000b14   0x08000b14   0x00000040   Code   RO         7619    .text               mc_w.l(_sgetc.o)
    0x08000b54   0x08000b54   0x00000070   Code   RO         7623    .text               mc_w.l(strtol.o)
    0x08000bc4   0x08000bc4   0x00000000   Code   RO         7625    .text               mc_w.l(iusefp.o)
    0x08000bc4   0x08000bc4   0x000000ba   Code   RO         7626    .text               mf_w.l(depilogue.o)
    0x08000c7e   0x08000c7e   0x000000de   Code   RO         7628    .text               mf_w.l(ddiv.o)
    0x08000d5c   0x08000d5c   0x00000018   Code   RO         7630    .text               mf_w.l(dfltul.o)
    0x08000d74   0x08000d74   0x00000030   Code   RO         7632    .text               mf_w.l(dfixul.o)
    0x08000da4   0x08000da4   0x00000038   Code   RO         7634    .text               mf_w.l(d2f.o)
    0x08000ddc   0x08000ddc   0x00000024   Code   RO         7636    .text               mc_w.l(init.o)
    0x08000e00   0x08000e00   0x00000008   Code   RO         7640    .text               mc_w.l(ctype_o.o)
    0x08000e08   0x08000e08   0x00000012   Code   RO         7662    .text               mc_w.l(isspace_o.o)
    0x08000e1a   0x08000e1a   0x00000002   PAD
    0x08000e1c   0x08000e1c   0x00000330   Code   RO         7668    .text               mc_w.l(_scanf.o)
    0x0800114c   0x0800114c   0x0000009e   Code   RO         7670    .text               mc_w.l(_strtoul.o)
    0x080011ea   0x080011ea   0x0000006e   Code   RO         7672    .text               mf_w.l(fepilogue.o)
    0x08001258   0x08001258   0x0000001c   Code   RO         7677    .text               mc_w.l(_chval.o)
    0x08001274   0x08001274   0x00000056   Code   RO         7687    .text               mc_w.l(__dczerorl2.o)
    0x080012ca   0x080012ca   0x0000002e   Code   RO         4819    i.AP3216C_Init      ap3216c.o
    0x080012f8   0x080012f8   0x00000062   Code   RO         4820    i.AP3216C_ReadData  ap3216c.o
    0x0800135a   0x0800135a   0x0000003a   Code   RO         4821    i.AP3216C_ReadOneByte  ap3216c.o
    0x08001394   0x08001394   0x0000003c   Code   RO         4822    i.AP3216C_WriteOneByte  ap3216c.o
    0x080013d0   0x080013d0   0x00000002   Code   RO          431    i.BusFault_Handler  stm32f4xx_it.o
    0x080013d2   0x080013d2   0x00000002   PAD
    0x080013d4   0x080013d4   0x00000068   Code   RO            4    i.ConfigureTimeForRunTimeStats  main.o
    0x0800143c   0x0800143c   0x00000002   Code   RO          432    i.DebugMon_Handler  stm32f4xx_it.o
    0x0800143e   0x0800143e   0x00000002   PAD
    0x08001440   0x08001440   0x00000040   Code   RO         2771    i.FMC_NORSRAM_Extended_Timing_Init  stm32f4xx_ll_fmc.o
    0x08001480   0x08001480   0x00000078   Code   RO         2772    i.FMC_NORSRAM_Init  stm32f4xx_ll_fmc.o
    0x080014f8   0x080014f8   0x0000005c   Code   RO         2773    i.FMC_NORSRAM_Timing_Init  stm32f4xx_ll_fmc.o
    0x08001554   0x08001554   0x0000004c   Code   RO         2783    i.FMC_SDRAM_Init    stm32f4xx_ll_fmc.o
    0x080015a0   0x080015a0   0x0000000c   Code   RO         2784    i.FMC_SDRAM_ProgramRefreshRate  stm32f4xx_ll_fmc.o
    0x080015ac   0x080015ac   0x00000048   Code   RO         2785    i.FMC_SDRAM_SendCommand  stm32f4xx_ll_fmc.o
    0x080015f4   0x080015f4   0x0000007c   Code   RO         2787    i.FMC_SDRAM_Timing_Init  stm32f4xx_ll_fmc.o
    0x08001670   0x08001670   0x0000000c   Code   RO            5    i.GetTimerCounterValue  main.o
    0x0800167c   0x0800167c   0x000001dc   Code   RO          918    i.HAL_GPIO_Init     stm32f4xx_hal_gpio.o
    0x08001858   0x08001858   0x0000000a   Code   RO          920    i.HAL_GPIO_ReadPin  stm32f4xx_hal_gpio.o
    0x08001862   0x08001862   0x0000000a   Code   RO          922    i.HAL_GPIO_WritePin  stm32f4xx_hal_gpio.o
    0x0800186c   0x0800186c   0x0000000c   Code   RO          649    i.HAL_GetTick       stm32f4xx_hal.o
    0x08001878   0x08001878   0x00000010   Code   RO          650    i.HAL_IncTick       stm32f4xx_hal.o
    0x08001888   0x08001888   0x00000034   Code   RO          651    i.HAL_Init          stm32f4xx_hal.o
    0x080018bc   0x080018bc   0x00000022   Code   RO          652    i.HAL_InitTick      stm32f4xx_hal.o
    0x080018de   0x080018de   0x00000052   Code   RO         3221    i.HAL_LTDC_ConfigLayer  stm32f4xx_hal_ltdc.o
    0x08001930   0x08001930   0x000000fc   Code   RO         3233    i.HAL_LTDC_Init     stm32f4xx_hal_ltdc.o
    0x08001a2c   0x08001a2c   0x000000f4   Code   RO         4538    i.HAL_LTDC_MspInit  ltdc.o
    0x08001b20   0x08001b20   0x00000054   Code   RO         3242    i.HAL_LTDC_SetWindowPosition  stm32f4xx_hal_ltdc.o
    0x08001b74   0x08001b74   0x00000054   Code   RO         3243    i.HAL_LTDC_SetWindowSize  stm32f4xx_hal_ltdc.o
    0x08001bc8   0x08001bc8   0x00000008   Code   RO          654    i.HAL_MspInit       stm32f4xx_hal.o
    0x08001bd0   0x08001bd0   0x00000016   Code   RO          795    i.HAL_NVIC_EnableIRQ  stm32f4xx_hal_cortex.o
    0x08001be6   0x08001be6   0x00000002   PAD
    0x08001be8   0x08001be8   0x00000040   Code   RO          801    i.HAL_NVIC_SetPriority  stm32f4xx_hal_cortex.o
    0x08001c28   0x08001c28   0x00000024   Code   RO          802    i.HAL_NVIC_SetPriorityGrouping  stm32f4xx_hal_cortex.o
    0x08001c4c   0x08001c4c   0x00000088   Code   RO         1107    i.HAL_PWREx_EnableOverDrive  stm32f4xx_hal_pwr_ex.o
    0x08001cd4   0x08001cd4   0x000002a8   Code   RO         1279    i.HAL_RCCEx_PeriphCLKConfig  stm32f4xx_hal_rcc_ex.o
    0x08001f7c   0x08001f7c   0x00000208   Code   RO         1174    i.HAL_RCC_ClockConfig  stm32f4xx_hal_rcc.o
    0x08002184   0x08002184   0x00000034   Code   RO         1179    i.HAL_RCC_GetHCLKFreq  stm32f4xx_hal_rcc.o
    0x080021b8   0x080021b8   0x0000002c   Code   RO         1181    i.HAL_RCC_GetPCLK1Freq  stm32f4xx_hal_rcc.o
    0x080021e4   0x080021e4   0x0000002c   Code   RO         1182    i.HAL_RCC_GetPCLK2Freq  stm32f4xx_hal_rcc.o
    0x08002210   0x08002210   0x00000074   Code   RO         1183    i.HAL_RCC_GetSysClockFreq  stm32f4xx_hal_rcc.o
    0x08002284   0x08002284   0x0000031c   Code   RO         1186    i.HAL_RCC_OscConfig  stm32f4xx_hal_rcc.o
    0x080025a0   0x080025a0   0x00000042   Code   RO         3069    i.HAL_SDRAM_Init    stm32f4xx_hal_sdram.o
    0x080025e2   0x080025e2   0x00000002   PAD
    0x080025e4   0x080025e4   0x000000dc   Code   RO         4480    i.HAL_SDRAM_MspInit  sdram.o
    0x080026c0   0x080026c0   0x00000022   Code   RO         3072    i.HAL_SDRAM_ProgramRefreshRate  stm32f4xx_hal_sdram.o
    0x080026e2   0x080026e2   0x0000002e   Code   RO         3078    i.HAL_SDRAM_SendCommand  stm32f4xx_hal_sdram.o
    0x08002710   0x08002710   0x00000056   Code   RO         2947    i.HAL_SRAM_Init     stm32f4xx_hal_sram.o
    0x08002766   0x08002766   0x00000002   PAD
    0x08002768   0x08002768   0x00000078   Code   RO         4259    i.HAL_SRAM_MspInit  lcd.o
    0x080027e0   0x080027e0   0x00000018   Code   RO          804    i.HAL_SYSTICK_CLKSourceConfig  stm32f4xx_hal_cortex.o
    0x080027f8   0x080027f8   0x00000028   Code   RO          806    i.HAL_SYSTICK_Config  stm32f4xx_hal_cortex.o
    0x08002820   0x08002820   0x00000050   Code   RO         2541    i.HAL_TIMEx_MasterConfigSynchronization  stm32f4xx_hal_tim_ex.o
    0x08002870   0x08002870   0x00000036   Code   RO         1895    i.HAL_TIM_Base_Init  stm32f4xx_hal_tim.o
    0x080028a6   0x080028a6   0x00000002   Code   RO         1897    i.HAL_TIM_Base_MspInit  stm32f4xx_hal_tim.o
    0x080028a8   0x080028a8   0x0000001a   Code   RO         1898    i.HAL_TIM_Base_Start  stm32f4xx_hal_tim.o
    0x080028c2   0x080028c2   0x000000f0   Code   RO         1904    i.HAL_TIM_ConfigClockSource  stm32f4xx_hal_tim.o
    0x080029b2   0x080029b2   0x00000002   Code   RO         1326    i.HAL_UART_ErrorCallback  stm32f4xx_hal_uart.o
    0x080029b4   0x080029b4   0x00000006   Code   RO         1328    i.HAL_UART_GetState  stm32f4xx_hal_uart.o
    0x080029ba   0x080029ba   0x000000f4   Code   RO         1329    i.HAL_UART_IRQHandler  stm32f4xx_hal_uart.o
    0x08002aae   0x08002aae   0x0000005e   Code   RO         1330    i.HAL_UART_Init     stm32f4xx_hal_uart.o
    0x08002b0c   0x08002b0c   0x0000010c   Code   RO         4134    i.HAL_UART_MspInit  usart.o
    0x08002c18   0x08002c18   0x00000068   Code   RO         1335    i.HAL_UART_Receive_IT  stm32f4xx_hal_uart.o
    0x08002c80   0x08002c80   0x00000058   Code   RO         4135    i.HAL_UART_RxCpltCallback  usart.o
    0x08002cd8   0x08002cd8   0x000000c8   Code   RO         1338    i.HAL_UART_Transmit  stm32f4xx_hal_uart.o
    0x08002da0   0x08002da0   0x00000002   Code   RO         1341    i.HAL_UART_TxCpltCallback  stm32f4xx_hal_uart.o
    0x08002da2   0x08002da2   0x00000002   Code   RO          433    i.HardFault_Handler  stm32f4xx_it.o
    0x08002da4   0x08002da4   0x00000040   Code   RO         4652    i.IIC_Ack           myiic.o
    0x08002de4   0x08002de4   0x00000048   Code   RO         4653    i.IIC_Init          myiic.o
    0x08002e2c   0x08002e2c   0x00000040   Code   RO         4654    i.IIC_NAck          myiic.o
    0x08002e6c   0x08002e6c   0x00000068   Code   RO         4655    i.IIC_Read_Byte     myiic.o
    0x08002ed4   0x08002ed4   0x00000060   Code   RO         4656    i.IIC_Send_Byte     myiic.o
    0x08002f34   0x08002f34   0x00000040   Code   RO         4657    i.IIC_Start         myiic.o
    0x08002f74   0x08002f74   0x00000040   Code   RO         4658    i.IIC_Stop          myiic.o
    0x08002fb4   0x08002fb4   0x00000054   Code   RO         4659    i.IIC_Wait_Ack      myiic.o
    0x08003008   0x08003008   0x00000080   Code   RO         4228    i.KEY_Init          key.o
    0x08003088   0x08003088   0x000000d8   Code   RO         4229    i.KEY_Scan          key.o
    0x08003160   0x08003160   0x00000048   Code   RO         4261    i.LCD_Clear         lcd.o
    0x080031a8   0x080031a8   0x00000108   Code   RO         4265    i.LCD_Display_Dir   lcd.o
    0x080032b0   0x080032b0   0x000000e4   Code   RO         4270    i.LCD_Fast_DrawPoint  lcd.o
    0x08003394   0x08003394   0x00000060   Code   RO         4271    i.LCD_Fill          lcd.o
    0x080033f4   0x080033f4   0x00002b1c   Code   RO         4272    i.LCD_Init          lcd.o
    0x08005f10   0x08005f10   0x00000010   Code   RO         4273    i.LCD_Pow           lcd.o
    0x08005f20   0x08005f20   0x00000014   Code   RO         4274    i.LCD_RD_DATA       lcd.o
    0x08005f34   0x08005f34   0x00000050   Code   RO         4277    i.LCD_SSD_BackLightSet  lcd.o
    0x08005f84   0x08005f84   0x000001a4   Code   RO         4278    i.LCD_Scan_Dir      lcd.o
    0x08006128   0x08006128   0x000000f0   Code   RO         4279    i.LCD_SetCursor     lcd.o
    0x08006218   0x08006218   0x000000dc   Code   RO         4281    i.LCD_ShowChar      lcd.o
    0x080062f4   0x080062f4   0x00000076   Code   RO         4282    i.LCD_ShowNum       lcd.o
    0x0800636a   0x0800636a   0x00000054   Code   RO         4283    i.LCD_ShowString    lcd.o
    0x080063be   0x080063be   0x00000002   PAD
    0x080063c0   0x080063c0   0x00000018   Code   RO         4285    i.LCD_WR_DATA       lcd.o
    0x080063d8   0x080063d8   0x00000018   Code   RO         4286    i.LCD_WR_REG        lcd.o
    0x080063f0   0x080063f0   0x00000014   Code   RO         4288    i.LCD_WriteRAM_Prepare  lcd.o
    0x08006404   0x08006404   0x00000010   Code   RO         4289    i.LCD_WriteReg      lcd.o
    0x08006414   0x08006414   0x0000004c   Code   RO         4204    i.LED_Init          led.o
    0x08006460   0x08006460   0x00000020   Code   RO         4539    i.LTDC_Clear        ltdc.o
    0x08006480   0x08006480   0x0000001e   Code   RO         4540    i.LTDC_Clk_Set      ltdc.o
    0x0800649e   0x0800649e   0x00000002   PAD
    0x080064a0   0x080064a0   0x00000028   Code   RO         4542    i.LTDC_Display_Dir  ltdc.o
    0x080064c8   0x080064c8   0x0000003c   Code   RO         4543    i.LTDC_Draw_Point   ltdc.o
    0x08006504   0x08006504   0x000000b4   Code   RO         4544    i.LTDC_Fill         ltdc.o
    0x080065b8   0x080065b8   0x00000208   Code   RO         4545    i.LTDC_Init         ltdc.o
    0x080067c0   0x080067c0   0x0000005c   Code   RO         4546    i.LTDC_Layer_Parameter_Config  ltdc.o
    0x0800681c   0x0800681c   0x00000024   Code   RO         4548    i.LTDC_Layer_Window_Config  ltdc.o
    0x08006840   0x08006840   0x000000b8   Code   RO         4549    i.LTDC_PanelID_Read  ltdc.o
    0x080068f8   0x080068f8   0x00000162   Code   RO         3244    i.LTDC_SetConfig    stm32f4xx_hal_ltdc.o
    0x08006a5a   0x08006a5a   0x0000005c   Code   RO         6805    i.MQTTDeserialize_connack  mqttconnectclient.o
    0x08006ab6   0x08006ab6   0x0000008c   Code   RO         6872    i.MQTTDeserialize_publish  mqttdeserializepublish.o
    0x08006b42   0x08006b42   0x0000007c   Code   RO         7097    i.MQTTDeserialize_suback  mqttsubscribeclient.o
    0x08006bbe   0x08006bbe   0x00000036   Code   RO         6947    i.MQTTPacket_decode  mqttpacket.o
    0x08006bf4   0x08006bf4   0x00000014   Code   RO         6948    i.MQTTPacket_decodeBuf  mqttpacket.o
    0x08006c08   0x08006c08   0x00000028   Code   RO         6949    i.MQTTPacket_encode  mqttpacket.o
    0x08006c30   0x08006c30   0x00000028   Code   RO         6951    i.MQTTPacket_len    mqttpacket.o
    0x08006c58   0x08006c58   0x0000004e   Code   RO         6952    i.MQTTPacket_read   mqttpacket.o
    0x08006ca6   0x08006ca6   0x00000048   Code   RO         7055    i.MQTTSerialize_ack  mqttserializepublish.o
    0x08006cee   0x08006cee   0x00000002   PAD
    0x08006cf0   0x08006cf0   0x00000118   Code   RO         6806    i.MQTTSerialize_connect  mqttconnectclient.o
    0x08006e08   0x08006e08   0x00000076   Code   RO         6807    i.MQTTSerialize_connectLength  mqttconnectclient.o
    0x08006e7e   0x08006e7e   0x00000006   Code   RO         6808    i.MQTTSerialize_disconnect  mqttconnectclient.o
    0x08006e84   0x08006e84   0x00000006   Code   RO         6809    i.MQTTSerialize_pingreq  mqttconnectclient.o
    0x08006e8a   0x08006e8a   0x00000086   Code   RO         7058    i.MQTTSerialize_publish  mqttserializepublish.o
    0x08006f10   0x08006f10   0x0000001e   Code   RO         7059    i.MQTTSerialize_publishLength  mqttserializepublish.o
    0x08006f2e   0x08006f2e   0x0000008c   Code   RO         7098    i.MQTTSerialize_subscribe  mqttsubscribeclient.o
    0x08006fba   0x08006fba   0x0000002c   Code   RO         7099    i.MQTTSerialize_subscribeLength  mqttsubscribeclient.o
    0x08006fe6   0x08006fe6   0x00000032   Code   RO         6810    i.MQTTSerialize_zero  mqttconnectclient.o
    0x08007018   0x08007018   0x0000000e   Code   RO         6954    i.MQTTstrlen        mqttpacket.o
    0x08007026   0x08007026   0x00000002   Code   RO          434    i.MemManage_Handler  stm32f4xx_it.o
    0x08007028   0x08007028   0x00000002   Code   RO          435    i.NMI_Handler       stm32f4xx_it.o
    0x0800702a   0x0800702a   0x00000020   Code   RO          808    i.NVIC_SetPriority  stm32f4xx_hal_cortex.o
    0x0800704a   0x0800704a   0x00000002   PAD
    0x0800704c   0x0800704c   0x0000005c   Code   RO         4718    i.PCF8574_Init      pcf8574.o
    0x080070a8   0x080070a8   0x00000018   Code   RO         4719    i.PCF8574_ReadBit   pcf8574.o
    0x080070c0   0x080070c0   0x00000020   Code   RO         4720    i.PCF8574_ReadOneByte  pcf8574.o
    0x080070e0   0x080070e0   0x0000002a   Code   RO         4722    i.PCF8574_WriteOneByte  pcf8574.o
    0x0800710a   0x0800710a   0x00000002   PAD
    0x0800710c   0x0800710c   0x00000060   Code   RO         4481    i.SDRAM_Init        sdram.o
    0x0800716c   0x0800716c   0x00000050   Code   RO         4482    i.SDRAM_Initialization_Sequence  sdram.o
    0x080071bc   0x080071bc   0x00000034   Code   RO         4483    i.SDRAM_Send_Cmd    sdram.o
    0x080071f0   0x080071f0   0x00000084   Code   RO         4107    i.Stm32_Clock_Init  sys.o
    0x08007274   0x08007274   0x00000016   Code   RO         4053    i.SysTick_Handler   delay.o
    0x0800728a   0x0800728a   0x00000002   PAD
    0x0800728c   0x0800728c   0x00000054   Code   RO          492    i.SystemInit        system_stm32f4xx.o
    0x080072e0   0x080072e0   0x000000c0   Code   RO         1979    i.TIM_Base_SetConfig  stm32f4xx_hal_tim.o
    0x080073a0   0x080073a0   0x00000014   Code   RO         1986    i.TIM_ETR_SetConfig  stm32f4xx_hal_tim.o
    0x080073b4   0x080073b4   0x00000010   Code   RO         1987    i.TIM_ITRx_SetConfig  stm32f4xx_hal_tim.o
    0x080073c4   0x080073c4   0x00000022   Code   RO         1993    i.TIM_TI1_ConfigInputStage  stm32f4xx_hal_tim.o
    0x080073e6   0x080073e6   0x00000024   Code   RO         1995    i.TIM_TI2_ConfigInputStage  stm32f4xx_hal_tim.o
    0x0800740a   0x0800740a   0x000000a6   Code   RO         1348    i.UART_Receive_IT   stm32f4xx_hal_uart.o
    0x080074b0   0x080074b0   0x00000174   Code   RO         1349    i.UART_SetConfig    stm32f4xx_hal_uart.o
    0x08007624   0x08007624   0x00000066   Code   RO         1350    i.UART_Transmit_IT  stm32f4xx_hal_uart.o
    0x0800768a   0x0800768a   0x00000092   Code   RO         1351    i.UART_WaitOnFlagUntilTimeout  stm32f4xx_hal_uart.o
    0x0800771c   0x0800771c   0x00000044   Code   RO         4136    i.USART1_IRQHandler  usart.o
    0x08007760   0x08007760   0x000000c4   Code   RO         6119    i.USART2_IRQHandler  atk_mw8266d_uart.o
    0x08007824   0x08007824   0x00000002   Code   RO          436    i.UsageFault_Handler  stm32f4xx_it.o
    0x08007826   0x08007826   0x00000002   PAD
    0x08007828   0x08007828   0x00000020   Code   RO         7500    i.__0printf         mc_w.l(printfa.o)
    0x08007848   0x08007848   0x00000028   Code   RO         7502    i.__0sprintf        mc_w.l(printfa.o)
    0x08007870   0x08007870   0x00000024   Code   RO         7506    i.__0vsprintf       mc_w.l(printfa.o)
    0x08007894   0x08007894   0x00000008   Code   RO         7610    i.__aeabi_errno_addr  mc_w.l(errno.o)
    0x0800789c   0x0800789c   0x0000005c   Code   RO         7532    i.__free$realloc    mc_w.l(mallocr.o)
    0x080078f8   0x080078f8   0x00000014   Code   RO         7232    i.__hardfp_fabs     m_wm.l(fabs.o)
    0x0800790c   0x0800790c   0x00000050   Code   RO         7533    i.__malloc$realloc  mc_w.l(mallocr.o)
    0x0800795c   0x0800795c   0x0000000e   Code   RO         7681    i.__scatterload_copy  mc_w.l(handlers.o)
    0x0800796a   0x0800796a   0x00000002   Code   RO         7682    i.__scatterload_null  mc_w.l(handlers.o)
    0x0800796c   0x0800796c   0x0000000e   Code   RO         7683    i.__scatterload_zeroinit  mc_w.l(handlers.o)
    0x0800797a   0x0800797a   0x00000002   PAD
    0x0800797c   0x0800797c   0x00000184   Code   RO         7507    i._fp_digits        mc_w.l(printfa.o)
    0x08007b00   0x08007b00   0x0000000e   Code   RO         7560    i._is_digit         mc_w.l(scanf_fp.o)
    0x08007b0e   0x08007b0e   0x00000002   PAD
    0x08007b10   0x08007b10   0x000006b4   Code   RO         7508    i._printf_core      mc_w.l(printfa.o)
    0x080081c4   0x080081c4   0x00000024   Code   RO         7509    i._printf_post_padding  mc_w.l(printfa.o)
    0x080081e8   0x080081e8   0x0000002e   Code   RO         7510    i._printf_pre_padding  mc_w.l(printfa.o)
    0x08008216   0x08008216   0x0000000a   Code   RO         7512    i._sputc            mc_w.l(printfa.o)
    0x08008220   0x08008220   0x0000002a   Code   RO         6184    i.add_item_to_array  cjson.o
    0x0800824a   0x0800824a   0x0000005a   Code   RO         6185    i.add_item_to_object  cjson.o
    0x080082a4   0x080082a4   0x0000003c   Code   RO            6    i.ap3216c_task      main.o
    0x080082e0   0x080082e0   0x0000002c   Code   RO         5970    i.atk_mw8266d_at_test  atk_mw8266d.o
    0x0800830c   0x0800830c   0x0000003c   Code   RO         5971    i.atk_mw8266d_ate_config  atk_mw8266d.o
    0x08008348   0x08008348   0x0000004c   Code   RO         5973    i.atk_mw8266d_connect_tcp_server  atk_mw8266d.o
    0x08008394   0x08008394   0x0000004c   Code   RO         5975    i.atk_mw8266d_enter_unvarnished  atk_mw8266d.o
    0x080083e0   0x080083e0   0x00000038   Code   RO         5976    i.atk_mw8266d_exit_unvarnished  atk_mw8266d.o
    0x08008418   0x08008418   0x00000054   Code   RO         5977    i.atk_mw8266d_get_ip  atk_mw8266d.o
    0x0800846c   0x0800846c   0x00000034   Code   RO         5978    i.atk_mw8266d_hw_reset  atk_mw8266d.o
    0x080084a0   0x080084a0   0x000000c4   Code   RO         5979    i.atk_mw8266d_init  atk_mw8266d.o
    0x08008564   0x08008564   0x00000048   Code   RO         5980    i.atk_mw8266d_join_ap  atk_mw8266d.o
    0x080085ac   0x080085ac   0x0000002c   Code   RO         5988    i.atk_mw8266d_restore  atk_mw8266d.o
    0x080085d8   0x080085d8   0x00000048   Code   RO         5989    i.atk_mw8266d_send_at_cmd  atk_mw8266d.o
    0x08008620   0x08008620   0x0000005c   Code   RO         5990    i.atk_mw8266d_set_mode  atk_mw8266d.o
    0x0800867c   0x0800867c   0x0000002c   Code   RO         5991    i.atk_mw8266d_sw_reset  atk_mw8266d.o
    0x080086a8   0x080086a8   0x0000003c   Code   RO         6120    i.atk_mw8266d_uart_init  atk_mw8266d_uart.o
    0x080086e4   0x080086e4   0x00000030   Code   RO         6121    i.atk_mw8266d_uart_printf  atk_mw8266d_uart.o
    0x08008714   0x08008714   0x00000020   Code   RO         6122    i.atk_mw8266d_uart_rx_get_frame  atk_mw8266d_uart.o
    0x08008734   0x08008734   0x00000018   Code   RO         6123    i.atk_mw8266d_uart_rx_get_frame_len  atk_mw8266d_uart.o
    0x0800874c   0x0800874c   0x00000014   Code   RO         6124    i.atk_mw8266d_uart_rx_restart  atk_mw8266d_uart.o
    0x08008760   0x08008760   0x00000020   Code   RO         6955    i.bufchar           mqttpacket.o
    0x08008780   0x08008780   0x00000030   Code   RO         6196    i.cJSON_AddNumberToObject  cjson.o
    0x080087b0   0x080087b0   0x00000078   Code   RO         6210    i.cJSON_CreateNumber  cjson.o
    0x08008828   0x08008828   0x00000018   Code   RO         6211    i.cJSON_CreateObject  cjson.o
    0x08008840   0x08008840   0x00000048   Code   RO         6218    i.cJSON_Delete      cjson.o
    0x08008888   0x08008888   0x00000048   Code   RO         6235    i.cJSON_InitHooks   cjson.o
    0x080088d0   0x080088d0   0x00000016   Code   RO         6248    i.cJSON_New_Item    cjson.o
    0x080088e6   0x080088e6   0x00000002   PAD
    0x080088e8   0x080088e8   0x00000048   Code   RO         6255    i.cJSON_PrintPreallocated  cjson.o
    0x08008930   0x08008930   0x00000028   Code   RO         6266    i.cJSON_strdup      cjson.o
    0x08008958   0x08008958   0x000000b8   Code   RO         6267    i.compare_double    cjson.o
    0x08008a10   0x08008a10   0x00000038   Code   RO         4054    i.delay_init        delay.o
    0x08008a48   0x08008a48   0x00000038   Code   RO         4055    i.delay_ms          delay.o
    0x08008a80   0x08008a80   0x00000034   Code   RO         4056    i.delay_us          delay.o
    0x08008ab4   0x08008ab4   0x0000001a   Code   RO         4057    i.delay_xms         delay.o
    0x08008ace   0x08008ace   0x0000000c   Code   RO            8    i.dht11_task        main.o
    0x08008ada   0x08008ada   0x00000002   PAD
    0x08008adc   0x08008adc   0x00000030   Code   RO         5295    i.eTaskConfirmSleepModeStatus  tasks.o
    0x08008b0c   0x08008b0c   0x00000088   Code   RO         5296    i.eTaskGetState     tasks.o
    0x08008b94   0x08008b94   0x0000008a   Code   RO         6269    i.ensure            cjson.o
    0x08008c1e   0x08008c1e   0x00000002   PAD
    0x08008c20   0x08008c20   0x00000014   Code   RO         4138    i.fputc             usart.o
    0x08008c34   0x08008c34   0x0000027c   Code   RO            9    i.init_task         main.o
    0x08008eb0   0x08008eb0   0x00000050   Code   RO         7534    i.internal_alloc    mc_w.l(mallocr.o)
    0x08008f00   0x08008f00   0x0000010c   Code   RO           10    i.lcd_task          main.o
    0x0800900c   0x0800900c   0x00000070   Code   RO           11    i.main              main.o
    0x0800907c   0x0800907c   0x000006e0   Code   RO           12    i.net_task          main.o
    0x0800975c   0x0800975c   0x00000096   Code   RO         6280    i.print_array       cjson.o
    0x080097f2   0x080097f2   0x00000002   PAD
    0x080097f4   0x080097f4   0x00000108   Code   RO         6281    i.print_number      cjson.o
    0x080098fc   0x080098fc   0x00000136   Code   RO         6282    i.print_object      cjson.o
    0x08009a32   0x08009a32   0x00000002   PAD
    0x08009a34   0x08009a34   0x00000110   Code   RO         6283    i.print_string_ptr  cjson.o
    0x08009b44   0x08009b44   0x000000d0   Code   RO         6284    i.print_value       cjson.o
    0x08009c14   0x08009c14   0x00000070   Code   RO         5298    i.prvAddCurrentTaskToDelayedList  tasks.o
    0x08009c84   0x08009c84   0x000000d0   Code   RO         5299    i.prvAddNewTaskToReadyList  tasks.o
    0x08009d54   0x08009d54   0x00000050   Code   RO         5682    i.prvCheckForValidListAndQueue  timers.o
    0x08009da4   0x08009da4   0x00000054   Code   RO         5300    i.prvCheckTasksWaitingTermination  tasks.o
    0x08009df8   0x08009df8   0x00000026   Code   RO         5067    i.prvCopyDataFromQueue  queue.o
    0x08009e1e   0x08009e1e   0x0000006c   Code   RO         5068    i.prvCopyDataToQueue  queue.o
    0x08009e8a   0x08009e8a   0x00000014   Code   RO         5301    i.prvDeleteTCB      tasks.o
    0x08009e9e   0x08009e9e   0x00000002   PAD
    0x08009ea0   0x08009ea0   0x00000034   Code   RO         5302    i.prvGetExpectedIdleTime  tasks.o
    0x08009ed4   0x08009ed4   0x0000004c   Code   RO         5814    i.prvHeapInit       heap_4.o
    0x08009f20   0x08009f20   0x00000084   Code   RO         5303    i.prvIdleTask       tasks.o
    0x08009fa4   0x08009fa4   0x000000c0   Code   RO         5304    i.prvInitialiseNewTask  tasks.o
    0x0800a064   0x0800a064   0x0000004c   Code   RO         5815    i.prvInsertBlockIntoFreeList  heap_4.o
    0x0800a0b0   0x0800a0b0   0x00000038   Code   RO         5683    i.prvInsertTimerInActiveList  timers.o
    0x0800a0e8   0x0800a0e8   0x0000001a   Code   RO         5069    i.prvIsQueueEmpty   queue.o
    0x0800a102   0x0800a102   0x00000056   Code   RO         5305    i.prvListTasksWithinSingleList  tasks.o
    0x0800a158   0x0800a158   0x00000090   Code   RO         5070    i.prvNotifyQueueSetContainer  queue.o
    0x0800a1e8   0x0800a1e8   0x00000060   Code   RO         5684    i.prvProcessExpiredTimer  timers.o
    0x0800a248   0x0800a248   0x000000f0   Code   RO         5685    i.prvProcessReceivedCommands  timers.o
    0x0800a338   0x0800a338   0x0000006c   Code   RO         5686    i.prvProcessTimerOrBlockTask  timers.o
    0x0800a3a4   0x0800a3a4   0x00000020   Code   RO         5306    i.prvResetNextTaskUnblockTime  tasks.o
    0x0800a3c4   0x0800a3c4   0x00000028   Code   RO         5687    i.prvSampleTimeNow  timers.o
    0x0800a3ec   0x0800a3ec   0x0000006c   Code   RO         5688    i.prvSwitchTimerLists  timers.o
    0x0800a458   0x0800a458   0x00000064   Code   RO         5876    i.prvTaskExitError  port.o
    0x0800a4bc   0x0800a4bc   0x00000028   Code   RO         5689    i.prvTimerTask      timers.o
    0x0800a4e4   0x0800a4e4   0x00000078   Code   RO         5071    i.prvUnlockQueue    queue.o
    0x0800a55c   0x0800a55c   0x00000022   Code   RO         5308    i.prvWriteNameToBuffer  tasks.o
    0x0800a57e   0x0800a57e   0x00000002   PAD
    0x0800a580   0x0800a580   0x00000114   Code   RO         5816    i.pvPortMalloc      heap_4.o
    0x0800a694   0x0800a694   0x00000018   Code   RO         5309    i.pvTaskIncrementMutexHeldCount  tasks.o
    0x0800a6ac   0x0800a6ac   0x0000002c   Code   RO         5877    i.pxPortInitialiseStack  port.o
    0x0800a6d8   0x0800a6d8   0x0000000c   Code   RO         6957    i.readChar          mqttpacket.o
    0x0800a6e4   0x0800a6e4   0x00000012   Code   RO         6958    i.readInt           mqttpacket.o
    0x0800a6f6   0x0800a6f6   0x00000034   Code   RO         6959    i.readMQTTLenString  mqttpacket.o
    0x0800a72a   0x0800a72a   0x00000002   PAD
    0x0800a72c   0x0800a72c   0x0000006c   Code   RO         7535    i.realloc           mc_w.l(mallocr.o)
    0x0800a798   0x0800a798   0x00000040   Code   RO           13    i.run_time_stats_task  main.o
    0x0800a7d8   0x0800a7d8   0x00000170   Code   RO           14    i.start_task        main.o
    0x0800a948   0x0800a948   0x0000003c   Code   RO         7184    i.transport_close   transport.o
    0x0800a984   0x0800a984   0x000000bc   Code   RO         7185    i.transport_getdata  transport.o
    0x0800aa40   0x0800aa40   0x00000074   Code   RO         7186    i.transport_getdatanb  transport.o
    0x0800aab4   0x0800aab4   0x00000050   Code   RO         7187    i.transport_open    transport.o
    0x0800ab04   0x0800ab04   0x00000034   Code   RO         7188    i.transport_sendPacketBuffer  transport.o
    0x0800ab38   0x0800ab38   0x00000038   Code   RO         4139    i.uart_init         usart.o
    0x0800ab70   0x0800ab70   0x0000001c   Code   RO         6286    i.update_offset     cjson.o
    0x0800ab8c   0x0800ab8c   0x00000024   Code   RO         5018    i.uxListRemove      list.o
    0x0800abb0   0x0800abb0   0x000000ac   Code   RO         5312    i.uxTaskGetSystemState  tasks.o
    0x0800ac5c   0x0800ac5c   0x00000016   Code   RO         5019    i.vListInitialise   list.o
    0x0800ac72   0x0800ac72   0x00000006   Code   RO         5020    i.vListInitialiseItem  list.o
    0x0800ac78   0x0800ac78   0x00000030   Code   RO         5021    i.vListInsert       list.o
    0x0800aca8   0x0800aca8   0x00000018   Code   RO         5022    i.vListInsertEnd    list.o
    0x0800acc0   0x0800acc0   0x00000078   Code   RO         5879    i.vPortEnterCritical  port.o
    0x0800ad38   0x0800ad38   0x00000064   Code   RO         5880    i.vPortExitCritical  port.o
    0x0800ad9c   0x0800ad9c   0x0000009c   Code   RO         5817    i.vPortFree         heap_4.o
    0x0800ae38   0x0800ae38   0x00000044   Code   RO         5881    i.vPortSetupTimerInterrupt  port.o
    0x0800ae7c   0x0800ae7c   0x000000d4   Code   RO         5882    i.vPortSuppressTicksAndSleep  port.o
    0x0800af50   0x0800af50   0x0000008c   Code   RO         5883    i.vPortValidateInterruptPriority  port.o
    0x0800afdc   0x0800afdc   0x00000024   Code   RO         5077    i.vQueueAddToRegistry  queue.o
    0x0800b000   0x0800b000   0x00000044   Code   RO         5081    i.vQueueWaitForMessageRestricted  queue.o
    0x0800b044   0x0800b044   0x0000006c   Code   RO         5317    i.vTaskDelay        tasks.o
    0x0800b0b0   0x0800b0b0   0x000000cc   Code   RO         5319    i.vTaskDelete       tasks.o
    0x0800b17c   0x0800b17c   0x00000080   Code   RO         5321    i.vTaskGetInfo      tasks.o
    0x0800b1fc   0x0800b1fc   0x000000b0   Code   RO         5322    i.vTaskGetRunTimeStats  tasks.o
    0x0800b2ac   0x0800b2ac   0x0000000c   Code   RO         5324    i.vTaskMissedYield  tasks.o
    0x0800b2b8   0x0800b2b8   0x00000054   Code   RO         5326    i.vTaskPlaceOnEventList  tasks.o
    0x0800b30c   0x0800b30c   0x0000005c   Code   RO         5327    i.vTaskPlaceOnEventListRestricted  tasks.o
    0x0800b368   0x0800b368   0x00000084   Code   RO         5329    i.vTaskPriorityInherit  tasks.o
    0x0800b3ec   0x0800b3ec   0x00000048   Code   RO         5333    i.vTaskSetTimeOutState  tasks.o
    0x0800b434   0x0800b434   0x00000098   Code   RO         5334    i.vTaskStartScheduler  tasks.o
    0x0800b4cc   0x0800b4cc   0x0000004c   Code   RO         5335    i.vTaskStepTick     tasks.o
    0x0800b518   0x0800b518   0x00000010   Code   RO         5337    i.vTaskSuspendAll   tasks.o
    0x0800b528   0x0800b528   0x00000094   Code   RO         5338    i.vTaskSwitchContext  tasks.o
    0x0800b5bc   0x0800b5bc   0x00000028   Code   RO         6960    i.writeCString      mqttpacket.o
    0x0800b5e4   0x0800b5e4   0x0000000c   Code   RO         6961    i.writeChar         mqttpacket.o
    0x0800b5f0   0x0800b5f0   0x0000001e   Code   RO         6962    i.writeInt          mqttpacket.o
    0x0800b60e   0x0800b60e   0x00000036   Code   RO         6963    i.writeMQTTString   mqttpacket.o
    0x0800b644   0x0800b644   0x00000114   Code   RO         5884    i.xPortStartScheduler  port.o
    0x0800b758   0x0800b758   0x0000002c   Code   RO         5885    i.xPortSysTickHandler  port.o
    0x0800b784   0x0800b784   0x00000024   Code   RO         5084    i.xQueueCreateMutex  queue.o
    0x0800b7a8   0x0800b7a8   0x00000078   Code   RO         5086    i.xQueueGenericCreate  queue.o
    0x0800b820   0x0800b820   0x00000184   Code   RO         5087    i.xQueueGenericReceive  queue.o
    0x0800b9a4   0x0800b9a4   0x000000a8   Code   RO         5088    i.xQueueGenericReset  queue.o
    0x0800ba4c   0x0800ba4c   0x00000188   Code   RO         5089    i.xQueueGenericSend  queue.o
    0x0800bbd4   0x0800bbd4   0x000000e0   Code   RO         5090    i.xQueueGenericSendFromISR  queue.o
    0x0800bcb4   0x0800bcb4   0x00000088   Code   RO         5339    i.xTaskCheckForTimeOut  tasks.o
    0x0800bd3c   0x0800bd3c   0x00000056   Code   RO         5340    i.xTaskCreate       tasks.o
    0x0800bd92   0x0800bd92   0x00000002   PAD
    0x0800bd94   0x0800bd94   0x0000001c   Code   RO         5344    i.xTaskGetSchedulerState  tasks.o
    0x0800bdb0   0x0800bdb0   0x0000000c   Code   RO         5345    i.xTaskGetTickCount  tasks.o
    0x0800bdbc   0x0800bdbc   0x000000e8   Code   RO         5347    i.xTaskIncrementTick  tasks.o
    0x0800bea4   0x0800bea4   0x000000b4   Code   RO         5350    i.xTaskPriorityDisinherit  tasks.o
    0x0800bf58   0x0800bf58   0x0000009c   Code   RO         5351    i.xTaskRemoveFromEventList  tasks.o
    0x0800bff4   0x0800bff4   0x000000e4   Code   RO         5353    i.xTaskResumeAll    tasks.o
    0x0800c0d8   0x0800c0d8   0x00000074   Code   RO         5692    i.xTimerCreate      timers.o
    0x0800c14c   0x0800c14c   0x00000074   Code   RO         5693    i.xTimerCreateTimerTask  timers.o
    0x0800c1c0   0x0800c1c0   0x00000090   Code   RO         5694    i.xTimerGenericCommand  timers.o
    0x0800c250   0x0800c250   0x00000058   Data   RO           17    .constdata          main.o
    0x0800c2a8   0x0800c2a8   0x00000010   Data   RO         1187    .constdata          stm32f4xx_hal_rcc.o
    0x0800c2b8   0x0800c2b8   0x00004740   Data   RO         4292    .constdata          lcd.o
    0x080109f8   0x080109f8   0x00000081   Data   RO         7641    .constdata          mc_w.l(ctype_o.o)
    0x08010a79   0x08010a79   0x00000003   PAD
    0x08010a7c   0x08010a7c   0x00000004   Data   RO         7642    .constdata          mc_w.l(ctype_o.o)
    0x08010a80   0x08010a80   0x00000020   Data   RO         7679    Region$$Table       anon$$obj.o


    Execution Region RW_IRAM1 (Exec base: 0x20000000, Load base: 0x08010aa0, Size: 0x0000cd80, Max: 0x00030000, ABSOLUTE, COMPRESSED[0x00000030])

    Exec Addr    Load Addr    Size         Type   Attr      Idx    E Section Name        Object

    0x20000000   COMPRESSED   0x00000040   Data   RW           18    .data               main.o
    0x20000040   COMPRESSED   0x00000014   Data   RW          493    .data               system_stm32f4xx.o
    0x20000054   COMPRESSED   0x00000004   Data   RW          657    .data               stm32f4xx_hal.o
    0x20000058   COMPRESSED   0x00000008   Data   RW         4058    .data               delay.o
    0x20000060   COMPRESSED   0x00000004   Data   RW         4141    .data               usart.o
    0x20000064   COMPRESSED   0x00000004   Data   RW         4142    .data               usart.o
    0x20000068   COMPRESSED   0x00000001   Data   RW         4230    .data               key.o
    0x20000069   COMPRESSED   0x00000003   PAD
    0x2000006c   COMPRESSED   0x00000008   Data   RW         4293    .data               lcd.o
    0x20000074   COMPRESSED   0x00000008   Data   RW         4556    .data               ltdc.o
    0x2000007c   COMPRESSED   0x00000044   Data   RW         5356    .data               tasks.o
    0x200000c0   COMPRESSED   0x00000014   Data   RW         5702    .data               timers.o
    0x200000d4   COMPRESSED   0x00000018   Data   RW         5822    .data               heap_4.o
    0x200000ec   COMPRESSED   0x00000018   Data   RW         5886    .data               port.o
    0x20000104   COMPRESSED   0x00000014   Data   RW         6289    .data               cjson.o
    0x20000118   COMPRESSED   0x00000004   Data   RW         6964    .data               mqttpacket.o
    0x2000011c   COMPRESSED   0x00000004   Data   RW         7189    .data               transport.o
    0x20000120   COMPRESSED   0x00000004   Data   RW         7608    .data               mc_w.l(mvars.o)
    0x20000124   COMPRESSED   0x00000004   Data   RW         7609    .data               mc_w.l(mvars.o)
    0x20000128   COMPRESSED   0x00000004   Data   RW         7613    .data               mc_w.l(errno.o)
    0x2000012c        -       0x0000045c   Zero   RW           16    .bss                main.o
    0x20000588        -       0x00000108   Zero   RW         4140    .bss                usart.o
    0x20000690        -       0x0000005e   Zero   RW         4291    .bss                lcd.o
    0x200006ee   COMPRESSED   0x00000002   PAD
    0x200006f0        -       0x00000034   Zero   RW         4484    .bss                sdram.o
    0x20000724        -       0x000000c8   Zero   RW         4554    .bss                ltdc.o
    0x200007ec        -       0x00000040   Zero   RW         5101    .bss                queue.o
    0x2000082c        -       0x000002e4   Zero   RW         5355    .bss                tasks.o
    0x20000b10        -       0x00000028   Zero   RW         5701    .bss                timers.o
    0x20000b38        -       0x0000b800   Zero   RW         5821    .bss                heap_4.o
    0x2000c338        -       0x00000444   Zero   RW         6125    .bss                atk_mw8266d_uart.o
    0x2000c77c   COMPRESSED   0x00000004   PAD
    0x2000c780        -       0x00000200   Zero   RW          625    HEAP                startup_stm32f429xx.o
    0x2000c980        -       0x00000400   Zero   RW          624    STACK               startup_stm32f429xx.o



  Load Region LR$$.ARM.__AT_0xC0000000 (Base: 0xc0000000, Size: 0x00000000, Max: 0x001f4000, ABSOLUTE)

    Execution Region ER$$.ARM.__AT_0xC0000000 (Exec base: 0xc0000000, Load base: 0xc0000000, Size: 0x001f4000, Max: 0x001f4000, ABSOLUTE, UNINIT)

    Exec Addr    Load Addr    Size         Type   Attr      Idx    E Section Name        Object

    0xc0000000        -       0x001f4000   Zero   RW         4553    .ARM.__AT_0xC0000000  ltdc.o


==============================================================================

Image component sizes


      Code (inc. data)   RO Data    RW Data    ZI Data      Debug   Object Name

       262          0          0          0          0       3019   ap3216c.o
       968        308          0          0          0       8948   atk_mw8266d.o
       380         46          0          0       1092       5207   atk_mw8266d_uart.o
      2156        150          0         20          0      24928   cjson.o
       212         14          0          8          0       3033   delay.o
         0          0          0          0          0      11724   event_groups.o
       584        138          0         24      47104       4031   heap_4.o
       344         34          0          1          0       1734   key.o
     13098        182      18240          8         94      21714   lcd.o
        76          8          0          0          0        843   led.o
       136          0          0          0          0       3102   list.o
      1418        118          0          8    2048200       9268   ltdc.o
      3396       1072         88         64       1116     466229   main.o
       552         18          0          0          0       5212   mqttconnectclient.o
       140          0          0          0          0       1466   mqttdeserializepublish.o
       496         20          0          4          0       9598   mqttpacket.o
       236          0          0          0          0       3166   mqttserializepublish.o
       308          0          0          0          0       3399   mqttsubscribeclient.o
       612         74          0          0          0       4866   myiic.o
       190          8          0          0          0       2816   pcf8574.o
      1286        390          0         24          0      11858   port.o
      1868        236          0          0         64      13853   queue.o
       448         46          0          0         52       3342   sdram.o
        36          8        428          0       1536        816   startup_stm32f429xx.o
       122         16          0          4          0       4068   stm32f4xx_hal.o
       218         14          0          0          0      30829   stm32f4xx_hal_cortex.o
       496         54          0          0          0       3263   stm32f4xx_hal_gpio.o
       856          4          0          0          0       4677   stm32f4xx_hal_ltdc.o
       136         14          0          0          0       1280   stm32f4xx_hal_pwr_ex.o
      1572         72         16          0          0       6267   stm32f4xx_hal_rcc.o
       680         36          0          0          0       1652   stm32f4xx_hal_rcc_ex.o
       146          0          0          0          0       2680   stm32f4xx_hal_sdram.o
        86          0          0          0          0       1196   stm32f4xx_hal_sram.o
       620         44          0          0          0       7337   stm32f4xx_hal_tim.o
        80          0          0          0          0       1268   stm32f4xx_hal_tim_ex.o
      1438          8          0          0          0       9411   stm32f4xx_hal_uart.o
        12          0          0          0          0       2601   stm32f4xx_it.o
       560         20          0          0          0       5888   stm32f4xx_ll_fmc.o
       132         10          0          0          0       1119   sys.o
        84         18          0         20          0       1001   system_stm32f4xx.o
      3790        858          0         68        740      36302   tasks.o
      1144        260          0         20         40       9782   timers.o
       496         52          0          4          0       4838   transport.o
       500         58          0          8        264       5325   usart.o

    ----------------------------------------------------------------------
     42414       4408      18804        288    2100308     764956   Object Totals
         0          0         32          0          0          0   (incl. Generated)
        44          0          0          3          6          0   (incl. Padding)

    ----------------------------------------------------------------------

      Code (inc. data)   RO Data    RW Data    ZI Data      Debug   Library Member Name

        20          0          0          0          0        124   fabs.o
        56          8          0          0          0         84   __0sscanf.o
        86          0          0          0          0          0   __dczerorl2.o
        28          0          0          0          0         68   _chval.o
       816          6          0          0          0        112   _scanf.o
        64          0          0          0          0         84   _sgetc.o
       158          0          0          0          0         92   _strtoul.o
        26          0          0          0          0         80   atoi.o
         8          4        133          0          0         68   ctype_o.o
         0          0          0          0          0          0   entry.o
         0          0          0          0          0          0   entry10a.o
         0          0          0          0          0          0   entry11a.o
         4          0          0          0          0          0   entry12b.o
         8          4          0          0          0          0   entry2.o
         4          0          0          0          0          0   entry5.o
         0          0          0          0          0          0   entry7b.o
         0          0          0          0          0          0   entry8b.o
         8          4          0          0          0          0   entry9a.o
         8          4          0          4          0         68   errno.o
        30          0          0          0          0          0   handlers.o
        36          8          0          0          0         68   init.o
        18          0          0          0          0         76   isspace_o.o
         0          0          0          0          0          0   iusefp.o
        30          0          0          0          0         68   llshl.o
        36          0          0          0          0         68   llsshr.o
        32          0          0          0          0         68   llushr.o
       360         30          0          0          0        356   mallocr.o
        36          0          0          0          0         68   memcpya.o
        36          0          0          0          0        108   memseta.o
         0          0          0          8          0          0   mvars.o
      2304        102          0          0          0        696   printfa.o
        40          8          0          0          0         84   scanf_char.o
       878         12          0          0          0        216   scanf_fp.o
        18          0          0          0          0         68   strcpy.o
        14          0          0          0          0         68   strlen.o
        36          0          0          0          0         80   strstr.o
       112          0          0          0          0         88   strtol.o
        44          0          0          0          0         80   uidiv.o
        98          0          0          0          0         92   uldiv.o
        48          0          0          0          0         68   cdcmple.o
        48          0          0          0          0         68   cdrcmple.o
        56          0          0          0          0         88   d2f.o
       334          0          0          0          0        148   dadd.o
       222          0          0          0          0        100   ddiv.o
       186          0          0          0          0        176   depilogue.o
        62          0          0          0          0         80   dfixi.o
        50          0          0          0          0         76   dfixui.o
        48          0          0          0          0         68   dfixul.o
        26          0          0          0          0         76   dfltui.o
        24          0          0          0          0         76   dfltul.o
       228          0          0          0          0         96   dmul.o
       110          0          0          0          0        168   fepilogue.o

    ----------------------------------------------------------------------
      6902        190        136         12          0       4420   Library Totals
         8          0          3          0          0          0   (incl. Padding)

    ----------------------------------------------------------------------

      Code (inc. data)   RO Data    RW Data    ZI Data      Debug   Library Name

        20          0          0          0          0        124   m_wm.l
      5432        190        133         12          0       3008   mc_w.l
      1442          0          0          0          0       1288   mf_w.l

    ----------------------------------------------------------------------
      6902        190        136         12          0       4420   Library Totals

    ----------------------------------------------------------------------

==============================================================================


      Code (inc. data)   RO Data    RW Data    ZI Data      Debug   

     49316       4598      18940        300    2100308     739620   Grand Totals
     49316       4598      18940         48    2100308     739620   ELF Image Totals (compressed)
     49316       4598      18940         48          0          0   ROM Totals

==============================================================================

    Total RO  Size (Code + RO Data)                68256 (  66.66kB)
    Total RW  Size (RW Data + ZI Data)           2100608 (2051.38kB)
    Total ROM Size (Code + RO Data + RW Data)      68304 (  66.70kB)

==============================================================================

