<html>
<body>
<pre>
<h1>µVision Build Log</h1>
<h2>Tool Versions:</h2>
IDE-Version: ¦ÌVision V5.39.0.0
Copyright (C) 2023 ARM Ltd and ARM Germany GmbH. All rights reserved.
License Information: 1 3070146989@qq.com, 1, LIC=65ISZ-JT5C0-12MLE-5N4NX-BAKNK-E3DBT
 
Tool Versions:
Toolchain:       MDK-ARM Plus  Version: 5.39.0.0
Toolchain Path:  E:\solftwares\keil_v5\ARM\ARMCC\Bin
C Compiler:      Armcc.exe V5.06 update 7 (build 960)
Assembler:       Armasm.exe V5.06 update 7 (build 960)
Linker/Locator:  ArmLink.exe V5.06 update 7 (build 960)
Library Manager: ArmAr.exe V5.06 update 7 (build 960)
Hex Converter:   FromElf.exe V5.06 update 7 (build 960)
CPU DLL:         SARMCM3.DLL V5.39.0.0
Dialog DLL:      DCM.DLL V1.17.5.0
Target DLL:      Segger\JL2CM3.dll V2.99.43.0
Dialog DLL:      TCM.DLL V1.56.4.0
 
<h2>Project:</h2>
E:\code\MCU_code\F429IGT6\IoT_gateway\USER\gateway.uvprojx
Project File Date:  03/28/2026

<h2>Output:</h2>
*** Using Compiler 'V5.06 update 7 (build 960)', folder: 'E:\solftwares\keil_v5\ARM\ARMCC\Bin'
Rebuild target 'gateway'
assembling startup_stm32f429xx.s...
compiling stm32f4xx_it.c...
compiling stm32f4xx_hal_pwr.c...
compiling stm32f4xx_hal_cortex.c...
compiling stm32f4xx_hal_gpio.c...
compiling system_stm32f4xx.c...
compiling stm32f4xx_hal_pwr_ex.c...
compiling stm32f4xx_hal_dma.c...
compiling stm32f4xx_hal.c...
compiling stm32f4xx_hal_rcc_ex.c...
compiling stm32f4xx_hal_dma_ex.c...
compiling stm32f4xx_hal_rcc.c...
compiling stm32f4xx_hal_uart.c...
compiling main.c...
main.c(152): warning:  #111-D: statement is unreachable
      return 0;
main.c(194): warning:  #177-D: variable "link_status"  was declared but never referenced
      bool  link_status; // WiFi é“¾è·¯çŠ¶æ€?
main.c(243): warning:  #177-D: variable "dht11_data"  was declared but never referenced
      DHT11_Data_t dht11_data;
main.c: 3 warnings, 0 errors
compiling stm32f4xx_hal_usart.c...
compiling stm32f4xx_hal_sram.c...
compiling stm32f4xx_hal_sdram.c...
compiling stm32f4xx_ll_fmc.c...
compiling stm32f4xx_hal_ltdc_ex.c...
compiling stm32f4xx_hal_tim_ex.c...
compiling stm32f4xx_hal_dma2d.c...
compiling stm32f4xx_hal_iwdg.c...
compiling stm32f4xx_hal_wwdg.c...
compiling stm32f4xx_hal_ltdc.c...
compiling stm32f4xx_hal_flash.c...
compiling stm32f4xx_hal_flash_ex.c...
compiling stm32f4xx_hal_spi.c...
compiling stm32f4xx_hal_can.c...
compiling stm32f4xx_hal_tim.c...
compiling sys.c...
compiling led.c...
compiling key.c...
compiling delay.c...
compiling sdram.c...
compiling usart.c...
compiling pcf8574.c...
compiling dht11.c...
compiling myiic.c...
compiling ap3216c.c...
compiling spi.c...
compiling w25qxx.c...
compiling ltdc.c...
compiling lcd.c...
compiling MQTTConnectClient.c...
compiling MQTTConnectServer.c...
compiling MQTTDeserializePublish.c...
compiling MQTTFormat.c...
compiling MQTTPacket.c...
compiling MQTTSerializePublish.c...
compiling cJSON.c...
compiling MQTTSubscribeClient.c...
compiling MQTTSubscribeServer.c...
compiling MQTTUnsubscribeClient.c...
compiling MQTTUnsubscribeServer.c...
compiling md5.c...
compiling croutine.c...
compiling list.c...
compiling event_groups.c...
compiling heap_4.c...
compiling port.c...
compiling timers.c...
compiling queue.c...
compiling atk_mw8266d.c...
..\ATK_MW8266D\atk_mw8266d.c(759): warning:  #167-D: argument of type "char *" is incompatible with parameter of type "u8 *"
      LCD_ShowString(30,330,200,16,16, ip_buf);
..\ATK_MW8266D\atk_mw8266d.c: 1 warning, 0 errors
compiling atk_mw8266d_uart.c...
compiling tasks.c...
compiling transport.c...
compiling flash.c...
..\HARDWARE\FLASH\flash.c(49): warning:  #177-D: function "GetSectorSize"  was declared but never referenced
  static uint32_t GetSectorSize(uint32_t Sector)
..\HARDWARE\FLASH\flash.c: 1 warning, 0 errors
compiling ota.c...
compiling network_app .c...
..\PROTOCOL\protocol_onenet.h(10): warning:  #1-D: last line of file ends without a newline
  #endif // PROTOCOL_ONENET_H
..\APP\NET_APP\network_app .c(599): warning:  #177-D: function "net_handle_ota"  was declared but never referenced
  static void net_handle_ota(NetTaskContext *ctx)
..\APP\NET_APP\network_app .c: 2 warnings, 0 errors
compiling wdog.c...
compiling store_flash.c...
..\APP\SPI_FLASH_APP\store_flash.c(177): warning:  #167-D: argument of type "volatile uint8_t *" is incompatible with parameter of type "u8 *"
      W25QXX_Read(&first_flag, FLASH_DATA_START, 1);
..\APP\SPI_FLASH_APP\store_flash.c: 1 warning, 0 errors
compiling sensor_app .c...
..\APP\Sensor_APP\sensor_app .c(13): warning:  #177-D: variable "dht11_data"  was declared but never referenced
      DHT11_Data_t dht11_data; 
..\APP\Sensor_APP\sensor_app .c(71): warning:  #1-D: last line of file ends without a newline
  }
..\APP\Sensor_APP\sensor_app .c: 2 warnings, 0 errors
compiling protocol_onenet.c...
..\PROTOCOL\protocol_onenet.h(10): warning:  #1-D: last line of file ends without a newline
  #endif // PROTOCOL_ONENET_H
..\PROTOCOL\protocol_onenet.c: 1 warning, 0 errors
linking...
Program Size: Code=58596 RO-data=19372 RW-data=344 ZI-data=2110904  
FromELF: creating hex file...
"..\OBJ\loT_gataway.axf" - 0 Error(s), 11 Warning(s).

<h2>Software Packages used:</h2>

Package Vendor: Keil
                https://www.keil.com/pack/Keil.STM32F4xx_DFP.2.17.1.pack
                Keil::STM32F4xx_DFP@2.17.1
                STMicroelectronics STM32F4 Series Device Support, Drivers and Examples

<h2>Collection of Component include folders:</h2>
  E:/solftwares/keil_v5/ARM/PACK/Keil/STM32F4xx_DFP/2.17.1/Drivers/CMSIS/Device/ST/STM32F4xx/Include

<h2>Collection of Component Files used:</h2>
Build Time Elapsed:  00:00:07
</pre>
</body>
</html>
