Component: ARM Compiler 5.06 update 7 (build 960) Tool: armlink [4d3601]

==============================================================================

Section Cross References

    main.o(i.ConfigureTimeForRunTimeStats) refers to stm32f4xx_hal_tim.o(i.HAL_TIM_Base_Init) for HAL_TIM_Base_Init
    main.o(i.ConfigureTimeForRunTimeStats) refers to stm32f4xx_hal_tim.o(i.HAL_TIM_ConfigClockSource) for HAL_TIM_ConfigClockSource
    main.o(i.ConfigureTimeForRunTimeStats) refers to stm32f4xx_hal_tim_ex.o(i.HAL_TIMEx_MasterConfigSynchronization) for HAL_TIMEx_MasterConfigSynchronization
    main.o(i.ConfigureTimeForRunTimeStats) refers to stm32f4xx_hal_tim.o(i.HAL_TIM_Base_Start) for HAL_TIM_Base_Start
    main.o(i.ConfigureTimeForRunTimeStats) refers to main.o(.bss) for .bss
    main.o(i.GetTimerCounterValue) refers to main.o(.bss) for .bss
    main.o(i.init_task) refers to lcd.o(i.LCD_Init) for LCD_Init
    main.o(i.init_task) refers to pcf8574.o(i.PCF8574_Init) for PCF8574_Init
    main.o(i.init_task) refers to w25qxx.o(i.W25QXX_Init) for W25QXX_Init
    main.o(i.init_task) refers to w25qxx.o(i.W25QXX_ReadID) for W25QXX_ReadID
    main.o(i.init_task) refers to printfa.o(i.__0printf) for __2printf
    main.o(i.init_task) refers to store_flash.o(i.flash_store_init) for flash_store_init
    main.o(i.init_task) refers to pcf8574.o(i.PCF8574_ReadBit) for PCF8574_ReadBit
    main.o(i.init_task) refers to lcd.o(i.LCD_ShowString) for LCD_ShowString
    main.o(i.init_task) refers to delay.o(i.delay_xms) for delay_xms
    main.o(i.init_task) refers to ap3216c.o(i.AP3216C_Init) for AP3216C_Init
    main.o(i.init_task) refers to atk_mw8266d.o(i.wifi_net_init) for wifi_net_init
    main.o(i.init_task) refers to atk_mw8266d_uart.o(i.atk_mw8266d_uart_rx_restart) for atk_mw8266d_uart_rx_restart
    main.o(i.init_task) refers to tasks.o(i.vTaskDelete) for vTaskDelete
    main.o(i.init_task) refers to store_flash.o(.data) for flash_ready
    main.o(i.init_task) refers to lcd.o(.data) for POINT_COLOR
    main.o(i.lcd_task) refers to wdog.o(i.wd_heartbeat) for wd_heartbeat
    main.o(i.lcd_task) refers to queue.o(i.xQueueGenericReceive) for xQueueGenericReceive
    main.o(i.lcd_task) refers to lcd.o(i.LCD_Fill) for LCD_Fill
    main.o(i.lcd_task) refers to lcd.o(i.LCD_ShowNum) for LCD_ShowNum
    main.o(i.lcd_task) refers to queue.o(i.xQueueGenericSend) for xQueueGenericSend
    main.o(i.lcd_task) refers to tasks.o(i.vTaskDelay) for vTaskDelay
    main.o(i.lcd_task) refers to sensor_app .o(.data) for xAP3216CQueue
    main.o(i.lcd_task) refers to main.o(.data) for .data
    main.o(i.main) refers to stm32f4xx_hal.o(i.HAL_Init) for HAL_Init
    main.o(i.main) refers to stm32f4xx_hal_cortex.o(i.HAL_NVIC_SetPriorityGrouping) for HAL_NVIC_SetPriorityGrouping
    main.o(i.main) refers to sys.o(i.Stm32_Clock_Init) for Stm32_Clock_Init
    main.o(i.main) refers to delay.o(i.delay_init) for delay_init
    main.o(i.main) refers to usart.o(i.uart_init) for uart_init
    main.o(i.main) refers to led.o(i.LED_Init) for LED_Init
    main.o(i.main) refers to key.o(i.KEY_Init) for KEY_Init
    main.o(i.main) refers to sdram.o(i.SDRAM_Init) for SDRAM_Init
    main.o(i.main) refers to printfa.o(i.__0printf) for __2printf
    main.o(i.main) refers to tasks.o(i.xTaskCreate) for xTaskCreate
    main.o(i.main) refers to tasks.o(i.vTaskStartScheduler) for vTaskStartScheduler
    main.o(i.main) refers to main.o(.data) for .data
    main.o(i.main) refers to main.o(i.start_task) for start_task
    main.o(i.run_time_stats_task) refers to tasks.o(i.vTaskGetRunTimeStats) for vTaskGetRunTimeStats
    main.o(i.run_time_stats_task) refers to printfa.o(i.__0printf) for __2printf
    main.o(i.run_time_stats_task) refers to tasks.o(i.vTaskDelay) for vTaskDelay
    main.o(i.start_task) refers to queue.o(i.xQueueGenericCreate) for xQueueGenericCreate
    main.o(i.start_task) refers to queue.o(i.xQueueCreateMutex) for xQueueCreateMutex
    main.o(i.start_task) refers to cjson.o(i.cJSON_InitHooks) for cJSON_InitHooks
    main.o(i.start_task) refers to printfa.o(i.__0printf) for __2printf
    main.o(i.start_task) refers to tasks.o(i.xTaskCreate) for xTaskCreate
    main.o(i.start_task) refers to tasks.o(i.vTaskDelete) for vTaskDelete
    main.o(i.start_task) refers to sensor_app .o(.data) for xDHT11Queue
    main.o(i.start_task) refers to sensor_app .o(.data) for xAP3216CQueue
    main.o(i.start_task) refers to main.o(.data) for .data
    main.o(i.start_task) refers to heap_4.o(i.pvPortMalloc) for pvPortMalloc
    main.o(i.start_task) refers to heap_4.o(i.vPortFree) for vPortFree
    main.o(i.start_task) refers to main.o(i.init_task) for init_task
    main.o(i.start_task) refers to sensor_app .o(i.dht11_task) for dht11_task
    main.o(i.start_task) refers to sensor_app .o(i.ap3216c_task) for ap3216c_task
    main.o(i.start_task) refers to main.o(i.lcd_task) for lcd_task
    main.o(i.start_task) refers to network_app .o(i.net_task) for net_task
[...]
    OTA_WriteDownloadChunk                   0x080284b5   Thumb Code    98  flash.o(i.OTA_WriteDownloadChunk)
    PCF8574_Init                             0x0802851d   Thumb Code    84  pcf8574.o(i.PCF8574_Init)
    PCF8574_ReadBit                          0x08028579   Thumb Code    24  pcf8574.o(i.PCF8574_ReadBit)
    PCF8574_ReadOneByte                      0x08028591   Thumb Code    32  pcf8574.o(i.PCF8574_ReadOneByte)
    PCF8574_WriteBit                         0x080285b1   Thumb Code    32  pcf8574.o(i.PCF8574_WriteBit)
    PCF8574_WriteOneByte                     0x080285d1   Thumb Code    42  pcf8574.o(i.PCF8574_WriteOneByte)
    PostSleepProcessing                      0x080285fb   Thumb Code     2  main.o(i.PostSleepProcessing)
    PreSleepProcessing                       0x080285fd   Thumb Code    24  main.o(i.PreSleepProcessing)
    SDRAM_Init                               0x08028615   Thumb Code    86  sdram.o(i.SDRAM_Init)
    SDRAM_Initialization_Sequence            0x08028675   Thumb Code    74  sdram.o(i.SDRAM_Initialization_Sequence)
    SDRAM_Send_Cmd                           0x080286c5   Thumb Code    48  sdram.o(i.SDRAM_Send_Cmd)
    SPI5_Init                                0x080286f9   Thumb Code    72  spi.o(i.SPI5_Init)
    SPI5_ReadWriteByte                       0x08028749   Thumb Code    28  spi.o(i.SPI5_ReadWriteByte)
    SPI5_SetSpeed                            0x08028769   Thumb Code    46  spi.o(i.SPI5_SetSpeed)
    Stm32_Clock_Init                         0x0802883d   Thumb Code   122  sys.o(i.Stm32_Clock_Init)
    SysTick_Handler                          0x080288c1   Thumb Code    22  delay.o(i.SysTick_Handler)
    SystemInit                               0x080288d9   Thumb Code    66  system_stm32f4xx.o(i.SystemInit)
    TIM_Base_SetConfig                       0x0802892d   Thumb Code   148  stm32f4xx_hal_tim.o(i.TIM_Base_SetConfig)
    USART1_IRQHandler                        0x08028d69   Thumb Code    56  usart.o(i.USART1_IRQHandler)
    USART2_IRQHandler                        0x08028dad   Thumb Code   174  atk_mw8266d_uart.o(i.USART2_IRQHandler)
    UsageFault_Handler                       0x08028e6d   Thumb Code     2  stm32f4xx_it.o(i.UsageFault_Handler)
    W25QXX_Erase_Sector                      0x08028e71   Thumb Code    80  w25qxx.o(i.W25QXX_Erase_Sector)
    W25QXX_Init                              0x08028ec9   Thumb Code   106  w25qxx.o(i.W25QXX_Init)
    W25QXX_Read                              0x08028f45   Thumb Code    94  w25qxx.o(i.W25QXX_Read)
    W25QXX_ReadID                            0x08028fad   Thumb Code    62  w25qxx.o(i.W25QXX_ReadID)
    W25QXX_ReadSR                            0x08028ff1   Thumb Code    52  w25qxx.o(i.W25QXX_ReadSR)
    W25QXX_Wait_Busy                         0x08029029   Thumb Code    14  w25qxx.o(i.W25QXX_Wait_Busy)
    W25QXX_Write                             0x08029039   Thumb Code   150  w25qxx.o(i.W25QXX_Write)
    W25QXX_Write_Enable                      0x080290d5   Thumb Code    26  w25qxx.o(i.W25QXX_Write_Enable)
    W25QXX_Write_NoCheck                     0x080290f5   Thumb Code    62  w25qxx.o(i.W25QXX_Write_NoCheck)
    W25QXX_Write_Page                        0x08029135   Thumb Code   100  w25qxx.o(i.W25QXX_Write_Page)
    __0printf                                0x080291e1   Thumb Code    22  printfa.o(i.__0printf)
    __1printf                                0x080291e1   Thumb Code     0  printfa.o(i.__0printf)
    __2printf                                0x080291e1   Thumb Code     0  printfa.o(i.__0printf)
    __c89printf                              0x080291e1   Thumb Code     0  printfa.o(i.__0printf)
    printf                                   0x080291e1   Thumb Code     0  printfa.o(i.__0printf)
    __0snprintf                              0x08029201   Thumb Code    48  printfa.o(i.__0snprintf)
    __1snprintf                              0x08029201   Thumb Code     0  printfa.o(i.__0snprintf)
    __2snprintf                              0x08029201   Thumb Code     0  printfa.o(i.__0snprintf)
    __c89snprintf                            0x08029201   Thumb Code     0  printfa.o(i.__0snprintf)
    snprintf                                 0x08029201   Thumb Code     0  printfa.o(i.__0snprintf)
    __0sprintf                               0x08029235   Thumb Code    34  printfa.o(i.__0sprintf)
    __1sprintf                               0x08029235   Thumb Code     0  printfa.o(i.__0sprintf)
    __2sprintf                               0x08029235   Thumb Code     0  printfa.o(i.__0sprintf)
    __c89sprintf                             0x08029235   Thumb Code     0  printfa.o(i.__0sprintf)
    sprintf                                  0x08029235   Thumb Code     0  printfa.o(i.__0sprintf)
    __0vsprintf                              0x0802925d   Thumb Code    30  printfa.o(i.__0vsprintf)
    __1vsprintf                              0x0802925d   Thumb Code     0  printfa.o(i.__0vsprintf)
    __2vsprintf                              0x0802925d   Thumb Code     0  printfa.o(i.__0vsprintf)
    __c89vsprintf                            0x0802925d   Thumb Code     0  printfa.o(i.__0vsprintf)
    vsprintf                                 0x0802925d   Thumb Code     0  printfa.o(i.__0vsprintf)
    __aeabi_errno_addr                       0x08029281   Thumb Code     4  errno.o(i.__aeabi_errno_addr)
    __rt_errno_addr                          0x08029281   Thumb Code     0  errno.o(i.__aeabi_errno_addr)
    free                                     0x08029289   Thumb Code    88  mallocr.o(i.__free$realloc)
    __hardfp_fabs                            0x080292e5   Thumb Code    20  fabs.o(i.__hardfp_fabs)
    __hardfp_strtod                          0x080292f9   Thumb Code    30  strtod.o(i.__hardfp_strtod)
    malloc                                   0x08029321   Thumb Code    64  mallocr.o(i.__malloc$realloc)
    __scatterload_copy                       0x08029371   Thumb Code    14  handlers.o(i.__scatterload_copy)
    __scatterload_null                       0x0802937f   Thumb Code     2  handlers.o(i.__scatterload_null)
    __scatterload_zeroinit                   0x08029381   Thumb Code    14  handlers.o(i.__scatterload_zeroinit)
    _is_digit                                0x08029515   Thumb Code    14  scanf_fp.o(i._is_digit)
    ap3216c_task                             0x08029cd1   Thumb Code   136  sensor_app .o(i.ap3216c_task)
    atk_mw8266d_at_test                      0x08029d7d   Thumb Code    34  atk_mw8266d.o(i.atk_mw8266d_at_test)
    atk_mw8266d_ate_config                   0x08029da9   Thumb Code    38  atk_mw8266d.o(i.atk_mw8266d_ate_config)
    atk_mw8266d_connect_tcp_server           0x08029de5   Thumb Code    38  atk_mw8266d.o(i.atk_mw8266d_connect_tcp_server)
    atk_mw8266d_enter_unvarnished            0x08029e31   Thumb Code    40  atk_mw8266d.o(i.atk_mw8266d_enter_unvarnished)
    atk_mw8266d_exit_unvarnished             0x08029e7d   Thumb Code    42  atk_mw8266d.o(i.atk_mw8266d_exit_unvarnished)
    atk_mw8266d_get_ip                       0x08029eb5   Thumb Code    60  atk_mw8266d.o(i.atk_mw8266d_get_ip)
    atk_mw8266d_hw_reset                     0x08029f09   Thumb Code    46  atk_mw8266d.o(i.atk_mw8266d_hw_reset)
    atk_mw8266d_init                         0x08029f3d   Thumb Code   158  atk_mw8266d.o(i.atk_mw8266d_init)
    atk_mw8266d_join_ap                      0x0802a001   Thumb Code    38  atk_mw8266d.o(i.atk_mw8266d_join_ap)
    atk_mw8266d_restore                      0x0802a049   Thumb Code    22  atk_mw8266d.o(i.atk_mw8266d_restore)
    atk_mw8266d_send_at_cmd                  0x0802a075   Thumb Code    62  atk_mw8266d.o(i.atk_mw8266d_send_at_cmd)
    atk_mw8266d_set_mode                     0x0802a0bd   Thumb Code    50  atk_mw8266d.o(i.atk_mw8266d_set_mode)
    atk_mw8266d_sw_reset                     0x0802a119   Thumb Code    32  atk_mw8266d.o(i.atk_mw8266d_sw_reset)
    atk_mw8266d_uart_init                    0x0802a145   Thumb Code    52  atk_mw8266d_uart.o(i.atk_mw8266d_uart_init)
    atk_mw8266d_uart_printf                  0x0802a181   Thumb Code    42  atk_mw8266d_uart.o(i.atk_mw8266d_uart_printf)
    atk_mw8266d_uart_rx_get_frame            0x0802a1b1   Thumb Code    26  atk_mw8266d_uart.o(i.atk_mw8266d_uart_rx_get_frame)
    atk_mw8266d_uart_rx_get_frame_len        0x0802a1d1   Thumb Code    20  atk_mw8266d_uart.o(i.atk_mw8266d_uart_rx_get_frame_len)
    atk_mw8266d_uart_rx_restart              0x0802a1e9   Thumb Code    16  atk_mw8266d_uart.o(i.atk_mw8266d_uart_rx_restart)
    bufchar                                  0x0802a411   Thumb Code    28  mqttpacket.o(i.bufchar)
    cJSON_AddItemToObject                    0x0802a461   Thumb Code    14  cjson.o(i.cJSON_AddItemToObject)
    cJSON_AddNumberToObject                  0x0802a475   Thumb Code    42  cjson.o(i.cJSON_AddNumberToObject)
    cJSON_AddStringToObject                  0x0802a4a5   Thumb Code    44  cjson.o(i.cJSON_AddStringToObject)
    cJSON_CreateNumber                       0x0802a4d5   Thumb Code    98  cjson.o(i.cJSON_CreateNumber)
    cJSON_CreateObject                       0x0802a54d   Thumb Code    18  cjson.o(i.cJSON_CreateObject)
    cJSON_CreateString                       0x0802a565   Thumb Code    44  cjson.o(i.cJSON_CreateString)
    cJSON_Delete                             0x0802a595   Thumb Code    66  cjson.o(i.cJSON_Delete)
    cJSON_GetObjectItemCaseSensitive         0x0802a5dd   Thumb Code     6  cjson.o(i.cJSON_GetObjectItemCaseSensitive)
    cJSON_InitHooks                          0x0802a5e5   Thumb Code    54  cjson.o(i.cJSON_InitHooks)
    cJSON_IsBool                             0x0802a62d   Thumb Code    14  cjson.o(i.cJSON_IsBool)
    cJSON_IsNumber                           0x0802a63b   Thumb Code    18  cjson.o(i.cJSON_IsNumber)
    cJSON_IsObject                           0x0802a64d   Thumb Code    18  cjson.o(i.cJSON_IsObject)
    cJSON_IsString                           0x0802a65f   Thumb Code    18  cjson.o(i.cJSON_IsString)
    cJSON_IsTrue                             0x0802a671   Thumb Code    18  cjson.o(i.cJSON_IsTrue)
    cJSON_Parse                              0x0802a699   Thumb Code     8  cjson.o(i.cJSON_Parse)
    cJSON_ParseWithLengthOpts                0x0802a6a1   Thumb Code   210  cjson.o(i.cJSON_ParseWithLengthOpts)
    cJSON_ParseWithOpts                      0x0802a77d   Thumb Code    34  cjson.o(i.cJSON_ParseWithOpts)
    cJSON_PrintPreallocated                  0x0802a7a1   Thumb Code    66  cjson.o(i.cJSON_PrintPreallocated)
    data_process_mqtt_msg                    0x0802a8c9   Thumb Code   840  protocol_onenet.o(i.data_process_mqtt_msg)
    delay_init                               0x0802ad81   Thumb Code    50  delay.o(i.delay_init)
    delay_ms                                 0x0802adb9   Thumb Code    52  delay.o(i.delay_ms)
    delay_us                                 0x0802adf1   Thumb Code    48  delay.o(i.delay_us)
    delay_xms                                0x0802ae25   Thumb Code    26  delay.o(i.delay_xms)
    dht11_task                               0x0802ae3f   Thumb Code    18  sensor_app .o(i.dht11_task)
    eTaskConfirmSleepModeStatus              0x0802ae51   Thumb Code    38  tasks.o(i.eTaskConfirmSleepModeStatus)
    flash_store_init                         0x0802afcd   Thumb Code    78  store_flash.o(i.flash_store_init)
    flash_store_mark_sent_locked             0x0802b09d   Thumb Code    56  store_flash.o(i.flash_store_mark_sent_locked)
    flash_store_peek_locked                  0x0802b169   Thumb Code    80  store_flash.o(i.flash_store_peek_locked)
    flash_store_push_locked                  0x0802b2b1   Thumb Code    62  store_flash.o(i.flash_store_push_locked)
    fputc                                    0x0802b3b5   Thumb Code    14  usart.o(i.fputc)
    init_task                                0x0802b501   Thumb Code   242  main.o(i.init_task)
    lcd_task                                 0x0802b80d   Thumb Code   168  main.o(i.lcd_task)
    main                                     0x0802b8bd   Thumb Code    90  main.o(i.main)
    net_ctx_init                             0x0802b9ed   Thumb Code   100  network_app .o(i.net_ctx_init)
    net_task                                 0x0802c0f5   Thumb Code   250  network_app .o(i.net_task)
    pvPortMalloc                             0x0802efa1   Thumb Code   214  heap_4.o(i.pvPortMalloc)
    pvTaskIncrementMutexHeldCount            0x0802f0b5   Thumb Code    18  tasks.o(i.pvTaskIncrementMutexHeldCount)
    pxPortInitialiseStack                    0x0802f0cd   Thumb Code    40  port.o(i.pxPortInitialiseStack)
    readChar                                 0x0802f0f9   Thumb Code    12  mqttpacket.o(i.readChar)
    readInt                                  0x0802f105   Thumb Code    18  mqttpacket.o(i.readInt)
    readMQTTLenString                        0x0802f117   Thumb Code    52  mqttpacket.o(i.readMQTTLenString)
    realloc                                  0x0802f14d   Thumb Code   102  mallocr.o(i.realloc)
    start_task                               0x0802f3e1   Thumb Code   258  main.o(i.start_task)
    transport_close                          0x0802f581   Thumb Code    40  transport.o(i.transport_close)
    transport_getdata                        0x0802f5bd   Thumb Code   182  transport.o(i.transport_getdata)
    transport_getdatanb                      0x0802f679   Thumb Code   110  transport.o(i.transport_getdatanb)
    transport_open                           0x0802f6ed   Thumb Code    70  transport.o(i.transport_open)
    transport_sendPacketBuffer               0x0802f73d   Thumb Code    42  transport.o(i.transport_sendPacketBuffer)
    uart_init                                0x0802f771   Thumb Code    44  usart.o(i.uart_init)
    uxListRemove                             0x0802f911   Thumb Code    36  list.o(i.uxListRemove)
    vListInitialise                          0x0802f935   Thumb Code    22  list.o(i.vListInitialise)
    vListInitialiseItem                      0x0802f94b   Thumb Code     6  list.o(i.vListInitialiseItem)
    vListInsert                              0x0802f951   Thumb Code    48  list.o(i.vListInsert)
    vListInsertEnd                           0x0802f981   Thumb Code    24  list.o(i.vListInsertEnd)
    vPortEnterCritical                       0x0802f999   Thumb Code    50  port.o(i.vPortEnterCritical)
    vPortExitCritical                        0x0802fa11   Thumb Code    34  port.o(i.vPortExitCritical)
    vPortFree                                0x0802fa75   Thumb Code    94  heap_4.o(i.vPortFree)
    vPortSetupTimerInterrupt                 0x0802fb11   Thumb Code    58  port.o(i.vPortSetupTimerInterrupt)
    vPortSuppressTicksAndSleep               0x0802fb55   Thumb Code   228  port.o(i.vPortSuppressTicksAndSleep)
    vPortValidateInterruptPriority           0x0802fc3d   Thumb Code    70  port.o(i.vPortValidateInterruptPriority)
    vQueueAddToRegistry                      0x0802fcc9   Thumb Code    32  queue.o(i.vQueueAddToRegistry)
    vQueueWaitForMessageRestricted           0x0802fced   Thumb Code    68  queue.o(i.vQueueWaitForMessageRestricted)
    vTaskDelay                               0x0802fd31   Thumb Code    62  tasks.o(i.vTaskDelay)
    vTaskDelete                              0x0802fd9d   Thumb Code   152  tasks.o(i.vTaskDelete)
    vTaskMissedYield                         0x0802fe69   Thumb Code     8  tasks.o(i.vTaskMissedYield)
    vTaskPlaceOnEventList                    0x0802fe75   Thumb Code    44  tasks.o(i.vTaskPlaceOnEventList)
    vTaskPlaceOnEventListRestricted          0x0802fec9   Thumb Code    52  tasks.o(i.vTaskPlaceOnEventListRestricted)
    vTaskPriorityInherit                     0x0802ff25   Thumb Code   124  tasks.o(i.vTaskPriorityInherit)
    vTaskSetTimeOutState                     0x0802ffa9   Thumb Code    30  tasks.o(i.vTaskSetTimeOutState)
    vTaskStartScheduler                      0x0802fff1   Thumb Code   100  tasks.o(i.vTaskStartScheduler)
    vTaskStepTick                            0x08030089   Thumb Code    36  tasks.o(i.vTaskStepTick)
    vTaskSuspendAll                          0x080300d5   Thumb Code    10  tasks.o(i.vTaskSuspendAll)
    vTaskSwitchContext                       0x080300e5   Thumb Code   104  tasks.o(i.vTaskSwitchContext)
    watchdog_task                            0x08030179   Thumb Code   152  wdog.o(i.watchdog_task)
    wd_heartbeat                             0x0803025d   Thumb Code    24  wdog.o(i.wd_heartbeat)
    wifi_net_init                            0x08030279   Thumb Code   200  atk_mw8266d.o(i.wifi_net_init)
    writeCString                             0x080303bd   Thumb Code    40  mqttpacket.o(i.writeCString)
    writeChar                                0x080303e5   Thumb Code    12  mqttpacket.o(i.writeChar)
    writeInt                                 0x080303f1   Thumb Code    30  mqttpacket.o(i.writeInt)
    writeMQTTString                          0x0803040f   Thumb Code    54  mqttpacket.o(i.writeMQTTString)
    xPortStartScheduler                      0x08030445   Thumb Code   196  port.o(i.xPortStartScheduler)
    xPortSysTickHandler                      0x08030559   Thumb Code    38  port.o(i.xPortSysTickHandler)
    xQueueCreateMutex                        0x08030585   Thumb Code    36  queue.o(i.xQueueCreateMutex)
    xQueueGenericCreate                      0x080305a9   Thumb Code    82  queue.o(i.xQueueGenericCreate)
    xQueueGenericReceive                     0x08030621   Thumb Code   348  queue.o(i.xQueueGenericReceive)
    xQueueGenericReset                       0x080307a5   Thumb Code   128  queue.o(i.xQueueGenericReset)
    xQueueGenericSend                        0x0803084d   Thumb Code   350  queue.o(i.xQueueGenericSend)
    xQueueGenericSendFromISR                 0x080309d5   Thumb Code   188  queue.o(i.xQueueGenericSendFromISR)
    xTaskCheckForTimeOut                     0x08030ab5   Thumb Code    94  tasks.o(i.xTaskCheckForTimeOut)
    xTaskCreate                              0x08030b3d   Thumb Code    86  tasks.o(i.xTaskCreate)
    xTaskGetSchedulerState                   0x08030b95   Thumb Code    22  tasks.o(i.xTaskGetSchedulerState)
    xTaskGetTickCount                        0x08030bb1   Thumb Code     6  tasks.o(i.xTaskGetTickCount)
    xTaskIncrementTick                       0x08030bbd   Thumb Code   188  tasks.o(i.xTaskIncrementTick)
    xTaskPriorityDisinherit                  0x08030ca5   Thumb Code   136  tasks.o(i.xTaskPriorityDisinherit)
    xTaskRemoveFromEventList                 0x08030d59   Thumb Code   108  tasks.o(i.xTaskRemoveFromEventList)
    xTaskResumeAll                           0x08030df5   Thumb Code   180  tasks.o(i.xTaskResumeAll)
    xTimerCreate                             0x08030ed9   Thumb Code    74  timers.o(i.xTimerCreate)
    xTimerCreateTimerTask                    0x08030f4d   Thumb Code    58  timers.o(i.xTimerCreateTimerTask)
    xTimerGenericCommand                     0x08030fc1   Thumb Code    98  timers.o(i.xTimerGenericCommand)
    APBAHBPrescTable                         0x08031050   Data          16  stm32f4xx_hal_rcc.o(.constdata)
    asc2_1206                                0x08031060   Data        1140  lcd.o(.constdata)
    asc2_1608                                0x080314d4   Data        1520  lcd.o(.constdata)
    asc2_2412                                0x08031ac4   Data        3420  lcd.o(.constdata)
    asc2_3216                                0x08032820   Data       12160  lcd.o(.constdata)
    __ctype_table                            0x0803584c   Data         129  ctype_o.o(.constdata)
    Region$$Table$$Base                      0x08035cac   Number         0  anon$$obj.o(Region$$Table)
    Region$$Table$$Limit                     0x08035ccc   Number         0  anon$$obj.o(Region$$Table)
    StartTask_Handler                        0x20000000   Data           4  main.o(.data)
    InitTask_Handler                         0x20000004   Data           4  main.o(.data)
    DHT11Task_Handler                        0x20000008   Data           4  main.o(.data)
    AP3216CTask_Handler                      0x2000000c   Data           4  main.o(.data)
    LCDTask_Handler                          0x20000010   Data           4  main.o(.data)
    NETTask_Handler                          0x20000014   Data           4  main.o(.data)
    WatchdogTask_Handler                     0x20000018   Data           4  main.o(.data)
    xUartRxQueue                             0x2000001c   Data           4  main.o(.data)
    xLCDMutex                                0x20000020   Data           4  main.o(.data)
    xFlashMutex                              0x20000024   Data           4  main.o(.data)
    SystemCoreClock                          0x20000028   Data           4  system_stm32f4xx.o(.data)
    AHBPrescTable                            0x2000002c   Data          16  system_stm32f4xx.o(.data)
    aRxBuffer                                0x20000048   Data           1  usart.o(.data)
    USART_RX_STA                             0x2000004a   Data           2  usart.o(.data)
    __stdout                                 0x2000004c   Data           4  usart.o(.data)
    POINT_COLOR                              0x20000054   Data           4  lcd.o(.data)
    BACK_COLOR                               0x20000058   Data           4  lcd.o(.data)
    ltdc_framebuf                            0x2000005c   Data           8  ltdc.o(.data)
    W25QXX_TYPE                              0x20000064   Data           2  w25qxx.o(.data)
    pxCurrentTCB                             0x20000068   Data           4  tasks.o(.data)
    PADDING                                  0x20000114   Data          64  md5.o(.data)
    g_ota_request                            0x20000154   Data           1  network_app .o(.data)
    g_mqtt_connected                         0x20000155   Data           1  network_app .o(.data)
    con_status                               0x20000156   Data           1  network_app .o(.data)
    flash_ready                              0x2000015c   Data           1  store_flash.o(.data)
    flash_read_index                         0x20000160   Data           4  store_flash.o(.data)
    flash_write_index                        0x20000164   Data           4  store_flash.o(.data)
    flash_valid_count                        0x20000168   Data           4  store_flash.o(.data)
    wd_started                               0x2000016c   Data           1  wdog.o(.data)
    wd_expected_mask                         0x20000170   Data           4  wdog.o(.data)
    wd_heartbeat_mask                        0x20000174   Data           4  wdog.o(.data)
    g_ap_sample_period_ms                    0x20000178   Data           4  sensor_app .o(.data)
    xAP3216CQueue                            0x2000017c   Data           4  sensor_app .o(.data)
    xAP3216CQueueForMQTT                     0x20000180   Data           4  sensor_app .o(.data)
    xDHT11Queue                              0x20000184   Data           4  sensor_app .o(.data)
    __microlib_freelist                      0x20000188   Data           4  mvars.o(.data)
    __microlib_freelist_initialised          0x2000018c   Data           4  mvars.o(.data)
    htim2                                    0x20000194   Data          60  main.o(.bss)
    pFlash                                   0x200001d0   Data          32  stm32f4xx_hal_flash.o(.bss)
    USART_RX_BUF                             0x200001f0   Data         200  usart.o(.bss)
    UART1_Handler                            0x200002b8   Data          64  usart.o(.bss)
    SRAM_Handler                             0x200002f8   Data          80  lcd.o(.bss)
    lcddev                                   0x20000348   Data          14  lcd.o(.bss)
    SDRAM_Handler                            0x20000358   Data          52  sdram.o(.bss)
    LTDC_Handler                             0x2000038c   Data         168  ltdc.o(.bss)
    lcdltdc                                  0x20000434   Data          32  ltdc.o(.bss)
    W25QXX_BUFFER                            0x20000454   Data        4096  w25qxx.o(.bss)
    SPI5_Handler                             0x20001454   Data          88  spi.o(.bss)
    xQueueRegistry                           0x200014ac   Data          64  queue.o(.bss)
    g_uart_handle                            0x2000d7fc   Data          64  atk_mw8266d_uart.o(.bss)
    ip_buf                                   0x2000f16c   Data          16  network_app .o(.bss)
    hiwdg                                    0x2000f17c   Data          16  wdog.o(.bss)
    __heap_base                              0x2000f190   Data           0  startup_stm32f429xx.o(HEAP)
    __heap_limit                             0x2000f390   Data           0  startup_stm32f429xx.o(HEAP)
    __initial_sp                             0x2000f790   Data           0  startup_stm32f429xx.o(STACK)
    ltdc_lcd_framebuf                        0xc0000000   Data       2048000  ltdc.o(.ARM.__AT_0xC0000000)



==============================================================================

Memory Map of the image

  Image Entry point : 0x080201ad

  Load Region LR_IROM1 (Base: 0x08020000, Size: 0x00015e60, Max: 0x00080000, ABSOLUTE, COMPRESSED[0x00015d10])

    Execution Region ER_IROM1 (Exec base: 0x08020000, Load base: 0x08020000, Size: 0x00015ccc, Max: 0x00080000, ABSOLUTE)

    Exec Addr    Load Addr    Size         Type   Attr      Idx    E Section Name        Object

    0x08020000   0x08020000   0x000001ac   Data   RO          629    RESET               startup_stm32f429xx.o
    0x080201ac   0x080201ac   0x00000000   Code   RO         8220  * .ARM.Collect$$$$00000000  mc_w.l(entry.o)
    0x080201ac   0x080201ac   0x00000004   Code   RO         8560    .ARM.Collect$$$$00000001  mc_w.l(entry2.o)
    0x080201b0   0x080201b0   0x00000004   Code   RO         8563    .ARM.Collect$$$$00000004  mc_w.l(entry5.o)
    0x080201b4   0x080201b4   0x00000000   Code   RO         8565    .ARM.Collect$$$$00000008  mc_w.l(entry7b.o)
    0x080201b4   0x080201b4   0x00000000   Code   RO         8567    .ARM.Collect$$$$0000000A  mc_w.l(entry8b.o)
    0x080201b4   0x080201b4   0x00000008   Code   RO         8568    .ARM.Collect$$$$0000000B  mc_w.l(entry9a.o)
    0x080201bc   0x080201bc   0x00000004   Code   RO         8575    .ARM.Collect$$$$0000000E  mc_w.l(entry12b.o)
    0x080201c0   0x080201c0   0x00000000   Code   RO         8570    .ARM.Collect$$$$0000000F  mc_w.l(entry10a.o)
    0x080201c0   0x080201c0   0x00000000   Code   RO         8572    .ARM.Collect$$$$00000011  mc_w.l(entry11a.o)
    0x080201c0   0x080201c0   0x00000004   Code   RO         8561    .ARM.Collect$$$$00002712  mc_w.l(entry2.o)
    0x080201c4   0x080201c4   0x000000b6   Code   RO         6261    .emb_text           port.o
    0x0802027a   0x0802027a   0x00000002   PAD
    0x0802027c   0x0802027c   0x00000024   Code   RO          630    .text               startup_stm32f429xx.o
    0x080202a0   0x080202a0   0x0000000c   Code   RO         8223    .text               mc_w.l(tolower.o)
    0x080202ac   0x080202ac   0x00000024   Code   RO         8225    .text               mc_w.l(memcpya.o)
    0x080202d0   0x080202d0   0x00000024   Code   RO         8227    .text               mc_w.l(memseta.o)
    0x080202f4   0x080202f4   0x00000024   Code   RO         8229    .text               mc_w.l(strstr.o)
    0x08020318   0x08020318   0x00000018   Code   RO         8231    .text               mc_w.l(strncpy.o)
    0x08020330   0x08020330   0x0000000e   Code   RO         8233    .text               mc_w.l(strlen.o)
    0x0802033e   0x0802033e   0x0000001c   Code   RO         8235    .text               mc_w.l(strcmp.o)
    0x0802035a   0x0802035a   0x0000001a   Code   RO         8237    .text               mc_w.l(memcmp.o)
    0x08020374   0x08020374   0x00000012   Code   RO         8239    .text               mc_w.l(strcpy.o)
    0x08020386   0x08020386   0x0000001e   Code   RO         8241    .text               mc_w.l(strncmp.o)
    0x080203a4   0x080203a4   0x00000038   Code   RO         8534    .text               mc_w.l(__0sscanf.o)
    0x080203dc   0x080203dc   0x00000360   Code   RO         8536    .text               mc_w.l(scanf_fp.o)
    0x0802073c   0x0802073c   0x0000001a   Code   RO         8540    .text               mc_w.l(atoi.o)
    0x08020756   0x08020756   0x0000014e   Code   RO         8542    .text               mf_w.l(dadd.o)
    0x080208a4   0x080208a4   0x000000e4   Code   RO         8544    .text               mf_w.l(dmul.o)
    0x08020988   0x08020988   0x0000001a   Code   RO         8548    .text               mf_w.l(dfltui.o)
    0x080209a2   0x080209a2   0x0000003e   Code   RO         8550    .text               mf_w.l(dfixi.o)
    0x080209e0   0x080209e0   0x00000032   Code   RO         8552    .text               mf_w.l(dfixui.o)
    0x08020a12   0x08020a12   0x00000002   PAD
    0x08020a14   0x08020a14   0x00000030   Code   RO         8556    .text               mf_w.l(cdcmple.o)
    0x08020a44   0x08020a44   0x00000030   Code   RO         8558    .text               mf_w.l(cdrcmple.o)
    0x08020a74   0x08020a74   0x0000002c   Code   RO         8576    .text               mc_w.l(uidiv.o)
    0x08020aa0   0x08020aa0   0x00000062   Code   RO         8578    .text               mc_w.l(uldiv.o)
    0x08020b02   0x08020b02   0x0000001e   Code   RO         8580    .text               mc_w.l(llshl.o)
    0x08020b20   0x08020b20   0x00000020   Code   RO         8582    .text               mc_w.l(llushr.o)
    0x08020b40   0x08020b40   0x00000024   Code   RO         8584    .text               mc_w.l(llsshr.o)
    0x08020b64   0x08020b64   0x00000028   Code   RO         8595    .text               mc_w.l(scanf_char.o)
    0x08020b8c   0x08020b8c   0x00000040   Code   RO         8597    .text               mc_w.l(_sgetc.o)
    0x08020bcc   0x08020bcc   0x0000009c   Code   RO         8599    .text               mc_w.l(strtod.o)
    0x08020c68   0x08020c68   0x00000070   Code   RO         8601    .text               mc_w.l(strtol.o)
    0x08020cd8   0x08020cd8   0x00000000   Code   RO         8603    .text               mc_w.l(iusefp.o)
    0x08020cd8   0x08020cd8   0x000000ba   Code   RO         8604    .text               mf_w.l(depilogue.o)
    0x08020d92   0x08020d92   0x000000de   Code   RO         8606    .text               mf_w.l(ddiv.o)
    0x08020e70   0x08020e70   0x00000018   Code   RO         8608    .text               mf_w.l(dfltul.o)
    0x08020e88   0x08020e88   0x00000030   Code   RO         8610    .text               mf_w.l(dfixul.o)
    0x08020eb8   0x08020eb8   0x00000038   Code   RO         8612    .text               mf_w.l(d2f.o)
    0x08020ef0   0x08020ef0   0x00000024   Code   RO         8614    .text               mc_w.l(init.o)
    0x08020f14   0x08020f14   0x00000008   Code   RO         8618    .text               mc_w.l(ctype_o.o)
    0x08020f1c   0x08020f1c   0x00000012   Code   RO         8640    .text               mc_w.l(isspace_o.o)
    0x08020f2e   0x08020f2e   0x00000002   PAD
    0x08020f30   0x08020f30   0x00000330   Code   RO         8646    .text               mc_w.l(_scanf.o)
    0x08021260   0x08021260   0x0000009e   Code   RO         8648    .text               mc_w.l(_strtoul.o)
    0x080212fe   0x080212fe   0x0000006e   Code   RO         8650    .text               mf_w.l(fepilogue.o)
    0x0802136c   0x0802136c   0x0000001c   Code   RO         8655    .text               mc_w.l(_chval.o)
    0x08021388   0x08021388   0x0000003a   Code   RO         8665    .text               mc_w.l(__dczerorl.o)
    0x080213c2   0x080213c2   0x0000002e   Code   RO         5040    i.AP3216C_Init      ap3216c.o
    0x080213f0   0x080213f0   0x00000062   Code   RO         5041    i.AP3216C_ReadData  ap3216c.o
    0x08021452   0x08021452   0x0000003a   Code   RO         5042    i.AP3216C_ReadOneByte  ap3216c.o
    0x0802148c   0x0802148c   0x0000003c   Code   RO         5043    i.AP3216C_WriteOneByte  ap3216c.o
    0x080214c8   0x080214c8   0x00000002   Code   RO          434    i.BusFault_Handler  stm32f4xx_it.o
    0x080214ca   0x080214ca   0x00000002   PAD
    0x080214cc   0x080214cc   0x00000068   Code   RO            4    i.ConfigureTimeForRunTimeStats  main.o
    0x08021534   0x08021534   0x00000002   Code   RO          435    i.DebugMon_Handler  stm32f4xx_it.o
    0x08021536   0x08021536   0x00000056   Code   RO         7625    i.EraseRange        flash.o
    0x0802158c   0x0802158c   0x00000060   Code   RO         4056    i.FLASH_Erase_Sector  stm32f4xx_hal_flash_ex.o
    0x080215ec   0x080215ec   0x00000054   Code   RO         4057    i.FLASH_FlushCaches  stm32f4xx_hal_flash_ex.o
    0x08021640   0x08021640   0x0000003c   Code   RO         4058    i.FLASH_MassErase   stm32f4xx_hal_flash_ex.o
    0x0802167c   0x0802167c   0x00000020   Code   RO         4156    i.FLASH_Program_Byte  stm32f4xx_hal_flash.o
    0x0802169c   0x0802169c   0x00000028   Code   RO         4157    i.FLASH_Program_DoubleWord  stm32f4xx_hal_flash.o
    0x080216c4   0x080216c4   0x00000024   Code   RO         4158    i.FLASH_Program_HalfWord  stm32f4xx_hal_flash.o
    0x080216e8   0x080216e8   0x00000024   Code   RO         4159    i.FLASH_Program_Word  stm32f4xx_hal_flash.o
    0x0802170c   0x0802170c   0x00000088   Code   RO         4160    i.FLASH_SetErrorCode  stm32f4xx_hal_flash.o
    0x08021794   0x08021794   0x00000058   Code   RO         4161    i.FLASH_WaitForLastOperation  stm32f4xx_hal_flash.o
    0x080217ec   0x080217ec   0x00000040   Code   RO         2774    i.FMC_NORSRAM_Extended_Timing_Init  stm32f4xx_ll_fmc.o
    0x0802182c   0x0802182c   0x00000078   Code   RO         2775    i.FMC_NORSRAM_Init  stm32f4xx_ll_fmc.o
    0x080218a4   0x080218a4   0x0000005c   Code   RO         2776    i.FMC_NORSRAM_Timing_Init  stm32f4xx_ll_fmc.o
    0x08021900   0x08021900   0x0000004c   Code   RO         2786    i.FMC_SDRAM_Init    stm32f4xx_ll_fmc.o
    0x0802194c   0x0802194c   0x0000000c   Code   RO         2787    i.FMC_SDRAM_ProgramRefreshRate  stm32f4xx_ll_fmc.o
    0x08021958   0x08021958   0x00000048   Code   RO         2788    i.FMC_SDRAM_SendCommand  stm32f4xx_ll_fmc.o
    0x080219a0   0x080219a0   0x0000007c   Code   RO         2790    i.FMC_SDRAM_Timing_Init  stm32f4xx_ll_fmc.o
    0x08021a1c   0x08021a1c   0x00000144   Code   RO         7626    i.GetSector         flash.o
    0x08021b60   0x08021b60   0x0000000c   Code   RO            5    i.GetTimerCounterValue  main.o
    0x08021b6c   0x08021b6c   0x0000009c   Code   RO         4063    i.HAL_FLASHEx_Erase  stm32f4xx_hal_flash_ex.o
    0x08021c08   0x08021c08   0x00000014   Code   RO         4165    i.HAL_FLASH_Lock    stm32f4xx_hal_flash.o
    0x08021c1c   0x08021c1c   0x0000007c   Code   RO         4170    i.HAL_FLASH_Program  stm32f4xx_hal_flash.o
    0x08021c98   0x08021c98   0x00000028   Code   RO         4172    i.HAL_FLASH_Unlock  stm32f4xx_hal_flash.o
    0x08021cc0   0x08021cc0   0x000001dc   Code   RO          921    i.HAL_GPIO_Init     stm32f4xx_hal_gpio.o
    0x08021e9c   0x08021e9c   0x0000000a   Code   RO          923    i.HAL_GPIO_ReadPin  stm32f4xx_hal_gpio.o
    0x08021ea6   0x08021ea6   0x0000000a   Code   RO          925    i.HAL_GPIO_WritePin  stm32f4xx_hal_gpio.o
    0x08021eb0   0x08021eb0   0x0000000c   Code   RO          652    i.HAL_GetTick       stm32f4xx_hal.o
    0x08021ebc   0x08021ebc   0x0000004a   Code   RO         3931    i.HAL_IWDG_Init     stm32f4xx_hal_iwdg.o
    0x08021f06   0x08021f06   0x00000002   Code   RO         3932    i.HAL_IWDG_MspInit  stm32f4xx_hal_iwdg.o
    0x08021f08   0x08021f08   0x00000054   Code   RO         3933    i.HAL_IWDG_Refresh  stm32f4xx_hal_iwdg.o
    0x08021f5c   0x08021f5c   0x0000002a   Code   RO         3934    i.HAL_IWDG_Start    stm32f4xx_hal_iwdg.o
    0x08021f86   0x08021f86   0x00000002   PAD
    0x08021f88   0x08021f88   0x00000010   Code   RO          653    i.HAL_IncTick       stm32f4xx_hal.o
    0x08021f98   0x08021f98   0x00000034   Code   RO          654    i.HAL_Init          stm32f4xx_hal.o
    0x08021fcc   0x08021fcc   0x00000022   Code   RO          655    i.HAL_InitTick      stm32f4xx_hal.o
    0x08021fee   0x08021fee   0x00000052   Code   RO         3224    i.HAL_LTDC_ConfigLayer  stm32f4xx_hal_ltdc.o
    0x08022040   0x08022040   0x000000fc   Code   RO         3236    i.HAL_LTDC_Init     stm32f4xx_hal_ltdc.o
    0x0802213c   0x0802213c   0x000000f4   Code   RO         4759    i.HAL_LTDC_MspInit  ltdc.o
    0x08022230   0x08022230   0x00000054   Code   RO         3245    i.HAL_LTDC_SetWindowPosition  stm32f4xx_hal_ltdc.o
    0x08022284   0x08022284   0x00000054   Code   RO         3246    i.HAL_LTDC_SetWindowSize  stm32f4xx_hal_ltdc.o
    0x080222d8   0x080222d8   0x00000008   Code   RO          657    i.HAL_MspInit       stm32f4xx_hal.o
    0x080222e0   0x080222e0   0x00000016   Code   RO          798    i.HAL_NVIC_EnableIRQ  stm32f4xx_hal_cortex.o
    0x080222f6   0x080222f6   0x00000002   PAD
    0x080222f8   0x080222f8   0x00000040   Code   RO          804    i.HAL_NVIC_SetPriority  stm32f4xx_hal_cortex.o
    0x08022338   0x08022338   0x00000024   Code   RO          805    i.HAL_NVIC_SetPriorityGrouping  stm32f4xx_hal_cortex.o
    0x0802235c   0x0802235c   0x00000088   Code   RO         1110    i.HAL_PWREx_EnableOverDrive  stm32f4xx_hal_pwr_ex.o
    0x080223e4   0x080223e4   0x000002a8   Code   RO         1282    i.HAL_RCCEx_PeriphCLKConfig  stm32f4xx_hal_rcc_ex.o
    0x0802268c   0x0802268c   0x00000208   Code   RO         1177    i.HAL_RCC_ClockConfig  stm32f4xx_hal_rcc.o
    0x08022894   0x08022894   0x00000034   Code   RO         1182    i.HAL_RCC_GetHCLKFreq  stm32f4xx_hal_rcc.o
    0x080228c8   0x080228c8   0x0000002c   Code   RO         1184    i.HAL_RCC_GetPCLK1Freq  stm32f4xx_hal_rcc.o
    0x080228f4   0x080228f4   0x0000002c   Code   RO         1185    i.HAL_RCC_GetPCLK2Freq  stm32f4xx_hal_rcc.o
    0x08022920   0x08022920   0x00000074   Code   RO         1186    i.HAL_RCC_GetSysClockFreq  stm32f4xx_hal_rcc.o
    0x08022994   0x08022994   0x0000031c   Code   RO         1189    i.HAL_RCC_OscConfig  stm32f4xx_hal_rcc.o
    0x08022cb0   0x08022cb0   0x00000042   Code   RO         3072    i.HAL_SDRAM_Init    stm32f4xx_hal_sdram.o
    0x08022cf2   0x08022cf2   0x00000002   PAD
    0x08022cf4   0x08022cf4   0x000000dc   Code   RO         4701    i.HAL_SDRAM_MspInit  sdram.o
    0x08022dd0   0x08022dd0   0x00000022   Code   RO         3075    i.HAL_SDRAM_ProgramRefreshRate  stm32f4xx_hal_sdram.o
    0x08022df2   0x08022df2   0x0000002e   Code   RO         3081    i.HAL_SDRAM_SendCommand  stm32f4xx_hal_sdram.o
    0x08022e20   0x08022e20   0x00000084   Code   RO         3564    i.HAL_SPI_Init      stm32f4xx_hal_spi.o
    0x08022ea4   0x08022ea4   0x00000054   Code   RO         5199    i.HAL_SPI_MspInit   spi.o
    0x08022ef8   0x08022ef8   0x000002aa   Code   RO         3573    i.HAL_SPI_TransmitReceive  stm32f4xx_hal_spi.o
    0x080231a2   0x080231a2   0x00000056   Code   RO         2950    i.HAL_SRAM_Init     stm32f4xx_hal_sram.o
    0x080231f8   0x080231f8   0x00000078   Code   RO         4480    i.HAL_SRAM_MspInit  lcd.o
    0x08023270   0x08023270   0x00000018   Code   RO          807    i.HAL_SYSTICK_CLKSourceConfig  stm32f4xx_hal_cortex.o
    0x08023288   0x08023288   0x00000028   Code   RO          809    i.HAL_SYSTICK_Config  stm32f4xx_hal_cortex.o
    0x080232b0   0x080232b0   0x00000050   Code   RO         2544    i.HAL_TIMEx_MasterConfigSynchronization  stm32f4xx_hal_tim_ex.o
    0x08023300   0x08023300   0x00000036   Code   RO         1898    i.HAL_TIM_Base_Init  stm32f4xx_hal_tim.o
    0x08023336   0x08023336   0x00000002   Code   RO         1900    i.HAL_TIM_Base_MspInit  stm32f4xx_hal_tim.o
    0x08023338   0x08023338   0x0000001a   Code   RO         1901    i.HAL_TIM_Base_Start  stm32f4xx_hal_tim.o
    0x08023352   0x08023352   0x000000f0   Code   RO         1907    i.HAL_TIM_ConfigClockSource  stm32f4xx_hal_tim.o
    0x08023442   0x08023442   0x00000002   Code   RO         1329    i.HAL_UART_ErrorCallback  stm32f4xx_hal_uart.o
    0x08023444   0x08023444   0x00000006   Code   RO         1331    i.HAL_UART_GetState  stm32f4xx_hal_uart.o
    0x0802344a   0x0802344a   0x000000f4   Code   RO         1332    i.HAL_UART_IRQHandler  stm32f4xx_hal_uart.o
    0x0802353e   0x0802353e   0x0000005e   Code   RO         1333    i.HAL_UART_Init     stm32f4xx_hal_uart.o
    0x0802359c   0x0802359c   0x0000010c   Code   RO         4355    i.HAL_UART_MspInit  usart.o
    0x080236a8   0x080236a8   0x00000068   Code   RO         1338    i.HAL_UART_Receive_IT  stm32f4xx_hal_uart.o
    0x08023710   0x08023710   0x00000058   Code   RO         4356    i.HAL_UART_RxCpltCallback  usart.o
    0x08023768   0x08023768   0x000000c8   Code   RO         1341    i.HAL_UART_Transmit  stm32f4xx_hal_uart.o
    0x08023830   0x08023830   0x00000002   Code   RO         1344    i.HAL_UART_TxCpltCallback  stm32f4xx_hal_uart.o
    0x08023832   0x08023832   0x00000002   Code   RO          436    i.HardFault_Handler  stm32f4xx_it.o
    0x08023834   0x08023834   0x00000040   Code   RO         4873    i.IIC_Ack           myiic.o
    0x08023874   0x08023874   0x00000048   Code   RO         4874    i.IIC_Init          myiic.o
    0x080238bc   0x080238bc   0x00000040   Code   RO         4875    i.IIC_NAck          myiic.o
    0x080238fc   0x080238fc   0x00000068   Code   RO         4876    i.IIC_Read_Byte     myiic.o
    0x08023964   0x08023964   0x00000060   Code   RO         4877    i.IIC_Send_Byte     myiic.o
    0x080239c4   0x080239c4   0x00000040   Code   RO         4878    i.IIC_Start         myiic.o
    0x08023a04   0x08023a04   0x00000040   Code   RO         4879    i.IIC_Stop          myiic.o
    0x08023a44   0x08023a44   0x00000054   Code   RO         4880    i.IIC_Wait_Ack      myiic.o
    0x08023a98   0x08023a98   0x00000080   Code   RO         4449    i.KEY_Init          key.o
    0x08023b18   0x08023b18   0x000000d8   Code   RO         4450    i.KEY_Scan          key.o
    0x08023bf0   0x08023bf0   0x00000048   Code   RO         4482    i.LCD_Clear         lcd.o
    0x08023c38   0x08023c38   0x00000108   Code   RO         4486    i.LCD_Display_Dir   lcd.o
    0x08023d40   0x08023d40   0x000000e4   Code   RO         4491    i.LCD_Fast_DrawPoint  lcd.o
    0x08023e24   0x08023e24   0x00000060   Code   RO         4492    i.LCD_Fill          lcd.o
    0x08023e84   0x08023e84   0x00002b1c   Code   RO         4493    i.LCD_Init          lcd.o
    0x080269a0   0x080269a0   0x00000010   Code   RO         4494    i.LCD_Pow           lcd.o
    0x080269b0   0x080269b0   0x00000014   Code   RO         4495    i.LCD_RD_DATA       lcd.o
    0x080269c4   0x080269c4   0x00000050   Code   RO         4498    i.LCD_SSD_BackLightSet  lcd.o
    0x08026a14   0x08026a14   0x000001a4   Code   RO         4499    i.LCD_Scan_Dir      lcd.o
    0x08026bb8   0x08026bb8   0x000000f0   Code   RO         4500    i.LCD_SetCursor     lcd.o
    0x08026ca8   0x08026ca8   0x000000dc   Code   RO         4502    i.LCD_ShowChar      lcd.o
    0x08026d84   0x08026d84   0x00000076   Code   RO         4503    i.LCD_ShowNum       lcd.o
    0x08026dfa   0x08026dfa   0x00000054   Code   RO         4504    i.LCD_ShowString    lcd.o
    0x08026e4e   0x08026e4e   0x00000002   PAD
    0x08026e50   0x08026e50   0x00000018   Code   RO         4506    i.LCD_WR_DATA       lcd.o
    0x08026e68   0x08026e68   0x00000018   Code   RO         4507    i.LCD_WR_REG        lcd.o
    0x08026e80   0x08026e80   0x00000014   Code   RO         4509    i.LCD_WriteRAM_Prepare  lcd.o
    0x08026e94   0x08026e94   0x00000010   Code   RO         4510    i.LCD_WriteReg      lcd.o
    0x08026ea4   0x08026ea4   0x0000004c   Code   RO         4425    i.LED_Init          led.o
    0x08026ef0   0x08026ef0   0x00000020   Code   RO         4760    i.LTDC_Clear        ltdc.o
    0x08026f10   0x08026f10   0x0000001e   Code   RO         4761    i.LTDC_Clk_Set      ltdc.o
    0x08026f2e   0x08026f2e   0x00000002   PAD
    0x08026f30   0x08026f30   0x00000028   Code   RO         4763    i.LTDC_Display_Dir  ltdc.o
    0x08026f58   0x08026f58   0x0000003c   Code   RO         4764    i.LTDC_Draw_Point   ltdc.o
    0x08026f94   0x08026f94   0x000000b4   Code   RO         4765    i.LTDC_Fill         ltdc.o
    0x08027048   0x08027048   0x00000208   Code   RO         4766    i.LTDC_Init         ltdc.o
    0x08027250   0x08027250   0x0000005c   Code   RO         4767    i.LTDC_Layer_Parameter_Config  ltdc.o
    0x080272ac   0x080272ac   0x00000024   Code   RO         4769    i.LTDC_Layer_Window_Config  ltdc.o
    0x080272d0   0x080272d0   0x000000b8   Code   RO         4770    i.LTDC_PanelID_Read  ltdc.o
    0x08027388   0x08027388   0x00000162   Code   RO         3247    i.LTDC_SetConfig    stm32f4xx_hal_ltdc.o
    0x080274ea   0x080274ea   0x00000026   Code   RO         7876    i.MD5Decode         md5.o
    0x08027510   0x08027510   0x00000032   Code   RO         7877    i.MD5Encode         md5.o
    0x08027542   0x08027542   0x00000002   PAD
    0x08027544   0x08027544   0x0000004c   Code   RO         7878    i.MD5Final          md5.o
    0x08027590   0x08027590   0x00000024   Code   RO         7879    i.MD5Init           md5.o
    0x080275b4   0x080275b4   0x000006b4   Code   RO         7880    i.MD5Transform      md5.o
    0x08027c68   0x08027c68   0x00000076   Code   RO         7881    i.MD5Update         md5.o
    0x08027cde   0x08027cde   0x0000005c   Code   RO         7195    i.MQTTDeserialize_connack  mqttconnectclient.o
    0x08027d3a   0x08027d3a   0x0000008c   Code   RO         7262    i.MQTTDeserialize_publish  mqttdeserializepublish.o
    0x08027dc6   0x08027dc6   0x0000007c   Code   RO         7487    i.MQTTDeserialize_suback  mqttsubscribeclient.o
    0x08027e42   0x08027e42   0x00000036   Code   RO         7337    i.MQTTPacket_decode  mqttpacket.o
    0x08027e78   0x08027e78   0x00000014   Code   RO         7338    i.MQTTPacket_decodeBuf  mqttpacket.o
    0x08027e8c   0x08027e8c   0x00000028   Code   RO         7339    i.MQTTPacket_encode  mqttpacket.o
    0x08027eb4   0x08027eb4   0x00000028   Code   RO         7341    i.MQTTPacket_len    mqttpacket.o
    0x08027edc   0x08027edc   0x0000004e   Code   RO         7342    i.MQTTPacket_read   mqttpacket.o
    0x08027f2a   0x08027f2a   0x00000048   Code   RO         7445    i.MQTTSerialize_ack  mqttserializepublish.o
    0x08027f72   0x08027f72   0x00000002   PAD
    0x08027f74   0x08027f74   0x00000118   Code   RO         7196    i.MQTTSerialize_connect  mqttconnectclient.o
    0x0802808c   0x0802808c   0x00000076   Code   RO         7197    i.MQTTSerialize_connectLength  mqttconnectclient.o
    0x08028102   0x08028102   0x00000006   Code   RO         7198    i.MQTTSerialize_disconnect  mqttconnectclient.o
    0x08028108   0x08028108   0x00000006   Code   RO         7199    i.MQTTSerialize_pingreq  mqttconnectclient.o
    0x0802810e   0x0802810e   0x00000086   Code   RO         7448    i.MQTTSerialize_publish  mqttserializepublish.o
    0x08028194   0x08028194   0x0000001e   Code   RO         7449    i.MQTTSerialize_publishLength  mqttserializepublish.o
    0x080281b2   0x080281b2   0x0000008c   Code   RO         7488    i.MQTTSerialize_subscribe  mqttsubscribeclient.o
    0x0802823e   0x0802823e   0x0000002c   Code   RO         7489    i.MQTTSerialize_subscribeLength  mqttsubscribeclient.o
    0x0802826a   0x0802826a   0x00000032   Code   RO         7200    i.MQTTSerialize_zero  mqttconnectclient.o
    0x0802829c   0x0802829c   0x0000000e   Code   RO         7344    i.MQTTstrlen        mqttpacket.o
    0x080282aa   0x080282aa   0x00000002   Code   RO          437    i.MemManage_Handler  stm32f4xx_it.o
    0x080282ac   0x080282ac   0x00000002   Code   RO          438    i.NMI_Handler       stm32f4xx_it.o
    0x080282ae   0x080282ae   0x00000020   Code   RO          811    i.NVIC_SetPriority  stm32f4xx_hal_cortex.o
    0x080282ce   0x080282ce   0x00000006   Code   RO         7630    i.OTA_GetDownloadMaxSize  flash.o
    0x080282d4   0x080282d4   0x00000018   Code   RO         7631    i.OTA_PrepareDownloadArea  flash.o
    0x080282ec   0x080282ec   0x00000104   Code   RO         7716    i.OTA_ProcessUpgrade  ota.o
    0x080283f0   0x080283f0   0x00000020   Code   RO         7633    i.OTA_ReadDownloadData  flash.o
    0x08028410   0x08028410   0x00000080   Code   RO         7634    i.OTA_SetPendingImage  flash.o
    0x08028490   0x08028490   0x00000024   Code   RO         7717    i.OTA_SetTaskId     ota.o
    0x080284b4   0x080284b4   0x00000068   Code   RO         7635    i.OTA_WriteDownloadChunk  flash.o
    0x0802851c   0x0802851c   0x0000005c   Code   RO         4939    i.PCF8574_Init      pcf8574.o
    0x08028578   0x08028578   0x00000018   Code   RO         4940    i.PCF8574_ReadBit   pcf8574.o
    0x08028590   0x08028590   0x00000020   Code   RO         4941    i.PCF8574_ReadOneByte  pcf8574.o
    0x080285b0   0x080285b0   0x00000020   Code   RO         4942    i.PCF8574_WriteBit  pcf8574.o
    0x080285d0   0x080285d0   0x0000002a   Code   RO         4943    i.PCF8574_WriteOneByte  pcf8574.o
    0x080285fa   0x080285fa   0x00000002   Code   RO            6    i.PostSleepProcessing  main.o
    0x080285fc   0x080285fc   0x00000018   Code   RO            7    i.PreSleepProcessing  main.o
    0x08028614   0x08028614   0x00000060   Code   RO         4702    i.SDRAM_Init        sdram.o
    0x08028674   0x08028674   0x00000050   Code   RO         4703    i.SDRAM_Initialization_Sequence  sdram.o
    0x080286c4   0x080286c4   0x00000034   Code   RO         4704    i.SDRAM_Send_Cmd    sdram.o
    0x080286f8   0x080286f8   0x00000050   Code   RO         5200    i.SPI5_Init         spi.o
    0x08028748   0x08028748   0x00000020   Code   RO         5201    i.SPI5_ReadWriteByte  spi.o
    0x08028768   0x08028768   0x00000034   Code   RO         5202    i.SPI5_SetSpeed     spi.o
    0x0802879c   0x0802879c   0x0000009e   Code   RO         3595    i.SPI_WaitOnFlagUntilTimeout  stm32f4xx_hal_spi.o
    0x0802883a   0x0802883a   0x00000002   PAD
    0x0802883c   0x0802883c   0x00000084   Code   RO         4328    i.Stm32_Clock_Init  sys.o
    0x080288c0   0x080288c0   0x00000016   Code   RO         4274    i.SysTick_Handler   delay.o
    0x080288d6   0x080288d6   0x00000002   PAD
    0x080288d8   0x080288d8   0x00000054   Code   RO          495    i.SystemInit        system_stm32f4xx.o
    0x0802892c   0x0802892c   0x000000c0   Code   RO         1982    i.TIM_Base_SetConfig  stm32f4xx_hal_tim.o
    0x080289ec   0x080289ec   0x00000014   Code   RO         1989    i.TIM_ETR_SetConfig  stm32f4xx_hal_tim.o
    0x08028a00   0x08028a00   0x00000010   Code   RO         1990    i.TIM_ITRx_SetConfig  stm32f4xx_hal_tim.o
    0x08028a10   0x08028a10   0x00000022   Code   RO         1996    i.TIM_TI1_ConfigInputStage  stm32f4xx_hal_tim.o
    0x08028a32   0x08028a32   0x00000024   Code   RO         1998    i.TIM_TI2_ConfigInputStage  stm32f4xx_hal_tim.o
    0x08028a56   0x08028a56   0x000000a6   Code   RO         1351    i.UART_Receive_IT   stm32f4xx_hal_uart.o
    0x08028afc   0x08028afc   0x00000174   Code   RO         1352    i.UART_SetConfig    stm32f4xx_hal_uart.o
    0x08028c70   0x08028c70   0x00000066   Code   RO         1353    i.UART_Transmit_IT  stm32f4xx_hal_uart.o
    0x08028cd6   0x08028cd6   0x00000092   Code   RO         1354    i.UART_WaitOnFlagUntilTimeout  stm32f4xx_hal_uart.o
    0x08028d68   0x08028d68   0x00000044   Code   RO         4357    i.USART1_IRQHandler  usart.o
    0x08028dac   0x08028dac   0x000000c0   Code   RO         6509    i.USART2_IRQHandler  atk_mw8266d_uart.o
    0x08028e6c   0x08028e6c   0x00000002   Code   RO          439    i.UsageFault_Handler  stm32f4xx_it.o
    0x08028e6e   0x08028e6e   0x00000002   PAD
    0x08028e70   0x08028e70   0x00000058   Code   RO         5083    i.W25QXX_Erase_Sector  w25qxx.o
    0x08028ec8   0x08028ec8   0x0000007c   Code   RO         5084    i.W25QXX_Init       w25qxx.o
    0x08028f44   0x08028f44   0x00000068   Code   RO         5086    i.W25QXX_Read       w25qxx.o
    0x08028fac   0x08028fac   0x00000044   Code   RO         5087    i.W25QXX_ReadID     w25qxx.o
    0x08028ff0   0x08028ff0   0x00000038   Code   RO         5088    i.W25QXX_ReadSR     w25qxx.o
    0x08029028   0x08029028   0x0000000e   Code   RO         5090    i.W25QXX_Wait_Busy  w25qxx.o
    0x08029036   0x08029036   0x00000002   PAD
    0x08029038   0x08029038   0x0000009c   Code   RO         5091    i.W25QXX_Write      w25qxx.o
    0x080290d4   0x080290d4   0x00000020   Code   RO         5093    i.W25QXX_Write_Enable  w25qxx.o
    0x080290f4   0x080290f4   0x0000003e   Code   RO         5094    i.W25QXX_Write_NoCheck  w25qxx.o
    0x08029132   0x08029132   0x00000002   PAD
    0x08029134   0x08029134   0x0000006c   Code   RO         5095    i.W25QXX_Write_Page  w25qxx.o
    0x080291a0   0x080291a0   0x0000003e   Code   RO         7636    i.WriteFlashWords   flash.o
    0x080291de   0x080291de   0x00000002   PAD
    0x080291e0   0x080291e0   0x00000020   Code   RO         8478    i.__0printf         mc_w.l(printfa.o)
    0x08029200   0x08029200   0x00000034   Code   RO         8479    i.__0snprintf       mc_w.l(printfa.o)
    0x08029234   0x08029234   0x00000028   Code   RO         8480    i.__0sprintf        mc_w.l(printfa.o)
    0x0802925c   0x0802925c   0x00000024   Code   RO         8484    i.__0vsprintf       mc_w.l(printfa.o)
    0x08029280   0x08029280   0x00000008   Code   RO         8588    i.__aeabi_errno_addr  mc_w.l(errno.o)
    0x08029288   0x08029288   0x0000005c   Code   RO         8510    i.__free$realloc    mc_w.l(mallocr.o)
    0x080292e4   0x080292e4   0x00000014   Code   RO         8208    i.__hardfp_fabs     m_wm.l(fabs.o)
    0x080292f8   0x080292f8   0x00000028   Code   RO         8214    i.__hardfp_strtod   m_wm.l(strtod.o)
    0x08029320   0x08029320   0x00000050   Code   RO         8511    i.__malloc$realloc  mc_w.l(mallocr.o)
    0x08029370   0x08029370   0x0000000e   Code   RO         8659    i.__scatterload_copy  mc_w.l(handlers.o)
    0x0802937e   0x0802937e   0x00000002   Code   RO         8660    i.__scatterload_null  mc_w.l(handlers.o)
    0x08029380   0x08029380   0x0000000e   Code   RO         8661    i.__scatterload_zeroinit  mc_w.l(handlers.o)
    0x0802938e   0x0802938e   0x00000002   PAD
    0x08029390   0x08029390   0x00000184   Code   RO         8485    i._fp_digits        mc_w.l(printfa.o)
    0x08029514   0x08029514   0x0000000e   Code   RO         8538    i._is_digit         mc_w.l(scanf_fp.o)
    0x08029522   0x08029522   0x00000002   PAD
    0x08029524   0x08029524   0x000006b4   Code   RO         8486    i._printf_core      mc_w.l(printfa.o)
    0x08029bd8   0x08029bd8   0x00000024   Code   RO         8487    i._printf_post_padding  mc_w.l(printfa.o)
    0x08029bfc   0x08029bfc   0x0000002e   Code   RO         8488    i._printf_pre_padding  mc_w.l(printfa.o)
    0x08029c2a   0x08029c2a   0x00000016   Code   RO         8489    i._snputc           mc_w.l(printfa.o)
    0x08029c40   0x08029c40   0x0000000a   Code   RO         8490    i._sputc            mc_w.l(printfa.o)
    0x08029c4a   0x08029c4a   0x0000002a   Code   RO         6574    i.add_item_to_array  cjson.o
    0x08029c74   0x08029c74   0x0000005a   Code   RO         6575    i.add_item_to_object  cjson.o
    0x08029cce   0x08029cce   0x00000002   PAD
    0x08029cd0   0x08029cd0   0x000000ac   Code   RO         8129    i.ap3216c_task      sensor_app .o
    0x08029d7c   0x08029d7c   0x0000002c   Code   RO         6356    i.atk_mw8266d_at_test  atk_mw8266d.o
    0x08029da8   0x08029da8   0x0000003c   Code   RO         6357    i.atk_mw8266d_ate_config  atk_mw8266d.o
    0x08029de4   0x08029de4   0x0000004c   Code   RO         6359    i.atk_mw8266d_connect_tcp_server  atk_mw8266d.o
    0x08029e30   0x08029e30   0x0000004c   Code   RO         6361    i.atk_mw8266d_enter_unvarnished  atk_mw8266d.o
    0x08029e7c   0x08029e7c   0x00000038   Code   RO         6362    i.atk_mw8266d_exit_unvarnished  atk_mw8266d.o
    0x08029eb4   0x08029eb4   0x00000054   Code   RO         6363    i.atk_mw8266d_get_ip  atk_mw8266d.o
    0x08029f08   0x08029f08   0x00000034   Code   RO         6364    i.atk_mw8266d_hw_reset  atk_mw8266d.o
    0x08029f3c   0x08029f3c   0x000000c4   Code   RO         6365    i.atk_mw8266d_init  atk_mw8266d.o
    0x0802a000   0x0802a000   0x00000048   Code   RO         6366    i.atk_mw8266d_join_ap  atk_mw8266d.o
    0x0802a048   0x0802a048   0x0000002c   Code   RO         6374    i.atk_mw8266d_restore  atk_mw8266d.o
    0x0802a074   0x0802a074   0x00000048   Code   RO         6375    i.atk_mw8266d_send_at_cmd  atk_mw8266d.o
    0x0802a0bc   0x0802a0bc   0x0000005c   Code   RO         6376    i.atk_mw8266d_set_mode  atk_mw8266d.o
    0x0802a118   0x0802a118   0x0000002c   Code   RO         6377    i.atk_mw8266d_sw_reset  atk_mw8266d.o
    0x0802a144   0x0802a144   0x0000003c   Code   RO         6510    i.atk_mw8266d_uart_init  atk_mw8266d_uart.o
    0x0802a180   0x0802a180   0x00000030   Code   RO         6511    i.atk_mw8266d_uart_printf  atk_mw8266d_uart.o
    0x0802a1b0   0x0802a1b0   0x00000020   Code   RO         6512    i.atk_mw8266d_uart_rx_get_frame  atk_mw8266d_uart.o
    0x0802a1d0   0x0802a1d0   0x00000018   Code   RO         6513    i.atk_mw8266d_uart_rx_get_frame_len  atk_mw8266d_uart.o
    0x0802a1e8   0x0802a1e8   0x00000014   Code   RO         6514    i.atk_mw8266d_uart_rx_restart  atk_mw8266d_uart.o
    0x0802a1fc   0x0802a1fc   0x0000003a   Code   RO         7718    i.b64_index         ota.o
    0x0802a236   0x0802a236   0x000000fc   Code   RO         7719    i.base64_decode_bytes  ota.o
    0x0802a332   0x0802a332   0x00000002   PAD
    0x0802a334   0x0802a334   0x000000dc   Code   RO         7720    i.base64_encode_bytes  ota.o
    0x0802a410   0x0802a410   0x00000020   Code   RO         7345    i.bufchar           mqttpacket.o
    0x0802a430   0x0802a430   0x00000030   Code   RO         6576    i.buffer_skip_whitespace  cjson.o
    0x0802a460   0x0802a460   0x00000014   Code   RO         6583    i.cJSON_AddItemToObject  cjson.o
    0x0802a474   0x0802a474   0x00000030   Code   RO         6586    i.cJSON_AddNumberToObject  cjson.o
    0x0802a4a4   0x0802a4a4   0x00000030   Code   RO         6589    i.cJSON_AddStringToObject  cjson.o
    0x0802a4d4   0x0802a4d4   0x00000078   Code   RO         6600    i.cJSON_CreateNumber  cjson.o
    0x0802a54c   0x0802a54c   0x00000018   Code   RO         6601    i.cJSON_CreateObject  cjson.o
    0x0802a564   0x0802a564   0x00000030   Code   RO         6604    i.cJSON_CreateString  cjson.o
    0x0802a594   0x0802a594   0x00000048   Code   RO         6608    i.cJSON_Delete      cjson.o
    0x0802a5dc   0x0802a5dc   0x00000006   Code   RO         6622    i.cJSON_GetObjectItemCaseSensitive  cjson.o
    0x0802a5e2   0x0802a5e2   0x00000002   PAD
    0x0802a5e4   0x0802a5e4   0x00000048   Code   RO         6625    i.cJSON_InitHooks   cjson.o
    0x0802a62c   0x0802a62c   0x0000000e   Code   RO         6628    i.cJSON_IsBool      cjson.o
    0x0802a63a   0x0802a63a   0x00000012   Code   RO         6632    i.cJSON_IsNumber    cjson.o
    0x0802a64c   0x0802a64c   0x00000012   Code   RO         6633    i.cJSON_IsObject    cjson.o
    0x0802a65e   0x0802a65e   0x00000012   Code   RO         6635    i.cJSON_IsString    cjson.o
    0x0802a670   0x0802a670   0x00000012   Code   RO         6636    i.cJSON_IsTrue      cjson.o
    0x0802a682   0x0802a682   0x00000016   Code   RO         6638    i.cJSON_New_Item    cjson.o
    0x0802a698   0x0802a698   0x00000008   Code   RO         6639    i.cJSON_Parse       cjson.o
    0x0802a6a0   0x0802a6a0   0x000000dc   Code   RO         6641    i.cJSON_ParseWithLengthOpts  cjson.o
    0x0802a77c   0x0802a77c   0x00000022   Code   RO         6642    i.cJSON_ParseWithOpts  cjson.o
    0x0802a79e   0x0802a79e   0x00000002   PAD
    0x0802a7a0   0x0802a7a0   0x00000048   Code   RO         6645    i.cJSON_PrintPreallocated  cjson.o
    0x0802a7e8   0x0802a7e8   0x00000028   Code   RO         6656    i.cJSON_strdup      cjson.o
    0x0802a810   0x0802a810   0x000000b8   Code   RO         6657    i.compare_double    cjson.o
    0x0802a8c8   0x0802a8c8   0x000004b8   Code   RO         8167    i.data_process_mqtt_msg  protocol_onenet.o
    0x0802ad80   0x0802ad80   0x00000038   Code   RO         4275    i.delay_init        delay.o
    0x0802adb8   0x0802adb8   0x00000038   Code   RO         4276    i.delay_ms          delay.o
    0x0802adf0   0x0802adf0   0x00000034   Code   RO         4277    i.delay_us          delay.o
    0x0802ae24   0x0802ae24   0x0000001a   Code   RO         4278    i.delay_xms         delay.o
    0x0802ae3e   0x0802ae3e   0x00000012   Code   RO         8130    i.dht11_task        sensor_app .o
    0x0802ae50   0x0802ae50   0x00000030   Code   RO         5681    i.eTaskConfirmSleepModeStatus  tasks.o
    0x0802ae80   0x0802ae80   0x0000008a   Code   RO         6659    i.ensure            cjson.o
    0x0802af0a   0x0802af0a   0x00000002   PAD
    0x0802af0c   0x0802af0c   0x000000c0   Code   RO         8011    i.flash_store_format  store_flash.o
    0x0802afcc   0x0802afcc   0x00000098   Code   RO         8012    i.flash_store_init  store_flash.o
    0x0802b064   0x0802b064   0x00000038   Code   RO         8013    i.flash_store_mark_sent  store_flash.o
    0x0802b09c   0x0802b09c   0x0000003c   Code   RO         8014    i.flash_store_mark_sent_locked  store_flash.o
    0x0802b0d8   0x0802b0d8   0x00000090   Code   RO         8015    i.flash_store_peek  store_flash.o
    0x0802b168   0x0802b168   0x00000054   Code   RO         8016    i.flash_store_peek_locked  store_flash.o
    0x0802b1bc   0x0802b1bc   0x000000f4   Code   RO         8017    i.flash_store_push  store_flash.o
    0x0802b2b0   0x0802b2b0   0x00000044   Code   RO         8018    i.flash_store_push_locked  store_flash.o
    0x0802b2f4   0x0802b2f4   0x000000c0   Code   RO         8019    i.flash_store_rescan  store_flash.o
    0x0802b3b4   0x0802b3b4   0x00000014   Code   RO         4359    i.fputc             usart.o
    0x0802b3c8   0x0802b3c8   0x0000007a   Code   RO         6661    i.get_object_item   cjson.o
    0x0802b442   0x0802b442   0x000000bc   Code   RO         7721    i.hmac_sha1         ota.o
    0x0802b4fe   0x0802b4fe   0x00000002   PAD
    0x0802b500   0x0802b500   0x0000017c   Code   RO            8    i.init_task         main.o
    0x0802b67c   0x0802b67c   0x00000050   Code   RO         8512    i.internal_alloc    mc_w.l(mallocr.o)
    0x0802b6cc   0x0802b6cc   0x000000d4   Code   RO         8168    i.json_to_switch_state  protocol_onenet.o
    0x0802b7a0   0x0802b7a0   0x0000006c   Code   RO         8169    i.json_to_u32_ms    protocol_onenet.o
    0x0802b80c   0x0802b80c   0x000000b0   Code   RO            9    i.lcd_task          main.o
    0x0802b8bc   0x0802b8bc   0x00000088   Code   RO           10    i.main              main.o
    0x0802b944   0x0802b944   0x000000a8   Code   RO         7924    i.net_cache_offline_data  network_app .o
    0x0802b9ec   0x0802b9ec   0x00000068   Code   RO         7925    i.net_ctx_init      network_app .o
    0x0802ba54   0x0802ba54   0x000000bc   Code   RO         7926    i.net_handle_key    network_app .o
    0x0802bb10   0x0802bb10   0x000000e0   Code   RO         7927    i.net_keepalive_step  network_app .o
    0x0802bbf0   0x0802bbf0   0x00000148   Code   RO         7928    i.net_publish_flash_backlog  network_app .o
    0x0802bd38   0x0802bd38   0x00000208   Code   RO         7929    i.net_publish_realtime_data  network_app .o
    0x0802bf40   0x0802bf40   0x000001b4   Code   RO         7930    i.net_receive_mqtt_packets  network_app .o
    0x0802c0f4   0x0802c0f4   0x0000014c   Code   RO         7931    i.net_task          network_app .o
    0x0802c240   0x0802c240   0x00000360   Code   RO         7932    i.net_try_connect   network_app .o
    0x0802c5a0   0x0802c5a0   0x00000218   Code   RO         7722    i.ota_build_auth_header  ota.o
    0x0802c7b8   0x0802c7b8   0x00000298   Code   RO         7723    i.ota_check_task_ready  ota.o
    0x0802ca50   0x0802ca50   0x000004a4   Code   RO         7724    i.ota_check_upgrade  ota.o
    0x0802cef4   0x0802cef4   0x000004b4   Code   RO         7725    i.ota_download_and_verify  ota.o
    0x0802d3a8   0x0802d3a8   0x0000002a   Code   RO         7726    i.ota_hex_to_nibble  ota.o
    0x0802d3d2   0x0802d3d2   0x00000042   Code   RO         7727    i.ota_http_body     ota.o
    0x0802d414   0x0802d414   0x00000120   Code   RO         7728    i.ota_http_request  ota.o
    0x0802d534   0x0802d534   0x00000062   Code   RO         7729    i.ota_http_status_code  ota.o
    0x0802d596   0x0802d596   0x00000002   PAD
    0x0802d598   0x0802d598   0x0000005c   Code   RO         7730    i.ota_json_copy_tid  ota.o
    0x0802d5f4   0x0802d5f4   0x00000064   Code   RO         7731    i.ota_json_get_code  ota.o
    0x0802d658   0x0802d658   0x0000007c   Code   RO         7732    i.ota_json_is_success  ota.o
    0x0802d6d4   0x0802d6d4   0x0000024c   Code   RO         7733    i.ota_report_result  ota.o
    0x0802d920   0x0802d920   0x000002ec   Code   RO         7734    i.ota_report_version  ota.o
    0x0802dc0c   0x0802dc0c   0x000000ac   Code   RO         7735    i.ota_try_sync_unix_base_from_text  ota.o
    0x0802dcb8   0x0802dcb8   0x000000d0   Code   RO         6663    i.parse_array       cjson.o
    0x0802dd88   0x0802dd88   0x00000040   Code   RO         6664    i.parse_hex4        cjson.o
    0x0802ddc8   0x0802ddc8   0x00000100   Code   RO         6665    i.parse_number      cjson.o
    0x0802dec8   0x0802dec8   0x0000010a   Code   RO         6666    i.parse_object      cjson.o
    0x0802dfd2   0x0802dfd2   0x00000126   Code   RO         6667    i.parse_string      cjson.o
    0x0802e0f8   0x0802e0f8   0x000000fc   Code   RO         6668    i.parse_value       cjson.o
    0x0802e1f4   0x0802e1f4   0x00000096   Code   RO         6670    i.print_array       cjson.o
    0x0802e28a   0x0802e28a   0x00000002   PAD
    0x0802e28c   0x0802e28c   0x00000108   Code   RO         6671    i.print_number      cjson.o
    0x0802e394   0x0802e394   0x00000136   Code   RO         6672    i.print_object      cjson.o
    0x0802e4ca   0x0802e4ca   0x00000002   PAD
    0x0802e4cc   0x0802e4cc   0x00000110   Code   RO         6673    i.print_string_ptr  cjson.o
    0x0802e5dc   0x0802e5dc   0x000000d0   Code   RO         6674    i.print_value       cjson.o
    0x0802e6ac   0x0802e6ac   0x00000070   Code   RO         5684    i.prvAddCurrentTaskToDelayedList  tasks.o
    0x0802e71c   0x0802e71c   0x000000d0   Code   RO         5685    i.prvAddNewTaskToReadyList  tasks.o
    0x0802e7ec   0x0802e7ec   0x00000050   Code   RO         6068    i.prvCheckForValidListAndQueue  timers.o
    0x0802e83c   0x0802e83c   0x00000054   Code   RO         5686    i.prvCheckTasksWaitingTermination  tasks.o
    0x0802e890   0x0802e890   0x00000026   Code   RO         5453    i.prvCopyDataFromQueue  queue.o
    0x0802e8b6   0x0802e8b6   0x0000006c   Code   RO         5454    i.prvCopyDataToQueue  queue.o
    0x0802e922   0x0802e922   0x00000014   Code   RO         5687    i.prvDeleteTCB      tasks.o
    0x0802e936   0x0802e936   0x00000002   PAD
    0x0802e938   0x0802e938   0x00000034   Code   RO         5688    i.prvGetExpectedIdleTime  tasks.o
    0x0802e96c   0x0802e96c   0x0000004c   Code   RO         6200    i.prvHeapInit       heap_4.o
    0x0802e9b8   0x0802e9b8   0x00000084   Code   RO         5689    i.prvIdleTask       tasks.o
    0x0802ea3c   0x0802ea3c   0x000000c0   Code   RO         5690    i.prvInitialiseNewTask  tasks.o
    0x0802eafc   0x0802eafc   0x0000004c   Code   RO         6201    i.prvInsertBlockIntoFreeList  heap_4.o
    0x0802eb48   0x0802eb48   0x00000038   Code   RO         6069    i.prvInsertTimerInActiveList  timers.o
    0x0802eb80   0x0802eb80   0x0000001a   Code   RO         5455    i.prvIsQueueEmpty   queue.o
    0x0802eb9a   0x0802eb9a   0x00000002   PAD
    0x0802eb9c   0x0802eb9c   0x00000090   Code   RO         5456    i.prvNotifyQueueSetContainer  queue.o
    0x0802ec2c   0x0802ec2c   0x00000060   Code   RO         6070    i.prvProcessExpiredTimer  timers.o
    0x0802ec8c   0x0802ec8c   0x000000f0   Code   RO         6071    i.prvProcessReceivedCommands  timers.o
    0x0802ed7c   0x0802ed7c   0x0000006c   Code   RO         6072    i.prvProcessTimerOrBlockTask  timers.o
    0x0802ede8   0x0802ede8   0x00000020   Code   RO         5692    i.prvResetNextTaskUnblockTime  tasks.o
    0x0802ee08   0x0802ee08   0x00000028   Code   RO         6073    i.prvSampleTimeNow  timers.o
    0x0802ee30   0x0802ee30   0x0000006c   Code   RO         6074    i.prvSwitchTimerLists  timers.o
    0x0802ee9c   0x0802ee9c   0x00000064   Code   RO         6262    i.prvTaskExitError  port.o
    0x0802ef00   0x0802ef00   0x00000028   Code   RO         6075    i.prvTimerTask      timers.o
    0x0802ef28   0x0802ef28   0x00000078   Code   RO         5457    i.prvUnlockQueue    queue.o
    0x0802efa0   0x0802efa0   0x00000114   Code   RO         6202    i.pvPortMalloc      heap_4.o
    0x0802f0b4   0x0802f0b4   0x00000018   Code   RO         5695    i.pvTaskIncrementMutexHeldCount  tasks.o
    0x0802f0cc   0x0802f0cc   0x0000002c   Code   RO         6263    i.pxPortInitialiseStack  port.o
    0x0802f0f8   0x0802f0f8   0x0000000c   Code   RO         7347    i.readChar          mqttpacket.o
    0x0802f104   0x0802f104   0x00000012   Code   RO         7348    i.readInt           mqttpacket.o
    0x0802f116   0x0802f116   0x00000034   Code   RO         7349    i.readMQTTLenString  mqttpacket.o
    0x0802f14a   0x0802f14a   0x00000002   PAD
    0x0802f14c   0x0802f14c   0x0000006c   Code   RO         8513    i.realloc           mc_w.l(mallocr.o)
    0x0802f1b8   0x0802f1b8   0x000000b4   Code   RO         7736    i.sha1_final        ota.o
    0x0802f26c   0x0802f26c   0x00000030   Code   RO         7737    i.sha1_init         ota.o
    0x0802f29c   0x0802f29c   0x000000fc   Code   RO         7738    i.sha1_transform    ota.o
    0x0802f398   0x0802f398   0x00000048   Code   RO         7739    i.sha1_update       ota.o
    0x0802f3e0   0x0802f3e0   0x000001a0   Code   RO           12    i.start_task        main.o
    0x0802f580   0x0802f580   0x0000003c   Code   RO         7574    i.transport_close   transport.o
    0x0802f5bc   0x0802f5bc   0x000000bc   Code   RO         7575    i.transport_getdata  transport.o
    0x0802f678   0x0802f678   0x00000074   Code   RO         7576    i.transport_getdatanb  transport.o
    0x0802f6ec   0x0802f6ec   0x00000050   Code   RO         7577    i.transport_open    transport.o
    0x0802f73c   0x0802f73c   0x00000034   Code   RO         7578    i.transport_sendPacketBuffer  transport.o
    0x0802f770   0x0802f770   0x00000038   Code   RO         4360    i.uart_init         usart.o
    0x0802f7a8   0x0802f7a8   0x0000001c   Code   RO         6676    i.update_offset     cjson.o
    0x0802f7c4   0x0802f7c4   0x0000007c   Code   RO         7740    i.url_encode_ascii  ota.o
    0x0802f840   0x0802f840   0x000000d0   Code   RO         6677    i.utf16_literal_to_utf8  cjson.o
    0x0802f910   0x0802f910   0x00000024   Code   RO         5404    i.uxListRemove      list.o
    0x0802f934   0x0802f934   0x00000016   Code   RO         5405    i.vListInitialise   list.o
    0x0802f94a   0x0802f94a   0x00000006   Code   RO         5406    i.vListInitialiseItem  list.o
    0x0802f950   0x0802f950   0x00000030   Code   RO         5407    i.vListInsert       list.o
    0x0802f980   0x0802f980   0x00000018   Code   RO         5408    i.vListInsertEnd    list.o
    0x0802f998   0x0802f998   0x00000078   Code   RO         6265    i.vPortEnterCritical  port.o
    0x0802fa10   0x0802fa10   0x00000064   Code   RO         6266    i.vPortExitCritical  port.o
    0x0802fa74   0x0802fa74   0x0000009c   Code   RO         6203    i.vPortFree         heap_4.o
    0x0802fb10   0x0802fb10   0x00000044   Code   RO         6267    i.vPortSetupTimerInterrupt  port.o
    0x0802fb54   0x0802fb54   0x000000e8   Code   RO         6268    i.vPortSuppressTicksAndSleep  port.o
    0x0802fc3c   0x0802fc3c   0x0000008c   Code   RO         6269    i.vPortValidateInterruptPriority  port.o
    0x0802fcc8   0x0802fcc8   0x00000024   Code   RO         5463    i.vQueueAddToRegistry  queue.o
    0x0802fcec   0x0802fcec   0x00000044   Code   RO         5467    i.vQueueWaitForMessageRestricted  queue.o
    0x0802fd30   0x0802fd30   0x0000006c   Code   RO         5703    i.vTaskDelay        tasks.o
    0x0802fd9c   0x0802fd9c   0x000000cc   Code   RO         5705    i.vTaskDelete       tasks.o
    0x0802fe68   0x0802fe68   0x0000000c   Code   RO         5710    i.vTaskMissedYield  tasks.o
    0x0802fe74   0x0802fe74   0x00000054   Code   RO         5712    i.vTaskPlaceOnEventList  tasks.o
    0x0802fec8   0x0802fec8   0x0000005c   Code   RO         5713    i.vTaskPlaceOnEventListRestricted  tasks.o
    0x0802ff24   0x0802ff24   0x00000084   Code   RO         5715    i.vTaskPriorityInherit  tasks.o
    0x0802ffa8   0x0802ffa8   0x00000048   Code   RO         5719    i.vTaskSetTimeOutState  tasks.o
    0x0802fff0   0x0802fff0   0x00000098   Code   RO         5720    i.vTaskStartScheduler  tasks.o
    0x08030088   0x08030088   0x0000004c   Code   RO         5721    i.vTaskStepTick     tasks.o
    0x080300d4   0x080300d4   0x00000010   Code   RO         5723    i.vTaskSuspendAll   tasks.o
    0x080300e4   0x080300e4   0x00000094   Code   RO         5724    i.vTaskSwitchContext  tasks.o
    0x08030178   0x08030178   0x000000e4   Code   RO         8089    i.watchdog_task     wdog.o
    0x0803025c   0x0803025c   0x0000001c   Code   RO         8111    i.wd_heartbeat      wdog.o
    0x08030278   0x08030278   0x00000144   Code   RO         6378    i.wifi_net_init     atk_mw8266d.o
    0x080303bc   0x080303bc   0x00000028   Code   RO         7350    i.writeCString      mqttpacket.o
    0x080303e4   0x080303e4   0x0000000c   Code   RO         7351    i.writeChar         mqttpacket.o
    0x080303f0   0x080303f0   0x0000001e   Code   RO         7352    i.writeInt          mqttpacket.o
    0x0803040e   0x0803040e   0x00000036   Code   RO         7353    i.writeMQTTString   mqttpacket.o
    0x08030444   0x08030444   0x00000114   Code   RO         6270    i.xPortStartScheduler  port.o
    0x08030558   0x08030558   0x0000002c   Code   RO         6271    i.xPortSysTickHandler  port.o
    0x08030584   0x08030584   0x00000024   Code   RO         5470    i.xQueueCreateMutex  queue.o
    0x080305a8   0x080305a8   0x00000078   Code   RO         5472    i.xQueueGenericCreate  queue.o
    0x08030620   0x08030620   0x00000184   Code   RO         5473    i.xQueueGenericReceive  queue.o
    0x080307a4   0x080307a4   0x000000a8   Code   RO         5474    i.xQueueGenericReset  queue.o
    0x0803084c   0x0803084c   0x00000188   Code   RO         5475    i.xQueueGenericSend  queue.o
    0x080309d4   0x080309d4   0x000000e0   Code   RO         5476    i.xQueueGenericSendFromISR  queue.o
    0x08030ab4   0x08030ab4   0x00000088   Code   RO         5725    i.xTaskCheckForTimeOut  tasks.o
    0x08030b3c   0x08030b3c   0x00000056   Code   RO         5726    i.xTaskCreate       tasks.o
    0x08030b92   0x08030b92   0x00000002   PAD
    0x08030b94   0x08030b94   0x0000001c   Code   RO         5730    i.xTaskGetSchedulerState  tasks.o
    0x08030bb0   0x08030bb0   0x0000000c   Code   RO         5731    i.xTaskGetTickCount  tasks.o
    0x08030bbc   0x08030bbc   0x000000e8   Code   RO         5733    i.xTaskIncrementTick  tasks.o
    0x08030ca4   0x08030ca4   0x000000b4   Code   RO         5736    i.xTaskPriorityDisinherit  tasks.o
    0x08030d58   0x08030d58   0x0000009c   Code   RO         5737    i.xTaskRemoveFromEventList  tasks.o
    0x08030df4   0x08030df4   0x000000e4   Code   RO         5739    i.xTaskResumeAll    tasks.o
    0x08030ed8   0x08030ed8   0x00000074   Code   RO         6078    i.xTimerCreate      timers.o
    0x08030f4c   0x08030f4c   0x00000074   Code   RO         6079    i.xTimerCreateTimerTask  timers.o
    0x08030fc0   0x08030fc0   0x00000090   Code   RO         6080    i.xTimerGenericCommand  timers.o
    0x08031050   0x08031050   0x00000010   Data   RO         1190    .constdata          stm32f4xx_hal_rcc.o
    0x08031060   0x08031060   0x00004740   Data   RO         4513    .constdata          lcd.o
    0x080357a0   0x080357a0   0x00000052   Data   RO         7742    .constdata          ota.o
    0x080357f2   0x080357f2   0x00000002   PAD
    0x080357f4   0x080357f4   0x00000058   Data   RO         7934    .constdata          network_app .o
    0x0803584c   0x0803584c   0x00000081   Data   RO         8619    .constdata          mc_w.l(ctype_o.o)
    0x080358cd   0x080358cd   0x00000003   PAD
    0x080358d0   0x080358d0   0x00000004   Data   RO         8620    .constdata          mc_w.l(ctype_o.o)
    0x080358d4   0x080358d4   0x00000276   Data   RO         7743    .conststring        ota.o
    0x08035b4a   0x08035b4a   0x00000002   PAD
    0x08035b4c   0x08035b4c   0x000000cc   Data   RO         7935    .conststring        network_app .o
    0x08035c18   0x08035c18   0x00000092   Data   RO         8020    .conststring        store_flash.o
    0x08035caa   0x08035caa   0x00000002   PAD
    0x08035cac   0x08035cac   0x00000020   Data   RO         8657    Region$$Table       anon$$obj.o


    Execution Region RW_IRAM1 (Exec base: 0x20000000, Load base: 0x08035ccc, Size: 0x0000f790, Max: 0x00030000, ABSOLUTE, COMPRESSED[0x00000044])

    Exec Addr    Load Addr    Size         Type   Attr      Idx    E Section Name        Object

    0x20000000   COMPRESSED   0x00000028   Data   RW           14    .data               main.o
    0x20000028   COMPRESSED   0x00000014   Data   RW          496    .data               system_stm32f4xx.o
    0x2000003c   COMPRESSED   0x00000004   Data   RW          660    .data               stm32f4xx_hal.o
    0x20000040   COMPRESSED   0x00000008   Data   RW         4279    .data               delay.o
    0x20000048   COMPRESSED   0x00000004   Data   RW         4362    .data               usart.o
    0x2000004c   COMPRESSED   0x00000004   Data   RW         4363    .data               usart.o
    0x20000050   COMPRESSED   0x00000001   Data   RW         4451    .data               key.o
    0x20000051   COMPRESSED   0x00000003   PAD
    0x20000054   COMPRESSED   0x00000008   Data   RW         4514    .data               lcd.o
    0x2000005c   COMPRESSED   0x00000008   Data   RW         4777    .data               ltdc.o
    0x20000064   COMPRESSED   0x00000002   Data   RW         5098    .data               w25qxx.o
    0x20000066   COMPRESSED   0x00000002   PAD
    0x20000068   COMPRESSED   0x00000044   Data   RW         5742    .data               tasks.o
    0x200000ac   COMPRESSED   0x00000014   Data   RW         6088    .data               timers.o
    0x200000c0   COMPRESSED   0x00000018   Data   RW         6208    .data               heap_4.o
    0x200000d8   COMPRESSED   0x00000018   Data   RW         6272    .data               port.o
    0x200000f0   COMPRESSED   0x00000014   Data   RW         6679    .data               cjson.o
    0x20000104   COMPRESSED   0x00000004   Data   RW         7354    .data               mqttpacket.o
    0x20000108   COMPRESSED   0x00000004   Data   RW         7579    .data               transport.o
    0x2000010c   COMPRESSED   0x00000008   Data   RW         7744    .data               ota.o
    0x20000114   COMPRESSED   0x00000040   Data   RW         7882    .data               md5.o
    0x20000154   COMPRESSED   0x00000008   Data   RW         7936    .data               network_app .o
    0x2000015c   COMPRESSED   0x00000010   Data   RW         8021    .data               store_flash.o
    0x2000016c   COMPRESSED   0x0000000c   Data   RW         8091    .data               wdog.o
    0x20000178   COMPRESSED   0x0000000c   Data   RW         8131    .data               sensor_app .o
    0x20000184   COMPRESSED   0x00000004   Data   RW         8132    .data               sensor_app .o
    0x20000188   COMPRESSED   0x00000004   Data   RW         8586    .data               mc_w.l(mvars.o)
    0x2000018c   COMPRESSED   0x00000004   Data   RW         8587    .data               mc_w.l(mvars.o)
    0x20000190   COMPRESSED   0x00000004   Data   RW         8591    .data               mc_w.l(errno.o)
    0x20000194        -       0x0000003c   Zero   RW           13    .bss                main.o
    0x200001d0        -       0x00000020   Zero   RW         4173    .bss                stm32f4xx_hal_flash.o
    0x200001f0        -       0x00000108   Zero   RW         4361    .bss                usart.o
    0x200002f8        -       0x0000005e   Zero   RW         4512    .bss                lcd.o
    0x20000356   COMPRESSED   0x00000002   PAD
    0x20000358        -       0x00000034   Zero   RW         4705    .bss                sdram.o
    0x2000038c        -       0x000000c8   Zero   RW         4775    .bss                ltdc.o
    0x20000454        -       0x00001000   Zero   RW         5097    .bss                w25qxx.o
    0x20001454        -       0x00000058   Zero   RW         5203    .bss                spi.o
    0x200014ac        -       0x00000040   Zero   RW         5487    .bss                queue.o
    0x200014ec        -       0x000002e4   Zero   RW         5741    .bss                tasks.o
    0x200017d0        -       0x00000028   Zero   RW         6087    .bss                timers.o
    0x200017f8        -       0x0000b800   Zero   RW         6207    .bss                heap_4.o
    0x2000cff8        -       0x00000a44   Zero   RW         6515    .bss                atk_mw8266d_uart.o
    0x2000da3c        -       0x00001330   Zero   RW         7741    .bss                ota.o
    0x2000ed6c        -       0x00000410   Zero   RW         7933    .bss                network_app .o
    0x2000f17c        -       0x00000010   Zero   RW         8090    .bss                wdog.o
    0x2000f18c   COMPRESSED   0x00000004   PAD
    0x2000f190        -       0x00000200   Zero   RW          628    HEAP                startup_stm32f429xx.o
    0x2000f390        -       0x00000400   Zero   RW          627    STACK               startup_stm32f429xx.o



  Load Region LR$$.ARM.__AT_0xC0000000 (Base: 0xc0000000, Size: 0x00000000, Max: 0x001f4000, ABSOLUTE)

    Execution Region ER$$.ARM.__AT_0xC0000000 (Exec base: 0xc0000000, Load base: 0xc0000000, Size: 0x001f4000, Max: 0x001f4000, ABSOLUTE, UNINIT)

    Exec Addr    Load Addr    Size         Type   Attr      Idx    E Section Name        Object

    0xc0000000        -       0x001f4000   Zero   RW         4774    .ARM.__AT_0xC0000000  ltdc.o


==============================================================================

Image component sizes


      Code (inc. data)   RO Data    RW Data    ZI Data      Debug   Object Name

       262          0          0          0          0       3019   ap3216c.o
      1292        432          0          0          0       9832   atk_mw8266d.o
       376         46          0          0       2628       5195   atk_mw8266d_uart.o
      4344        226          0         20          0      40924   cjson.o
         0          0          0          0          0        540   croutine.o
       212         14          0          8          0       3033   delay.o
         0          0          0          0          0      11724   event_groups.o
       766        116          0          0          0       7005   flash.o
       584        138          0         24      47104       4031   heap_4.o
       344         34          0          1          0       1734   key.o
     13098        182      18240          8         94      21714   lcd.o
        76          8          0          0          0        843   led.o
       136          0          0          0          0       3102   list.o
      1418        118          0          8    2048200       9268   ltdc.o
      1250        362          0         40         60     481170   main.o
      2034        266          0         64          0       5530   md5.o
       552         18          0          0          0       5212   mqttconnectclient.o
       140          0          0          0          0       1466   mqttdeserializepublish.o
       496         20          0          4          0       9598   mqttpacket.o
       236          0          0          0          0       3166   mqttserializepublish.o
       308          0          0          0          0       3399   mqttsubscribeclient.o
       612         74          0          0          0       4866   myiic.o
      3164       1086        292          8       1040      12131   network_app .o
      7600       3000        712          8       4912      52480   ota.o
       222          8          0          0          0       3495   pcf8574.o
      1306        390          0         24          0      11818   port.o
      1528        416          0          0          0       5962   protocol_onenet.o
      1868        236          0          0         64      13853   queue.o
       448         46          0          0         52       3342   sdram.o
       190         36          0         16          0       2638   sensor_app .o
       248         28          0          0         88       2786   spi.o
        36          8        428          0       1536        816   startup_stm32f429xx.o
       122         16          0          4          0       4068   stm32f4xx_hal.o
       218         14          0          0          0      30829   stm32f4xx_hal_cortex.o
       552         66          0          0         32       6550   stm32f4xx_hal_flash.o
       396         24          0          0          0       4350   stm32f4xx_hal_flash_ex.o
       496         54          0          0          0       3263   stm32f4xx_hal_gpio.o
       202          0          0          0          0       3075   stm32f4xx_hal_iwdg.o
       856          4          0          0          0       4677   stm32f4xx_hal_ltdc.o
       136         14          0          0          0       1280   stm32f4xx_hal_pwr_ex.o
      1572         72         16          0          0       6267   stm32f4xx_hal_rcc.o
       680         36          0          0          0       1652   stm32f4xx_hal_rcc_ex.o
       146          0          0          0          0       2680   stm32f4xx_hal_sdram.o
       972          0          0          0          0       3725   stm32f4xx_hal_spi.o
        86          0          0          0          0       1196   stm32f4xx_hal_sram.o
       620         44          0          0          0       7337   stm32f4xx_hal_tim.o
        80          0          0          0          0       1268   stm32f4xx_hal_tim_ex.o
      1438          8          0          0          0       9411   stm32f4xx_hal_uart.o
        12          0          0          0          0       2601   stm32f4xx_it.o
       560         20          0          0          0       5888   stm32f4xx_ll_fmc.o
      1192        282        146         16          0       8565   store_flash.o
       132         10          0          0          0       1119   sys.o
        84         18          0         20          0       1001   system_stm32f4xx.o
      3058        766          0         68        740      31365   tasks.o
      1144        260          0         20         40       9782   timers.o
       496         52          0          4          0       4838   transport.o
       500         58          0          8        264       5325   usart.o
       812         66          0          2       4096       7489   w25qxx.o
       256         80          0         12         16       2223   wdog.o

    ----------------------------------------------------------------------
     62020       9272      19872        392    2110972     917516   Object Totals
         0          0         32          0          0          0   (incl. Generated)
        56          0          6          5          6          0   (incl. Padding)

    ----------------------------------------------------------------------

      Code (inc. data)   RO Data    RW Data    ZI Data      Debug   Library Member Name

        20          0          0          0          0        124   fabs.o
        40         10          0          0          0        128   strtod.o
        56          8          0          0          0         84   __0sscanf.o
        58          0          0          0          0          0   __dczerorl.o
        28          0          0          0          0         68   _chval.o
       816          6          0          0          0        112   _scanf.o
        64          0          0          0          0         84   _sgetc.o
       158          0          0          0          0         92   _strtoul.o
        26          0          0          0          0         80   atoi.o
         8          4        133          0          0         68   ctype_o.o
         0          0          0          0          0          0   entry.o
         0          0          0          0          0          0   entry10a.o
         0          0          0          0          0          0   entry11a.o
         4          0          0          0          0          0   entry12b.o
         8          4          0          0          0          0   entry2.o
         4          0          0          0          0          0   entry5.o
         0          0          0          0          0          0   entry7b.o
         0          0          0          0          0          0   entry8b.o
         8          4          0          0          0          0   entry9a.o
         8          4          0          4          0         68   errno.o
        30          0          0          0          0          0   handlers.o
        36          8          0          0          0         68   init.o
        18          0          0          0          0         76   isspace_o.o
         0          0          0          0          0          0   iusefp.o
        30          0          0          0          0         68   llshl.o
        36          0          0          0          0         68   llsshr.o
        32          0          0          0          0         68   llushr.o
       360         30          0          0          0        356   mallocr.o
        26          0          0          0          0         80   memcmp.o
        36          0          0          0          0         68   memcpya.o
        36          0          0          0          0        108   memseta.o
         0          0          0          8          0          0   mvars.o
      2378        106          0          0          0        852   printfa.o
        40          8          0          0          0         84   scanf_char.o
       878         12          0          0          0        216   scanf_fp.o
        28          0          0          0          0         76   strcmp.o
        18          0          0          0          0         68   strcpy.o
        14          0          0          0          0         68   strlen.o
        30          0          0          0          0         80   strncmp.o
        24          0          0          0          0         76   strncpy.o
        36          0          0          0          0         80   strstr.o
       156         12          0          0          0        120   strtod.o
       112          0          0          0          0         88   strtol.o
        12          0          0          0          0         68   tolower.o
        44          0          0          0          0         80   uidiv.o
        98          0          0          0          0         92   uldiv.o
        48          0          0          0          0         68   cdcmple.o
        48          0          0          0          0         68   cdrcmple.o
        56          0          0          0          0         88   d2f.o
       334          0          0          0          0        148   dadd.o
       222          0          0          0          0        100   ddiv.o
       186          0          0          0          0        176   depilogue.o
        62          0          0          0          0         80   dfixi.o
        50          0          0          0          0         76   dfixui.o
        48          0          0          0          0         68   dfixul.o
        26          0          0          0          0         76   dfltui.o
        24          0          0          0          0         76   dfltul.o
       228          0          0          0          0         96   dmul.o
       110          0          0          0          0        168   fepilogue.o

    ----------------------------------------------------------------------
      7264        216        136         12          0       5204   Library Totals
         8          0          3          0          0          0   (incl. Padding)

    ----------------------------------------------------------------------

      Code (inc. data)   RO Data    RW Data    ZI Data      Debug   Library Name

        60         10          0          0          0        252   m_wm.l
      5754        206        133         12          0       3664   mc_w.l
      1442          0          0          0          0       1288   mf_w.l

    ----------------------------------------------------------------------
      7264        216        136         12          0       5204   Library Totals

    ----------------------------------------------------------------------

==============================================================================


      Code (inc. data)   RO Data    RW Data    ZI Data      Debug   

     69284       9488      20008        404    2110972     881148   Grand Totals
     69284       9488      20008         68    2110972     881148   ELF Image Totals (compressed)
     69284       9488      20008         68          0          0   ROM Totals

==============================================================================

    Total RO  Size (Code + RO Data)                89292 (  87.20kB)
    Total RW  Size (RW Data + ZI Data)           2111376 (2061.89kB)
    Total ROM Size (Code + RO Data + RW Data)      89360 (  87.27kB)

==============================================================================

